******************************************************************************
             TMS320C2000 Linker PC v22.6.0                     
******************************************************************************
>> Linked Tue Mar  7 06:51:59 2023

OUTPUT FILE NAME:   <cla_ex1_asin.out>
ENTRY POINT SYMBOL: "code_start"  address: 00000000


MEMORY CONFIGURATION

         name            origin    length      used     unused   attr    fill
----------------------  --------  ---------  --------  --------  ----  --------
PAGE 0:
  BEGIN                 00000000   00000002  00000002  00000000  RWIX
  RAMM0                 00000123   000002dd  00000250  0000008d  RWIX
  RAMLS4_5              0000a000   00001000  000000cc  00000f34  RWIX
  RAMD0                 0000b000   00000800  00000800  00000000  RWIX
  RAMD1                 0000b800   00000800  000006be  00000142  RWIX
  RAMGS5                00011000   00001000  00000000  00001000  RWIX
  RESET                 003fffc0   00000002  00000000  00000002  RWIX

PAGE 1:
  BOOT_RSVD             00000002   00000121  00000000  00000121  RWIX
  RAMM1                 00000400   000003f8  000003f8  00000000  RWIX
  CLA1_MSGRAMLOW        00001480   00000080  00000004  0000007c  RWIX
  CLA1_MSGRAMHIGH       00001500   00000080  00000002  0000007e  RWIX
  EMIF2_CS2n            00002000   00001000  00000000  00001000  RWIX
  RAMLS0                00008000   00000800  00000180  00000680  RWIX
  RAMLS1                00008800   00000800  0000010d  000006f3  RWIX
  RAMLS2                00009000   00000800  00000080  00000780  RWIX
  RAMLS3                00009800   00000800  00000283  0000057d  RWIX
  RAMGS0                0000c000   00001000  00000000  00001000  RWIX
  RAMGS1                0000d000   00001000  00000000  00001000  RWIX
  RAMGS2                0000e000   00001000  00000000  00001000  RWIX
  RAMGS3                0000f000   00001000  00000000  00001000  RWIX
  RAMGS4                00010000   00001000  00000000  00001000  RWIX
  RAMGS6                00012000   00001000  00000000  00001000  RWIX
  RAMGS7                00013000   00001000  00000000  00001000  RWIX
  RAMGS8                00014000   00001000  00000000  00001000  RWIX
  RAMGS9                00015000   00001000  00000000  00001000  RWIX
  RAMGS10               00016000   00001000  00000000  00001000  RWIX
  RAMGS11               00017000   00001000  00000000  00001000  RWIX
  RAMGS12               00018000   00001000  00000000  00001000  RWIX
  RAMGS13               00019000   00001000  00000000  00001000  RWIX
  RAMGS14               0001a000   00001000  00000000  00001000  RWIX
  RAMGS15               0001b000   00000ff8  00000000  00000ff8  RWIX
  CANA_MSG_RAM          00049000   00000800  00000000  00000800  RWIX
  CANB_MSG_RAM          0004b000   00000800  00000000  00000800  RWIX
  EMIF1_CS2n            00100000   00200000  00000000  00200000  RWIX
  EMIF1_CS3n            00300000   00080000  00000000  00080000  RWIX
  EMIF1_CS4n            00380000   00060000  00000000  00060000  RWIX
  EMIF1_CS0n            80000000   10000000  00000000  10000000  RWIX
  EMIF2_CS0n            90000000   10000000  00000000  10000000  RWIX


SECTION ALLOCATION MAP

 output                                  attributes/
section   page    origin      length       input sections
--------  ----  ----------  ----------   ----------------
codestart 
*          0    00000000    00000002     
                  00000000    00000002     F2837xD_CodeStartBranch.obj (codestart)

.cinit     0    00000128    0000024c     
                  00000128    00000184     (.cinit.CLADataLS0.load) [load image]
                  000002ac    00000092     (.cinit..data.load) [load image, compression = lzss]
                  0000033e    00000006     (__TI_handler_table)
                  00000344    00000004     (.cinit..bss.load) [load image, compression = zero_init]
                  00000348    00000004     (.cinit..bss_cla.load) [load image, compression = zero_init]
                  0000034c    00000004     (.cinit..scratchpad.load) [load image, compression = zero_init]
                  00000350    00000004     (.cinit.Cla1ToCpuMsgRAM.load) [load image, compression = zero_init]
                  00000354    00000004     (.cinit.CpuToCla1MsgRAM.load) [load image, compression = zero_init]
                  00000358    0000001c     (__TI_cinit_table)

.reset     0    003fffc0    00000000     DSECT

.stack     1    00000400    000003f8     UNINITIALIZED
                  00000400    000003f8     --HOLE--

.bss       1    00009000    00000080     UNINITIALIZED
                  00009000    00000080     cla_ex1_asin.obj (.bss:y)

.init_array 
*          0    00000123    00000000     UNINITIALIZED

.const     1    00009800    000001f1     
                  00009800    000000c2     driverlib_eabi.lib : sysctl.obj (.const:.string)
                  000098c2    0000007e     board.obj (.const:.string)
                  00009940    00000060     driverlib_eabi.lib : memcfg.obj (.const:.string)
                  000099a0    0000003d     cla_ex1_asin.obj (.const:.string)
                  000099dd    00000001     --HOLE-- [fill = 0]
                  000099de    00000013     device.obj (.const:.string)

.data      1    000099f2    00000092     UNINITIALIZED
                  000099f2    00000080     cla_ex1_asin.obj (.data:asin_expected)
                  00009a72    00000006     device.obj (.data)
                  00009a78    00000006     rts2800_fpu32_eabi.lib : exit.c.obj (.data)
                  00009a7e    00000002                            : _lock.c.obj (.data:_lock)
                  00009a80    00000002                            : _lock.c.obj (.data:_unlock)
                  00009a82    00000002     cla_ex1_asin.obj (.data)

Cla1Prog   0    0000a000    000000cc     
                  0000a000    00000094     asin.obj (Cla1Prog:Cla1Task1)
                  0000a094    00000008     asin.obj (Cla1Prog:Cla1Task2)
                  0000a09c    00000008     asin.obj (Cla1Prog:Cla1Task3)
                  0000a0a4    00000008     asin.obj (Cla1Prog:Cla1Task4)
                  0000a0ac    00000008     asin.obj (Cla1Prog:Cla1Task5)
                  0000a0b4    00000008     asin.obj (Cla1Prog:Cla1Task6)
                  0000a0bc    00000008     asin.obj (Cla1Prog:Cla1Task7)
                  0000a0c4    00000008     asin.obj (Cla1Prog:Cla1Task8)

CLADataLS0 
*          1    00008000    00000180     UNINITIALIZED
                  00008000    00000180     cla_ex1_asin.obj (CLADataLS0)

Cla1ToCpuMsgRAM 
*          1    00001480    00000004     UNINITIALIZED
                  00001480    00000004     cla_ex1_asin.obj (Cla1ToCpuMsgRAM)

CpuToCla1MsgRAM 
*          1    00001500    00000002     UNINITIALIZED
                  00001500    00000002     cla_ex1_asin.obj (CpuToCla1MsgRAM)

.TI.ramfunc 
*          0    00000123    00000004     
                  00000123    00000004     driverlib_eabi.lib : sysctl.obj (.TI.ramfunc)

CLAscratch 
*          1    00008800    00000100     UNINITIALIZED
                  00008800    00000100     --HOLE--

.scratchpad 
*          1    00008900    0000000c     UNINITIALIZED
                  00008900    0000000c     asin.obj (.scratchpad:Cla1Prog:Cla1Task1)

.bss_cla   1    0000890c    00000001     UNINITIALIZED
                  0000890c    00000001     asin.obj (.bss_cla)

.text.1    0    0000b000    00000800     
                  0000b000    00000206     driverlib_eabi.lib : sysctl.obj (.text:SysCtl_setClock)
                  0000b206    00000161     board.obj (.text:MEMCFG_init)
                  0000b367    000000eb     device.obj (.text:Device_enableAllPeripherals)
                  0000b452    00000091     driverlib_eabi.lib : memcfg.obj (.text:MemCfg_getInitStatus)
                  0000b4e3    0000008b                        : memcfg.obj (.text:MemCfg_setProtection)
                  0000b56e    0000008a                        : sysctl.obj (.text:SysCtl_selectXTAL)
                  0000b5f8    00000088     rts2800_fpu32_eabi.lib : fs_div28.asm.obj (.text)
                  0000b680    0000007c     driverlib_eabi.lib : memcfg.obj (.text:MemCfg_initSections)
                  0000b6fc    00000068                        : sysctl.obj (.text:SysCtl_getDeviceParametric)
                  0000b764    00000062     board.obj (.text:myCLA0_init)
                  0000b7c6    00000037     driverlib_eabi.lib : interrupt.obj (.text:Interrupt_enable)
                  0000b7fd    00000003     board.obj (.text:CLA_init)

.text.2    0    0000b800    000006be     
                  0000b800    00000061     board.obj (.text:INTERRUPT_init)
                  0000b861    00000059     cla_ex1_asin.obj (.text:CLA_runTest)
                  0000b8ba    00000051     driverlib_eabi.lib : sysctl.obj (.text:SysCtl_getClock)
                  0000b90b    00000048                        : sysctl.obj (.text:SysCtl_selectOscSource)
                  0000b953    00000042     device.obj (.text:Device_init)
                  0000b995    0000003d     driverlib_eabi.lib : interrupt.obj (.text:Interrupt_initModule)
                  0000b9d2    00000037                        : memcfg.obj (.text:MemCfg_setLSRAMMasterSel)
                  0000ba09    00000031     device.obj (.text:Device_configureTMXAnalogTrim)
                  0000ba3a    0000002f     cla_ex1_asin.obj (.text:cla1Isr1)
                  0000ba69    0000002f     cla_ex1_asin.obj (.text:cla1Isr8)
                  0000ba98    0000002e     rts2800_fpu32_eabi.lib : copy_decompress_lzss.c.obj (.text:decompress:lzss)
                  0000bac6    0000002b                            : autoinit.c.obj (.text:__TI_auto_init_nobinit_nopinit)
                  0000baf1    00000029                            : exit.c.obj (.text)
                  0000bb1a    00000026     driverlib_eabi.lib : cla.obj (.text:CLA_setTriggerSource)
                  0000bb40    00000026                        : memcfg.obj (.text:MemCfg_setGSRAMMasterSel)
                  0000bb66    00000024     board.obj (.text:MemCfg_setCLAMemType)
                  0000bb8a    00000021     driverlib_eabi.lib : sysctl.obj (.text:CPUTimer_selectClockSource)
                  0000bbab    0000001f                        : sysctl.obj (.text:CPUTimer_getTimerOverflowStatus)
                  0000bbca    0000001e                        : interrupt.obj (.text:Interrupt_initVectorTable)
                  0000bbe8    0000001d     rts2800_fpu32_eabi.lib : memcpy.c.obj (.text)
                  0000bc05    0000001a     driverlib_eabi.lib : sysctl.obj (.text:CPUTimer_startTimer)
                  0000bc1f    0000001a                        : sysctl.obj (.text:SysCtl_getLowSpeedClock)
                  0000bc39    00000018     device.obj (.text:SysCtl_disablePeripheral)
                  0000bc51    00000017     driverlib_eabi.lib : sysctl.obj (.text:CPUTimer_isBaseValid)
                  0000bc68    00000017     device.obj (.text:SysCtl_enablePeripheral)
                  0000bc7f    00000017     rts2800_fpu32_eabi.lib : boot28.asm.obj (.text)
                  0000bc96    00000016     board.obj (.text:CLA_enableTasks)
                  0000bcac    00000016     cla_ex1_asin.obj (.text:CLA_forceTasks)
                  0000bcc2    00000016     board.obj (.text:CLA_mapTaskVector)
                  0000bcd8    00000015     board.obj (.text:CLA_enableIACK)
                  0000bced    00000014     driverlib_eabi.lib : sysctl.obj (.text:CPUTimer_stopTimer)
                  0000bd01    00000014     device.obj (.text:SysCtl_deviceCal)
                  0000bd15    00000012     driverlib_eabi.lib : sysctl.obj (.text:CPUTimer_clearOverflowFlag)
                  0000bd27    00000012                        : sysctl.obj (.text:CPUTimer_disableInterrupt)
                  0000bd39    00000011                        : sysctl.obj (.text:CPUTimer_setPeriod)
                  0000bd4a    0000000f     board.obj (.text:CLA_isBaseValid)
                  0000bd59    0000000f     cla_ex1_asin.obj (.text:CLA_isBaseValid)
                  0000bd68    0000000f     board.obj (.text:Interrupt_register)
                  0000bd77    0000000f     driverlib_eabi.lib : sysctl.obj (.text:SysCtl_pollCpuTimer)
                  0000bd86    0000000f     cla_ex1_asin.obj (.text:cla1Isr2)
                  0000bd95    0000000f     cla_ex1_asin.obj (.text:cla1Isr3)
                  0000bda4    0000000f     cla_ex1_asin.obj (.text:cla1Isr4)
                  0000bdb3    0000000f     cla_ex1_asin.obj (.text:cla1Isr5)
                  0000bdc2    0000000f     cla_ex1_asin.obj (.text:cla1Isr6)
                  0000bdd1    0000000f     cla_ex1_asin.obj (.text:cla1Isr7)
                  0000bde0    0000000e     driverlib_eabi.lib : interrupt.obj (.text:Interrupt_defaultHandler)
                  0000bdee    0000000e     cla_ex1_asin.obj (.text:main)
                  0000bdfc    0000000d     driverlib_eabi.lib : interrupt.obj (.text:Interrupt_disableMaster)
                  0000be09    0000000d                        : interrupt.obj (.text:Interrupt_enableMaster)
                  0000be16    0000000d     device.obj (.text:SysCtl_setLowSpeedClock)
                  0000be23    0000000d     rts2800_fpu32_eabi.lib : copy_zero_init.c.obj (.text:decompress:ZI:__TI_zero_init_nomemset)
                  0000be30    0000000c                            : args_main.c.obj (.text)
                  0000be3c    0000000b     board.obj (.text:Board_init)
                  0000be47    0000000b     board.obj (.text:MemCfg_disableCorrErrorInterrupt)
                  0000be52    0000000b     driverlib_eabi.lib : sysctl.obj (.text:SysCtl_isMCDClockFailureDetected)
                  0000be5d    00000009     board.obj (.text:MemCfg_disableROMPrefetch)
                  0000be66    00000009     board.obj (.text:MemCfg_enableROMWaitState)
                  0000be6f    00000009     board.obj (.text:MemCfg_setCorrErrorThreshold)
                  0000be78    00000009     driverlib_eabi.lib : sysctl.obj (.text:SysCtl_serviceWatchdog)
                  0000be81    00000009     rts2800_fpu32_eabi.lib : _lock.c.obj (.text)
                  0000be8a    00000008     F2837xD_CodeStartBranch.obj (.text)
                  0000be92    00000008     device.obj (.text:SysCtl_disableWatchdog)
                  0000be9a    00000008     rts2800_fpu32_eabi.lib : copy_decompress_none.c.obj (.text:decompress:none)
                  0000bea2    00000007     driverlib_eabi.lib : sysctl.obj (.text:SysCtl_resetMCD)
                  0000bea9    00000007     device.obj (.text:__error__)
                  0000beb0    00000006     cla_ex1_asin.obj (.text:Interrupt_clearACKGroup)
                  0000beb6    00000002     driverlib_eabi.lib : interrupt.obj (.text:Interrupt_illegalOperationHandler)
                  0000beb8    00000002                        : interrupt.obj (.text:Interrupt_nmiHandler)
                  0000beba    00000002     rts2800_fpu32_eabi.lib : pre_init.c.obj (.text)
                  0000bebc    00000001     board.obj (.text:PinMux_init)
                  0000bebd    00000001     rts2800_fpu32_eabi.lib : startup.c.obj (.text)

MODULE SUMMARY

       Module                        code   ro data   rw data
       ------                        ----   -------   -------
    .\
       cla_ex1_asin.obj              330    61        648    
       asin.obj                      204    0         13     
    +--+-----------------------------+------+---------+---------+
       Total:                        534    61        661    
                                                             
    .\device\
       device.obj                    445    19        6      
       F2837xD_CodeStartBranch.obj   10     0         0      
    +--+-----------------------------+------+---------+---------+
       Total:                        455    19        6      
                                                             
    .\syscfg\
       board.obj                     732    126       0      
    +--+-----------------------------+------+---------+---------+
       Total:                        732    126       0      
                                                             
    C:\ti\C2000Ware_4_02_00_00\driverlib\f2837xd\driverlib\ccs\Debug\driverlib_eabi.lib
       sysctl.obj                    1171   194       0      
       memcfg.obj                    501    96        0      
       interrupt.obj                 190    0         0      
       cla.obj                       38     0         0      
    +--+-----------------------------+------+---------+---------+
       Total:                        1900   290       0      
                                                             
    C:\ti\ccs1200\ccs\tools\compiler\ti-cgt-c2000_22.6.0.LTS\lib\rts2800_fpu32_eabi.lib
       fs_div28.asm.obj              136    0         0      
       exit.c.obj                    41     0         6      
       copy_decompress_lzss.c.obj    46     0         0      
       autoinit.c.obj                43     0         0      
       memcpy.c.obj                  29     0         0      
       boot28.asm.obj                23     0         0      
       _lock.c.obj                   9      0         4      
       copy_zero_init.c.obj          13     0         0      
       args_main.c.obj               12     0         0      
       copy_decompress_none.c.obj    8      0         0      
       pre_init.c.obj                2      0         0      
       startup.c.obj                 1      0         0      
    +--+-----------------------------+------+---------+---------+
       Total:                        363    0         10     
                                                             
       Stack:                        0      0         1016   
       Linker Generated:             0      588       0      
    +--+-----------------------------+------+---------+---------+
       Grand Total:                  3984   1084      1693   


LINKER GENERATED COPY TABLES

__TI_cinit_table @ 00000358 records: 7, size/record: 4, table size: 28
	CLADataLS0: load addr=00000128, load size=00000184 bytes, run addr=00008000, run size=00000180 bytes, compression=copy
	.data: load addr=000002ac, load size=00000092 bytes, run addr=000099f2, run size=00000092 bytes, compression=lzss
	.bss: load addr=00000344, load size=00000004 bytes, run addr=00009000, run size=00000080 bytes, compression=zero_init
	.bss_cla: load addr=00000348, load size=00000004 bytes, run addr=0000890c, run size=00000001 bytes, compression=zero_init
	.scratchpad: load addr=0000034c, load size=00000004 bytes, run addr=00008900, run size=0000000c bytes, compression=zero_init
	Cla1ToCpuMsgRAM: load addr=00000350, load size=00000004 bytes, run addr=00001480, run size=00000004 bytes, compression=zero_init
	CpuToCla1MsgRAM: load addr=00000354, load size=00000004 bytes, run addr=00001500, run size=00000002 bytes, compression=zero_init


LINKER GENERATED HANDLER TABLE

__TI_handler_table @ 0000033e records: 3, size/record: 2, table size: 6
	index: 0, handler: __TI_zero_init
	index: 1, handler: __TI_decompress_lzss
	index: 2, handler: __TI_decompress_none


GLOBAL DATA SYMBOLS: SORTED BY DATA PAGE

address     data page           name
--------    ----------------    ----
00000400      10 (00000400)     __stack

00001480      52 (00001480)     counter
00001482      52 (00001480)     fResult

00001500      54 (00001500)     fVal

00008000     200 (00008000)     CLAasinTable

0000890c     224 (00008900)     taskcount

00009000     240 (00009000)     y

000099f2     267 (000099c0)     asin_expected

00009a72     269 (00009a40)     Example_Result
00009a74     269 (00009a40)     Example_PassCount
00009a76     269 (00009a40)     Example_Fail
00009a78     269 (00009a40)     __TI_enable_exit_profile_output
00009a7a     269 (00009a40)     __TI_cleanup_ptr
00009a7c     269 (00009a40)     __TI_dtors_ptr
00009a7e     269 (00009a40)     _lock

00009a80     26a (00009a80)     _unlock
00009a82     26a (00009a80)     pass
00009a83     26a (00009a80)     fail


GLOBAL SYMBOLS: SORTED ALPHABETICALLY BY Name 

page  address   name                           
----  -------   ----                           
0     0000be3c  Board_init                     
0     0000baf1  C$$EXIT                        
abs   00000100  CLA_SCRATCHPAD_SIZE            
0     0000b7fd  CLA_init                       
0     0000b861  CLA_runTest                    
0     0000bb1a  CLA_setTriggerSource           
1     00008000  CLAasinTable                   
0     0000a000  Cla1Task1                      
0     0000a094  Cla1Task2                      
0     0000a09c  Cla1Task3                      
0     0000a0a4  Cla1Task4                      
0     0000a0ac  Cla1Task5                      
0     0000a0b4  Cla1Task6                      
0     0000a0bc  Cla1Task7                      
0     0000a0c4  Cla1Task8                      
0     0000ba09  Device_configureTMXAnalogTrim  
0     0000b367  Device_enableAllPeripherals    
0     0000b953  Device_init                    
1     00009a76  Example_Fail                   
1     00009a74  Example_PassCount              
1     00009a72  Example_Result                 
0     0000b800  INTERRUPT_init                 
0     0000b7c6  Interrupt_enable               
0     0000b995  Interrupt_initModule           
0     0000bbca  Interrupt_initVectorTable      
0     0000b206  MEMCFG_init                    
0     0000b452  MemCfg_getInitStatus           
0     0000b680  MemCfg_initSections            
0     0000bb40  MemCfg_setGSRAMMasterSel       
0     0000b9d2  MemCfg_setLSRAMMasterSel       
0     0000b4e3  MemCfg_setProtection           
0     0000bebc  PinMux_init                    
0     00000123  SysCtl_delay                   
0     0000b8ba  SysCtl_getClock                
0     0000b6fc  SysCtl_getDeviceParametric     
0     0000bc1f  SysCtl_getLowSpeedClock        
0     0000b90b  SysCtl_selectOscSource         
0     0000b56e  SysCtl_selectXTAL              
0     0000b000  SysCtl_setClock                
0     00000358  __TI_CINIT_Base                
0     00000374  __TI_CINIT_Limit               
0     00000374  __TI_CINIT_Warm                
0     0000033e  __TI_Handler_Table_Base        
0     00000344  __TI_Handler_Table_Limit       
1     000007f8  __TI_STACK_END                 
abs   000003f8  __TI_STACK_SIZE                
0     0000bac6  __TI_auto_init_nobinit_nopinit 
1     00009a7a  __TI_cleanup_ptr               
0     0000ba98  __TI_decompress_lzss           
0     0000be9a  __TI_decompress_none           
1     00009a7c  __TI_dtors_ptr                 
1     00009a78  __TI_enable_exit_profile_output
abs   ffffffff  __TI_pprof_out_hndl            
abs   ffffffff  __TI_prof_data_size            
abs   ffffffff  __TI_prof_data_start           
0     0000be23  __TI_zero_init_nomemset        
0     0000b5f8  __c28xabi_divf                 
n/a   UNDEFED   __c_args__                     
0     0000bea9  __error__                      
1     00000400  __stack                        
0     0000be30  _args_main                     
0     0000bc7f  _c_int00                       
1     00009a7e  _lock                          
0     0000be89  _nop                           
0     0000be85  _register_lock                 
0     0000be81  _register_unlock               
0     0000bebd  _system_post_cinit             
0     0000beba  _system_pre_init               
1     00009a80  _unlock                        
0     0000baf1  abort                          
1     000099f2  asin_expected                  
0     0000ba3a  cla1Isr1                       
0     0000bd86  cla1Isr2                       
0     0000bd95  cla1Isr3                       
0     0000bda4  cla1Isr4                       
0     0000bdb3  cla1Isr5                       
0     0000bdc2  cla1Isr6                       
0     0000bdd1  cla1Isr7                       
0     0000ba69  cla1Isr8                       
0     00000000  code_start                     
1     00001480  counter                        
0     0000baf3  exit                           
1     00001482  fResult                        
1     00001500  fVal                           
1     00009a83  fail                           
0     0000bdee  main                           
0     0000bbe8  memcpy                         
0     0000b764  myCLA0_init                    
1     00009a82  pass                           
1     0000890c  taskcount                      
1     00009000  y                              


GLOBAL SYMBOLS: SORTED BY Symbol Address 

page  address   name                           
----  -------   ----                           
0     00000000  code_start                     
0     00000123  SysCtl_delay                   
0     0000033e  __TI_Handler_Table_Base        
0     00000344  __TI_Handler_Table_Limit       
0     00000358  __TI_CINIT_Base                
0     00000374  __TI_CINIT_Limit               
0     00000374  __TI_CINIT_Warm                
0     0000a000  Cla1Task1                      
0     0000a094  Cla1Task2                      
0     0000a09c  Cla1Task3                      
0     0000a0a4  Cla1Task4                      
0     0000a0ac  Cla1Task5                      
0     0000a0b4  Cla1Task6                      
0     0000a0bc  Cla1Task7                      
0     0000a0c4  Cla1Task8                      
0     0000b000  SysCtl_setClock                
0     0000b206  MEMCFG_init                    
0     0000b367  Device_enableAllPeripherals    
0     0000b452  MemCfg_getInitStatus           
0     0000b4e3  MemCfg_setProtection           
0     0000b56e  SysCtl_selectXTAL              
0     0000b5f8  __c28xabi_divf                 
0     0000b680  MemCfg_initSections            
0     0000b6fc  SysCtl_getDeviceParametric     
0     0000b764  myCLA0_init                    
0     0000b7c6  Interrupt_enable               
0     0000b7fd  CLA_init                       
0     0000b800  INTERRUPT_init                 
0     0000b861  CLA_runTest                    
0     0000b8ba  SysCtl_getClock                
0     0000b90b  SysCtl_selectOscSource         
0     0000b953  Device_init                    
0     0000b995  Interrupt_initModule           
0     0000b9d2  MemCfg_setLSRAMMasterSel       
0     0000ba09  Device_configureTMXAnalogTrim  
0     0000ba3a  cla1Isr1                       
0     0000ba69  cla1Isr8                       
0     0000ba98  __TI_decompress_lzss           
0     0000bac6  __TI_auto_init_nobinit_nopinit 
0     0000baf1  C$$EXIT                        
0     0000baf1  abort                          
0     0000baf3  exit                           
0     0000bb1a  CLA_setTriggerSource           
0     0000bb40  MemCfg_setGSRAMMasterSel       
0     0000bbca  Interrupt_initVectorTable      
0     0000bbe8  memcpy                         
0     0000bc1f  SysCtl_getLowSpeedClock        
0     0000bc7f  _c_int00                       
0     0000bd86  cla1Isr2                       
0     0000bd95  cla1Isr3                       
0     0000bda4  cla1Isr4                       
0     0000bdb3  cla1Isr5                       
0     0000bdc2  cla1Isr6                       
0     0000bdd1  cla1Isr7                       
0     0000bdee  main                           
0     0000be23  __TI_zero_init_nomemset        
0     0000be30  _args_main                     
0     0000be3c  Board_init                     
0     0000be81  _register_unlock               
0     0000be85  _register_lock                 
0     0000be89  _nop                           
0     0000be9a  __TI_decompress_none           
0     0000bea9  __error__                      
0     0000beba  _system_pre_init               
0     0000bebc  PinMux_init                    
0     0000bebd  _system_post_cinit             
1     00000400  __stack                        
1     000007f8  __TI_STACK_END                 
1     00001480  counter                        
1     00001482  fResult                        
1     00001500  fVal                           
1     00008000  CLAasinTable                   
1     0000890c  taskcount                      
1     00009000  y                              
1     000099f2  asin_expected                  
1     00009a72  Example_Result                 
1     00009a74  Example_PassCount              
1     00009a76  Example_Fail                   
1     00009a78  __TI_enable_exit_profile_output
1     00009a7a  __TI_cleanup_ptr               
1     00009a7c  __TI_dtors_ptr                 
1     00009a7e  _lock                          
1     00009a80  _unlock                        
1     00009a82  pass                           
1     00009a83  fail                           
abs   00000100  CLA_SCRATCHPAD_SIZE            
abs   000003f8  __TI_STACK_SIZE                
abs   ffffffff  __TI_pprof_out_hndl            
abs   ffffffff  __TI_prof_data_size            
abs   ffffffff  __TI_prof_data_start           
n/a   UNDEFED   __c_args__                     

[91 symbols]
