<?xml version="1.0" encoding="ISO-8859-1" ?>
<link_info>
   <banner>TMS320C2000 Linker PC v22.6.0.LTS</banner>
   <copyright>Copyright (c) 1996-2018 Texas Instruments Incorporated</copyright>
   <link_time>0x64074f8f</link_time>
   <link_errors>0x0</link_errors>
   <output_file>cla_ex1_asin.out</output_file>
   <entry_point>
      <name>code_start</name>
      <address>0x0</address>
   </entry_point>
   <input_file_list>
      <input_file id="fl-2">
         <path>.\</path>
         <kind>object</kind>
         <file>asin.obj</file>
         <name>asin.obj</name>
      </input_file>
      <input_file id="fl-3">
         <path>.\</path>
         <kind>object</kind>
         <file>cla_ex1_asin.obj</file>
         <name>cla_ex1_asin.obj</name>
      </input_file>
      <input_file id="fl-4">
         <path>.\syscfg\</path>
         <kind>object</kind>
         <file>board.obj</file>
         <name>board.obj</name>
      </input_file>
      <input_file id="fl-5">
         <path>.\syscfg\</path>
         <kind>object</kind>
         <file>c2000ware_libraries.obj</file>
         <name>c2000ware_libraries.obj</name>
      </input_file>
      <input_file id="fl-6">
         <path>.\device\</path>
         <kind>object</kind>
         <file>F2837xD_CodeStartBranch.obj</file>
         <name>F2837xD_CodeStartBranch.obj</name>
      </input_file>
      <input_file id="fl-7">
         <path>.\device\</path>
         <kind>object</kind>
         <file>device.obj</file>
         <name>device.obj</name>
      </input_file>
      <input_file id="fl-d">
         <kind>object</kind>
         <file>&lt;internal&gt;</file>
         <name>&lt;internal&gt;</name>
      </input_file>
      <input_file id="fl-11">
         <path>C:\ti\C2000Ware_4_02_00_00\driverlib\f2837xd\driverlib\ccs\Debug\</path>
         <kind>archive</kind>
         <file>driverlib_eabi.lib</file>
         <name>cla.obj</name>
      </input_file>
      <input_file id="fl-12">
         <path>C:\ti\C2000Ware_4_02_00_00\driverlib\f2837xd\driverlib\ccs\Debug\</path>
         <kind>archive</kind>
         <file>driverlib_eabi.lib</file>
         <name>gpio.obj</name>
      </input_file>
      <input_file id="fl-13">
         <path>C:\ti\C2000Ware_4_02_00_00\driverlib\f2837xd\driverlib\ccs\Debug\</path>
         <kind>archive</kind>
         <file>driverlib_eabi.lib</file>
         <name>interrupt.obj</name>
      </input_file>
      <input_file id="fl-14">
         <path>C:\ti\C2000Ware_4_02_00_00\driverlib\f2837xd\driverlib\ccs\Debug\</path>
         <kind>archive</kind>
         <file>driverlib_eabi.lib</file>
         <name>memcfg.obj</name>
      </input_file>
      <input_file id="fl-15">
         <path>C:\ti\C2000Ware_4_02_00_00\driverlib\f2837xd\driverlib\ccs\Debug\</path>
         <kind>archive</kind>
         <file>driverlib_eabi.lib</file>
         <name>sysctl.obj</name>
      </input_file>
      <input_file id="fl-21">
         <path>C:\ti\ccs1200\ccs\tools\compiler\ti-cgt-c2000_22.6.0.LTS\lib\</path>
         <kind>archive</kind>
         <file>rts2800_fpu32_eabi.lib</file>
         <name>boot28.asm.obj</name>
      </input_file>
      <input_file id="fl-22">
         <path>C:\ti\ccs1200\ccs\tools\compiler\ti-cgt-c2000_22.6.0.LTS\lib\</path>
         <kind>archive</kind>
         <file>rts2800_fpu32_eabi.lib</file>
         <name>fs_div28.asm.obj</name>
      </input_file>
      <input_file id="fl-23">
         <path>C:\ti\ccs1200\ccs\tools\compiler\ti-cgt-c2000_22.6.0.LTS\lib\</path>
         <kind>archive</kind>
         <file>rts2800_fpu32_eabi.lib</file>
         <name>pre_init.c.obj</name>
      </input_file>
      <input_file id="fl-24">
         <path>C:\ti\ccs1200\ccs\tools\compiler\ti-cgt-c2000_22.6.0.LTS\lib\</path>
         <kind>archive</kind>
         <file>rts2800_fpu32_eabi.lib</file>
         <name>autoinit.c.obj</name>
      </input_file>
      <input_file id="fl-25">
         <path>C:\ti\ccs1200\ccs\tools\compiler\ti-cgt-c2000_22.6.0.LTS\lib\</path>
         <kind>archive</kind>
         <file>rts2800_fpu32_eabi.lib</file>
         <name>copy_zero_init.c.obj</name>
      </input_file>
      <input_file id="fl-26">
         <path>C:\ti\ccs1200\ccs\tools\compiler\ti-cgt-c2000_22.6.0.LTS\lib\</path>
         <kind>archive</kind>
         <file>rts2800_fpu32_eabi.lib</file>
         <name>copy_decompress_none.c.obj</name>
      </input_file>
      <input_file id="fl-27">
         <path>C:\ti\ccs1200\ccs\tools\compiler\ti-cgt-c2000_22.6.0.LTS\lib\</path>
         <kind>archive</kind>
         <file>rts2800_fpu32_eabi.lib</file>
         <name>copy_decompress_lzss.c.obj</name>
      </input_file>
      <input_file id="fl-28">
         <path>C:\ti\ccs1200\ccs\tools\compiler\ti-cgt-c2000_22.6.0.LTS\lib\</path>
         <kind>archive</kind>
         <file>rts2800_fpu32_eabi.lib</file>
         <name>exit.c.obj</name>
      </input_file>
      <input_file id="fl-29">
         <path>C:\ti\ccs1200\ccs\tools\compiler\ti-cgt-c2000_22.6.0.LTS\lib\</path>
         <kind>archive</kind>
         <file>rts2800_fpu32_eabi.lib</file>
         <name>_lock.c.obj</name>
      </input_file>
      <input_file id="fl-2a">
         <path>C:\ti\ccs1200\ccs\tools\compiler\ti-cgt-c2000_22.6.0.LTS\lib\</path>
         <kind>archive</kind>
         <file>rts2800_fpu32_eabi.lib</file>
         <name>args_main.c.obj</name>
      </input_file>
      <input_file id="fl-2b">
         <path>C:\ti\ccs1200\ccs\tools\compiler\ti-cgt-c2000_22.6.0.LTS\lib\</path>
         <kind>archive</kind>
         <file>rts2800_fpu32_eabi.lib</file>
         <name>memset.c.obj</name>
      </input_file>
      <input_file id="fl-2c">
         <path>C:\ti\ccs1200\ccs\tools\compiler\ti-cgt-c2000_22.6.0.LTS\lib\</path>
         <kind>archive</kind>
         <file>rts2800_fpu32_eabi.lib</file>
         <name>cpy_tbl.c.obj</name>
      </input_file>
      <input_file id="fl-2d">
         <path>C:\ti\ccs1200\ccs\tools\compiler\ti-cgt-c2000_22.6.0.LTS\lib\</path>
         <kind>archive</kind>
         <file>rts2800_fpu32_eabi.lib</file>
         <name>memcpy.c.obj</name>
      </input_file>
      <input_file id="fl-2e">
         <path>C:\ti\ccs1200\ccs\tools\compiler\ti-cgt-c2000_22.6.0.LTS\lib\</path>
         <kind>archive</kind>
         <file>rts2800_fpu32_eabi.lib</file>
         <name>startup.c.obj</name>
      </input_file>
   </input_file_list>
   <object_component_list>
      <object_component id="oc-34">
         <name>codestart</name>
         <load_address>0x0</load_address>
         <run_address>0x0</run_address>
         <size>0x2</size>
         <input_file_ref idref="fl-6"/>
      </object_component>
      <object_component id="oc-19e">
         <name>.text:SysCtl_setClock</name>
         <load_address>0xb000</load_address>
         <run_address>0xb000</run_address>
         <size>0x206</size>
         <input_file_ref idref="fl-15"/>
      </object_component>
      <object_component id="oc-1ee">
         <name>.text:MEMCFG_init</name>
         <load_address>0xb206</load_address>
         <run_address>0xb206</run_address>
         <size>0x161</size>
         <input_file_ref idref="fl-4"/>
      </object_component>
      <object_component id="oc-1c3">
         <name>.text:Device_enableAllPeripherals</name>
         <load_address>0xb367</load_address>
         <run_address>0xb367</run_address>
         <size>0xeb</size>
         <input_file_ref idref="fl-7"/>
      </object_component>
      <object_component id="oc-25e">
         <name>.text:MemCfg_getInitStatus</name>
         <load_address>0xb452</load_address>
         <run_address>0xb452</run_address>
         <size>0x91</size>
         <input_file_ref idref="fl-14"/>
      </object_component>
      <object_component id="oc-282">
         <name>.text:MemCfg_setProtection</name>
         <load_address>0xb4e3</load_address>
         <run_address>0xb4e3</run_address>
         <size>0x8b</size>
         <input_file_ref idref="fl-14"/>
      </object_component>
      <object_component id="oc-2b0">
         <name>.text:SysCtl_selectXTAL</name>
         <load_address>0xb56e</load_address>
         <run_address>0xb56e</run_address>
         <size>0x8a</size>
         <input_file_ref idref="fl-15"/>
      </object_component>
      <object_component id="oc-1f5">
         <name>.text</name>
         <load_address>0xb5f8</load_address>
         <run_address>0xb5f8</run_address>
         <size>0x88</size>
         <input_file_ref idref="fl-22"/>
      </object_component>
      <object_component id="oc-258">
         <name>.text:MemCfg_initSections</name>
         <load_address>0xb680</load_address>
         <run_address>0xb680</run_address>
         <size>0x7c</size>
         <input_file_ref idref="fl-14"/>
      </object_component>
      <object_component id="oc-192">
         <name>.text:SysCtl_getDeviceParametric</name>
         <load_address>0xb6fc</load_address>
         <run_address>0xb6fc</run_address>
         <size>0x68</size>
         <input_file_ref idref="fl-15"/>
      </object_component>
      <object_component id="oc-251">
         <name>.text:myCLA0_init</name>
         <load_address>0xb764</load_address>
         <run_address>0xb764</run_address>
         <size>0x62</size>
         <input_file_ref idref="fl-4"/>
      </object_component>
      <object_component id="oc-9b">
         <name>.text:Interrupt_enable</name>
         <load_address>0xb7c6</load_address>
         <run_address>0xb7c6</run_address>
         <size>0x37</size>
         <input_file_ref idref="fl-13"/>
      </object_component>
      <object_component id="oc-1e8">
         <name>.text:CLA_init</name>
         <load_address>0xb7fd</load_address>
         <run_address>0xb7fd</run_address>
         <size>0x3</size>
         <input_file_ref idref="fl-4"/>
      </object_component>
      <object_component id="oc-40">
         <name>.text:INTERRUPT_init</name>
         <load_address>0xb800</load_address>
         <run_address>0xb800</run_address>
         <size>0x61</size>
         <input_file_ref idref="fl-4"/>
      </object_component>
      <object_component id="oc-16d">
         <name>.text:CLA_runTest</name>
         <load_address>0xb861</load_address>
         <run_address>0xb861</run_address>
         <size>0x59</size>
         <input_file_ref idref="fl-3"/>
      </object_component>
      <object_component id="oc-1aa">
         <name>.text:SysCtl_getClock</name>
         <load_address>0xb8ba</load_address>
         <run_address>0xb8ba</run_address>
         <size>0x51</size>
         <input_file_ref idref="fl-15"/>
      </object_component>
      <object_component id="oc-234">
         <name>.text:SysCtl_selectOscSource</name>
         <load_address>0xb90b</load_address>
         <run_address>0xb90b</run_address>
         <size>0x48</size>
         <input_file_ref idref="fl-15"/>
      </object_component>
      <object_component id="oc-155">
         <name>.text:Device_init</name>
         <load_address>0xb953</load_address>
         <run_address>0xb953</run_address>
         <size>0x42</size>
         <input_file_ref idref="fl-7"/>
      </object_component>
      <object_component id="oc-15b">
         <name>.text:Interrupt_initModule</name>
         <load_address>0xb995</load_address>
         <run_address>0xb995</run_address>
         <size>0x3d</size>
         <input_file_ref idref="fl-13"/>
      </object_component>
      <object_component id="oc-264">
         <name>.text:MemCfg_setLSRAMMasterSel</name>
         <load_address>0xb9d2</load_address>
         <run_address>0xb9d2</run_address>
         <size>0x37</size>
         <input_file_ref idref="fl-14"/>
      </object_component>
      <object_component id="oc-198">
         <name>.text:Device_configureTMXAnalogTrim</name>
         <load_address>0xba09</load_address>
         <run_address>0xba09</run_address>
         <size>0x31</size>
         <input_file_ref idref="fl-7"/>
      </object_component>
      <object_component id="oc-3a">
         <name>.text:cla1Isr1</name>
         <load_address>0xba3a</load_address>
         <run_address>0xba3a</run_address>
         <size>0x2f</size>
         <input_file_ref idref="fl-3"/>
      </object_component>
      <object_component id="oc-6a">
         <name>.text:cla1Isr8</name>
         <load_address>0xba69</load_address>
         <run_address>0xba69</run_address>
         <size>0x2f</size>
         <input_file_ref idref="fl-3"/>
      </object_component>
      <object_component id="oc-27">
         <name>.text:decompress:lzss</name>
         <load_address>0xba98</load_address>
         <run_address>0xba98</run_address>
         <size>0x2e</size>
         <input_file_ref idref="fl-27"/>
      </object_component>
      <object_component id="oc-fd">
         <name>.text:__TI_auto_init_nobinit_nopinit</name>
         <load_address>0xbac6</load_address>
         <run_address>0xbac6</run_address>
         <size>0x2b</size>
         <input_file_ref idref="fl-24"/>
      </object_component>
      <object_component id="oc-ec">
         <name>.text</name>
         <load_address>0xbaf1</load_address>
         <run_address>0xbaf1</run_address>
         <size>0x29</size>
         <input_file_ref idref="fl-28"/>
      </object_component>
      <object_component id="oc-2c4">
         <name>.text:CLA_setTriggerSource</name>
         <load_address>0xbb1a</load_address>
         <run_address>0xbb1a</run_address>
         <size>0x26</size>
         <input_file_ref idref="fl-11"/>
      </object_component>
      <object_component id="oc-270">
         <name>.text:MemCfg_setGSRAMMasterSel</name>
         <load_address>0xbb40</load_address>
         <run_address>0xbb40</run_address>
         <size>0x26</size>
         <input_file_ref idref="fl-14"/>
      </object_component>
      <object_component id="oc-26a">
         <name>.text:MemCfg_setCLAMemType</name>
         <load_address>0xbb66</load_address>
         <run_address>0xbb66</run_address>
         <size>0x24</size>
         <input_file_ref idref="fl-4"/>
      </object_component>
      <object_component id="oc-321">
         <name>.text:CPUTimer_selectClockSource</name>
         <load_address>0xbb8a</load_address>
         <run_address>0xbb8a</run_address>
         <size>0x21</size>
         <input_file_ref idref="fl-15"/>
      </object_component>
      <object_component id="oc-36a">
         <name>.text:CPUTimer_getTimerOverflowStatus</name>
         <load_address>0xbbab</load_address>
         <run_address>0xbbab</run_address>
         <size>0x1f</size>
         <input_file_ref idref="fl-15"/>
      </object_component>
      <object_component id="oc-161">
         <name>.text:Interrupt_initVectorTable</name>
         <load_address>0xbbca</load_address>
         <run_address>0xbbca</run_address>
         <size>0x1e</size>
         <input_file_ref idref="fl-13"/>
      </object_component>
      <object_component id="oc-73">
         <name>.text</name>
         <load_address>0xbbe8</load_address>
         <run_address>0xbbe8</run_address>
         <size>0x1d</size>
         <input_file_ref idref="fl-2d"/>
      </object_component>
      <object_component id="oc-32d">
         <name>.text:CPUTimer_startTimer</name>
         <load_address>0xbc05</load_address>
         <run_address>0xbc05</run_address>
         <size>0x1a</size>
         <input_file_ref idref="fl-15"/>
      </object_component>
      <object_component id="oc-1b7">
         <name>.text:SysCtl_getLowSpeedClock</name>
         <load_address>0xbc1f</load_address>
         <run_address>0xbc1f</run_address>
         <size>0x1a</size>
         <input_file_ref idref="fl-15"/>
      </object_component>
      <object_component id="oc-226">
         <name>.text:SysCtl_disablePeripheral</name>
         <load_address>0xbc39</load_address>
         <run_address>0xbc39</run_address>
         <size>0x18</size>
         <input_file_ref idref="fl-7"/>
      </object_component>
      <object_component id="oc-35e">
         <name>.text:CPUTimer_isBaseValid</name>
         <load_address>0xbc51</load_address>
         <run_address>0xbc51</run_address>
         <size>0x17</size>
         <input_file_ref idref="fl-15"/>
      </object_component>
      <object_component id="oc-220">
         <name>.text:SysCtl_enablePeripheral</name>
         <load_address>0xbc68</load_address>
         <run_address>0xbc68</run_address>
         <size>0x17</size>
         <input_file_ref idref="fl-7"/>
      </object_component>
      <object_component id="oc-bb">
         <name>.text</name>
         <load_address>0xbc7f</load_address>
         <run_address>0xbc7f</run_address>
         <size>0x17</size>
         <input_file_ref idref="fl-21"/>
      </object_component>
      <object_component id="oc-2fa">
         <name>.text:CLA_enableTasks</name>
         <load_address>0xbc96</load_address>
         <run_address>0xbc96</run_address>
         <size>0x16</size>
         <input_file_ref idref="fl-4"/>
      </object_component>
      <object_component id="oc-1fa">
         <name>.text:CLA_forceTasks</name>
         <load_address>0xbcac</load_address>
         <run_address>0xbcac</run_address>
         <size>0x16</size>
         <input_file_ref idref="fl-3"/>
      </object_component>
      <object_component id="oc-2be">
         <name>.text:CLA_mapTaskVector</name>
         <load_address>0xbcc2</load_address>
         <run_address>0xbcc2</run_address>
         <size>0x16</size>
         <input_file_ref idref="fl-4"/>
      </object_component>
      <object_component id="oc-2f4">
         <name>.text:CLA_enableIACK</name>
         <load_address>0xbcd8</load_address>
         <run_address>0xbcd8</run_address>
         <size>0x15</size>
         <input_file_ref idref="fl-4"/>
      </object_component>
      <object_component id="oc-315">
         <name>.text:CPUTimer_stopTimer</name>
         <load_address>0xbced</load_address>
         <run_address>0xbced</run_address>
         <size>0x14</size>
         <input_file_ref idref="fl-15"/>
      </object_component>
      <object_component id="oc-1bd">
         <name>.text:SysCtl_deviceCal</name>
         <load_address>0xbd01</load_address>
         <run_address>0xbd01</run_address>
         <size>0x14</size>
         <input_file_ref idref="fl-7"/>
      </object_component>
      <object_component id="oc-327">
         <name>.text:CPUTimer_clearOverflowFlag</name>
         <load_address>0xbd15</load_address>
         <run_address>0xbd15</run_address>
         <size>0x12</size>
         <input_file_ref idref="fl-15"/>
      </object_component>
      <object_component id="oc-30f">
         <name>.text:CPUTimer_disableInterrupt</name>
         <load_address>0xbd27</load_address>
         <run_address>0xbd27</run_address>
         <size>0x12</size>
         <input_file_ref idref="fl-15"/>
      </object_component>
      <object_component id="oc-31b">
         <name>.text:CPUTimer_setPeriod</name>
         <load_address>0xbd39</load_address>
         <run_address>0xbd39</run_address>
         <size>0x11</size>
         <input_file_ref idref="fl-15"/>
      </object_component>
      <object_component id="oc-349">
         <name>.text:CLA_isBaseValid</name>
         <load_address>0xbd4a</load_address>
         <run_address>0xbd4a</run_address>
         <size>0xf</size>
         <input_file_ref idref="fl-4"/>
      </object_component>
      <object_component id="oc-296">
         <name>.text:CLA_isBaseValid</name>
         <load_address>0xbd59</load_address>
         <run_address>0xbd59</run_address>
         <size>0xf</size>
         <input_file_ref idref="fl-3"/>
      </object_component>
      <object_component id="oc-95">
         <name>.text:Interrupt_register</name>
         <load_address>0xbd68</load_address>
         <run_address>0xbd68</run_address>
         <size>0xf</size>
         <input_file_ref idref="fl-4"/>
      </object_component>
      <object_component id="oc-333">
         <name>.text:SysCtl_pollCpuTimer</name>
         <load_address>0xbd77</load_address>
         <run_address>0xbd77</run_address>
         <size>0xf</size>
         <input_file_ref idref="fl-15"/>
      </object_component>
      <object_component id="oc-46">
         <name>.text:cla1Isr2</name>
         <load_address>0xbd86</load_address>
         <run_address>0xbd86</run_address>
         <size>0xf</size>
         <input_file_ref idref="fl-3"/>
      </object_component>
      <object_component id="oc-4c">
         <name>.text:cla1Isr3</name>
         <load_address>0xbd95</load_address>
         <run_address>0xbd95</run_address>
         <size>0xf</size>
         <input_file_ref idref="fl-3"/>
      </object_component>
      <object_component id="oc-52">
         <name>.text:cla1Isr4</name>
         <load_address>0xbda4</load_address>
         <run_address>0xbda4</run_address>
         <size>0xf</size>
         <input_file_ref idref="fl-3"/>
      </object_component>
      <object_component id="oc-58">
         <name>.text:cla1Isr5</name>
         <load_address>0xbdb3</load_address>
         <run_address>0xbdb3</run_address>
         <size>0xf</size>
         <input_file_ref idref="fl-3"/>
      </object_component>
      <object_component id="oc-5e">
         <name>.text:cla1Isr6</name>
         <load_address>0xbdc2</load_address>
         <run_address>0xbdc2</run_address>
         <size>0xf</size>
         <input_file_ref idref="fl-3"/>
      </object_component>
      <object_component id="oc-64">
         <name>.text:cla1Isr7</name>
         <load_address>0xbdd1</load_address>
         <run_address>0xbdd1</run_address>
         <size>0xf</size>
         <input_file_ref idref="fl-3"/>
      </object_component>
      <object_component id="oc-1cf">
         <name>.text:Interrupt_defaultHandler</name>
         <load_address>0xbde0</load_address>
         <run_address>0xbde0</run_address>
         <size>0xe</size>
         <input_file_ref idref="fl-13"/>
      </object_component>
      <object_component id="oc-12d">
         <name>.text:main</name>
         <load_address>0xbdee</load_address>
         <run_address>0xbdee</run_address>
         <size>0xe</size>
         <input_file_ref idref="fl-3"/>
      </object_component>
      <object_component id="oc-c6">
         <name>.text:Interrupt_disableMaster</name>
         <load_address>0xbdfc</load_address>
         <run_address>0xbdfc</run_address>
         <size>0xd</size>
         <input_file_ref idref="fl-13"/>
      </object_component>
      <object_component id="oc-cc">
         <name>.text:Interrupt_enableMaster</name>
         <load_address>0xbe09</load_address>
         <run_address>0xbe09</run_address>
         <size>0xd</size>
         <input_file_ref idref="fl-13"/>
      </object_component>
      <object_component id="oc-1a4">
         <name>.text:SysCtl_setLowSpeedClock</name>
         <load_address>0xbe16</load_address>
         <run_address>0xbe16</run_address>
         <size>0xd</size>
         <input_file_ref idref="fl-7"/>
      </object_component>
      <object_component id="oc-7b">
         <name>.text:decompress:ZI:__TI_zero_init_nomemset</name>
         <load_address>0xbe23</load_address>
         <run_address>0xbe23</run_address>
         <size>0xd</size>
         <input_file_ref idref="fl-25"/>
      </object_component>
      <object_component id="oc-e6">
         <name>.text</name>
         <load_address>0xbe30</load_address>
         <run_address>0xbe30</run_address>
         <size>0xc</size>
         <input_file_ref idref="fl-2a"/>
      </object_component>
      <object_component id="oc-167">
         <name>.text:Board_init</name>
         <load_address>0xbe3c</load_address>
         <run_address>0xbe3c</run_address>
         <size>0xb</size>
         <input_file_ref idref="fl-4"/>
      </object_component>
      <object_component id="oc-28e">
         <name>.text:MemCfg_disableCorrErrorInterrupt</name>
         <load_address>0xbe47</load_address>
         <run_address>0xbe47</run_address>
         <size>0xb</size>
         <input_file_ref idref="fl-4"/>
      </object_component>
      <object_component id="oc-22e">
         <name>.text:SysCtl_isMCDClockFailureDetected</name>
         <load_address>0xbe52</load_address>
         <run_address>0xbe52</run_address>
         <size>0xb</size>
         <input_file_ref idref="fl-15"/>
      </object_component>
      <object_component id="oc-27c">
         <name>.text:MemCfg_disableROMPrefetch</name>
         <load_address>0xbe5d</load_address>
         <run_address>0xbe5d</run_address>
         <size>0x9</size>
         <input_file_ref idref="fl-4"/>
      </object_component>
      <object_component id="oc-276">
         <name>.text:MemCfg_enableROMWaitState</name>
         <load_address>0xbe66</load_address>
         <run_address>0xbe66</run_address>
         <size>0x9</size>
         <input_file_ref idref="fl-4"/>
      </object_component>
      <object_component id="oc-288">
         <name>.text:MemCfg_setCorrErrorThreshold</name>
         <load_address>0xbe6f</load_address>
         <run_address>0xbe6f</run_address>
         <size>0x9</size>
         <input_file_ref idref="fl-4"/>
      </object_component>
      <object_component id="oc-23b">
         <name>.text:SysCtl_serviceWatchdog</name>
         <load_address>0xbe78</load_address>
         <run_address>0xbe78</run_address>
         <size>0x9</size>
         <input_file_ref idref="fl-15"/>
      </object_component>
      <object_component id="oc-179">
         <name>.text</name>
         <load_address>0xbe81</load_address>
         <run_address>0xbe81</run_address>
         <size>0x9</size>
         <input_file_ref idref="fl-29"/>
      </object_component>
      <object_component id="oc-87">
         <name>.text</name>
         <load_address>0xbe8a</load_address>
         <run_address>0xbe8a</run_address>
         <size>0x8</size>
         <input_file_ref idref="fl-6"/>
      </object_component>
      <object_component id="oc-18c">
         <name>.text:SysCtl_disableWatchdog</name>
         <load_address>0xbe92</load_address>
         <run_address>0xbe92</run_address>
         <size>0x8</size>
         <input_file_ref idref="fl-7"/>
      </object_component>
      <object_component id="oc-2d">
         <name>.text:decompress:none</name>
         <load_address>0xbe9a</load_address>
         <run_address>0xbe9a</run_address>
         <size>0x8</size>
         <input_file_ref idref="fl-26"/>
      </object_component>
      <object_component id="oc-339">
         <name>.text:SysCtl_resetMCD</name>
         <load_address>0xbea2</load_address>
         <run_address>0xbea2</run_address>
         <size>0x7</size>
         <input_file_ref idref="fl-15"/>
      </object_component>
      <object_component id="oc-1b1">
         <name>.text:__error__</name>
         <load_address>0xbea9</load_address>
         <run_address>0xbea9</run_address>
         <size>0x7</size>
         <input_file_ref idref="fl-7"/>
      </object_component>
      <object_component id="oc-8d">
         <name>.text:Interrupt_clearACKGroup</name>
         <load_address>0xbeb0</load_address>
         <run_address>0xbeb0</run_address>
         <size>0x6</size>
         <input_file_ref idref="fl-3"/>
      </object_component>
      <object_component id="oc-1db">
         <name>.text:Interrupt_illegalOperationHandler</name>
         <load_address>0xbeb6</load_address>
         <run_address>0xbeb6</run_address>
         <size>0x2</size>
         <input_file_ref idref="fl-13"/>
      </object_component>
      <object_component id="oc-1d5">
         <name>.text:Interrupt_nmiHandler</name>
         <load_address>0xbeb8</load_address>
         <run_address>0xbeb8</run_address>
         <size>0x2</size>
         <input_file_ref idref="fl-13"/>
      </object_component>
      <object_component id="oc-df">
         <name>.text</name>
         <load_address>0xbeba</load_address>
         <run_address>0xbeba</run_address>
         <size>0x2</size>
         <input_file_ref idref="fl-23"/>
      </object_component>
      <object_component id="oc-1e2">
         <name>.text:PinMux_init</name>
         <load_address>0xbebc</load_address>
         <run_address>0xbebc</run_address>
         <size>0x1</size>
         <input_file_ref idref="fl-4"/>
      </object_component>
      <object_component id="oc-140">
         <name>.text</name>
         <load_address>0xbebd</load_address>
         <run_address>0xbebd</run_address>
         <size>0x1</size>
         <input_file_ref idref="fl-2e"/>
      </object_component>
      <object_component id="oc-3ba">
         <name>.cinit.CLADataLS0.load</name>
         <load_address>0x128</load_address>
         <run_address>0x128</run_address>
         <size>0x184</size>
      </object_component>
      <object_component id="oc-3b9">
         <name>.cinit..data.load</name>
         <load_address>0x2ac</load_address>
         <run_address>0x2ac</run_address>
         <size>0x92</size>
      </object_component>
      <object_component id="oc-3b6">
         <name>__TI_handler_table</name>
         <load_address>0x33e</load_address>
         <run_address>0x33e</run_address>
         <size>0x6</size>
      </object_component>
      <object_component id="oc-3b8">
         <name>.cinit..bss.load</name>
         <load_address>0x344</load_address>
         <run_address>0x344</run_address>
         <size>0x4</size>
      </object_component>
      <object_component id="oc-3be">
         <name>.cinit..bss_cla.load</name>
         <load_address>0x348</load_address>
         <run_address>0x348</run_address>
         <size>0x4</size>
      </object_component>
      <object_component id="oc-3bd">
         <name>.cinit..scratchpad.load</name>
         <load_address>0x34c</load_address>
         <run_address>0x34c</run_address>
         <size>0x4</size>
      </object_component>
      <object_component id="oc-3bb">
         <name>.cinit.Cla1ToCpuMsgRAM.load</name>
         <load_address>0x350</load_address>
         <run_address>0x350</run_address>
         <size>0x4</size>
      </object_component>
      <object_component id="oc-3bc">
         <name>.cinit.CpuToCla1MsgRAM.load</name>
         <load_address>0x354</load_address>
         <run_address>0x354</run_address>
         <size>0x4</size>
      </object_component>
      <object_component id="oc-3b7">
         <name>__TI_cinit_table</name>
         <load_address>0x358</load_address>
         <run_address>0x358</run_address>
         <size>0x1c</size>
      </object_component>
      <object_component id="oc-70">
         <name>.stack</name>
         <uninitialized>true</uninitialized>
         <run_address>0x400</run_address>
         <size>0x0</size>
         <input_file_ref idref="fl-21"/>
      </object_component>
      <object_component id="oc-3bf">
         <name>.stack</name>
         <uninitialized>true</uninitialized>
         <run_address>0x400</run_address>
         <size>0x0</size>
      </object_component>
      <object_component id="oc-200">
         <name>.bss:y</name>
         <uninitialized>true</uninitialized>
         <run_address>0x9000</run_address>
         <size>0x80</size>
         <input_file_ref idref="fl-3"/>
      </object_component>
      <object_component id="oc-22d">
         <name>.const:.string</name>
         <load_address>0x9800</load_address>
         <run_address>0x9800</run_address>
         <size>0xc2</size>
         <input_file_ref idref="fl-15"/>
      </object_component>
      <object_component id="oc-306">
         <name>.const:.string</name>
         <load_address>0x98c2</load_address>
         <run_address>0x98c2</run_address>
         <size>0x7e</size>
         <input_file_ref idref="fl-4"/>
      </object_component>
      <object_component id="oc-301">
         <name>.const:.string</name>
         <load_address>0x9940</load_address>
         <run_address>0x9940</run_address>
         <size>0x60</size>
         <input_file_ref idref="fl-14"/>
      </object_component>
      <object_component id="oc-29c">
         <name>.const:.string</name>
         <load_address>0x99a0</load_address>
         <run_address>0x99a0</run_address>
         <size>0x3d</size>
         <input_file_ref idref="fl-3"/>
      </object_component>
      <object_component id="oc-1b0">
         <name>.const:.string</name>
         <load_address>0x99de</load_address>
         <run_address>0x99de</run_address>
         <size>0x13</size>
         <input_file_ref idref="fl-7"/>
      </object_component>
      <object_component id="oc-20c">
         <name>.data</name>
         <load_address>0x9a82</load_address>
         <run_address>0x9a82</run_address>
         <size>0x2</size>
         <input_file_ref idref="fl-3"/>
      </object_component>
      <object_component id="oc-203">
         <name>.data:asin_expected</name>
         <load_address>0x99f2</load_address>
         <run_address>0x99f2</run_address>
         <size>0x80</size>
         <input_file_ref idref="fl-3"/>
      </object_component>
      <object_component id="oc-1c9">
         <name>.data</name>
         <load_address>0x9a72</load_address>
         <run_address>0x9a72</run_address>
         <size>0x6</size>
         <input_file_ref idref="fl-7"/>
      </object_component>
      <object_component id="oc-135">
         <name>.data</name>
         <load_address>0x9a78</load_address>
         <run_address>0x9a78</run_address>
         <size>0x6</size>
         <input_file_ref idref="fl-28"/>
      </object_component>
      <object_component id="oc-138">
         <name>.data:_lock</name>
         <load_address>0x9a7e</load_address>
         <run_address>0x9a7e</run_address>
         <size>0x2</size>
         <input_file_ref idref="fl-29"/>
      </object_component>
      <object_component id="oc-210">
         <name>.data:_unlock</name>
         <load_address>0x9a80</load_address>
         <run_address>0x9a80</run_address>
         <size>0x2</size>
         <input_file_ref idref="fl-29"/>
      </object_component>
      <object_component id="oc-2b8">
         <name>Cla1Prog:Cla1Task1</name>
         <load_address>0xa000</load_address>
         <run_address>0xa000</run_address>
         <size>0x94</size>
         <input_file_ref idref="fl-2"/>
      </object_component>
      <object_component id="oc-2ca">
         <name>Cla1Prog:Cla1Task2</name>
         <load_address>0xa094</load_address>
         <run_address>0xa094</run_address>
         <size>0x8</size>
         <input_file_ref idref="fl-2"/>
      </object_component>
      <object_component id="oc-2d0">
         <name>Cla1Prog:Cla1Task3</name>
         <load_address>0xa09c</load_address>
         <run_address>0xa09c</run_address>
         <size>0x8</size>
         <input_file_ref idref="fl-2"/>
      </object_component>
      <object_component id="oc-2d6">
         <name>Cla1Prog:Cla1Task4</name>
         <load_address>0xa0a4</load_address>
         <run_address>0xa0a4</run_address>
         <size>0x8</size>
         <input_file_ref idref="fl-2"/>
      </object_component>
      <object_component id="oc-2dc">
         <name>Cla1Prog:Cla1Task5</name>
         <load_address>0xa0ac</load_address>
         <run_address>0xa0ac</run_address>
         <size>0x8</size>
         <input_file_ref idref="fl-2"/>
      </object_component>
      <object_component id="oc-2e2">
         <name>Cla1Prog:Cla1Task6</name>
         <load_address>0xa0b4</load_address>
         <run_address>0xa0b4</run_address>
         <size>0x8</size>
         <input_file_ref idref="fl-2"/>
      </object_component>
      <object_component id="oc-2e8">
         <name>Cla1Prog:Cla1Task7</name>
         <load_address>0xa0bc</load_address>
         <run_address>0xa0bc</run_address>
         <size>0x8</size>
         <input_file_ref idref="fl-2"/>
      </object_component>
      <object_component id="oc-2ee">
         <name>Cla1Prog:Cla1Task8</name>
         <load_address>0xa0c4</load_address>
         <run_address>0xa0c4</run_address>
         <size>0x8</size>
         <input_file_ref idref="fl-2"/>
      </object_component>
      <object_component id="oc-344">
         <name>CLADataLS0</name>
         <load_address>0x8000</load_address>
         <run_address>0x8000</run_address>
         <size>0x180</size>
         <input_file_ref idref="fl-3"/>
      </object_component>
      <object_component id="oc-209">
         <name>Cla1ToCpuMsgRAM</name>
         <uninitialized>true</uninitialized>
         <run_address>0x1480</run_address>
         <size>0x4</size>
         <input_file_ref idref="fl-3"/>
      </object_component>
      <object_component id="oc-206">
         <name>CpuToCla1MsgRAM</name>
         <uninitialized>true</uninitialized>
         <run_address>0x1500</run_address>
         <size>0x2</size>
         <input_file_ref idref="fl-3"/>
      </object_component>
      <object_component id="oc-23a">
         <name>.TI.ramfunc</name>
         <load_address>0x123</load_address>
         <run_address>0x123</run_address>
         <size>0x4</size>
         <input_file_ref idref="fl-15"/>
      </object_component>
      <object_component id="oc-343">
         <name>.scratchpad:Cla1Prog:Cla1Task1</name>
         <uninitialized>true</uninitialized>
         <run_address>0x8900</run_address>
         <size>0xc</size>
         <input_file_ref idref="fl-2"/>
      </object_component>
      <object_component id="oc-340">
         <name>.bss_cla</name>
         <uninitialized>true</uninitialized>
         <run_address>0x890c</run_address>
         <size>0x1</size>
         <input_file_ref idref="fl-2"/>
      </object_component>
      <object_component id="oc-348">
         <name>.debug_types</name>
         <load_address>0x0</load_address>
         <run_address>0x0</run_address>
         <size>0x334</size>
         <input_file_ref idref="fl-2"/>
      </object_component>
      <object_component id="oc-94">
         <name>.debug_types</name>
         <load_address>0x334</load_address>
         <run_address>0x334</run_address>
         <size>0x2b5</size>
         <input_file_ref idref="fl-3"/>
      </object_component>
      <object_component id="oc-a2">
         <name>.debug_types</name>
         <load_address>0x5e9</load_address>
         <run_address>0x5e9</run_address>
         <size>0xb04</size>
         <input_file_ref idref="fl-4"/>
      </object_component>
      <object_component id="oc-1cd">
         <name>.debug_types</name>
         <load_address>0x10ed</load_address>
         <run_address>0x10ed</run_address>
         <size>0x103d</size>
         <input_file_ref idref="fl-7"/>
      </object_component>
      <object_component id="oc-351">
         <name>.debug_types</name>
         <load_address>0x0</load_address>
         <run_address>0x0</run_address>
         <size>0x0</size>
         <input_file_ref idref="fl-11"/>
      </object_component>
      <object_component id="oc-d3">
         <name>.debug_types</name>
         <load_address>0x0</load_address>
         <run_address>0x0</run_address>
         <size>0x0</size>
         <input_file_ref idref="fl-13"/>
      </object_component>
      <object_component id="oc-303">
         <name>.debug_types</name>
         <load_address>0x212a</load_address>
         <run_address>0x212a</run_address>
         <size>0xdf</size>
         <input_file_ref idref="fl-14"/>
      </object_component>
      <object_component id="oc-21f">
         <name>.debug_types</name>
         <load_address>0x2209</load_address>
         <run_address>0x2209</run_address>
         <size>0x254</size>
         <input_file_ref idref="fl-15"/>
      </object_component>
      <object_component id="oc-fc">
         <name>.debug_types</name>
         <load_address>0x0</load_address>
         <run_address>0x0</run_address>
         <size>0x0</size>
         <input_file_ref idref="fl-23"/>
      </object_component>
      <object_component id="oc-147">
         <name>.debug_types</name>
         <load_address>0x245d</load_address>
         <run_address>0x245d</run_address>
         <size>0x49b</size>
         <input_file_ref idref="fl-24"/>
      </object_component>
      <object_component id="oc-b3">
         <name>.debug_types</name>
         <load_address>0x28f8</load_address>
         <run_address>0x28f8</run_address>
         <size>0x1f3</size>
         <input_file_ref idref="fl-25"/>
      </object_component>
      <object_component id="oc-7a">
         <name>.debug_types</name>
         <load_address>0x0</load_address>
         <run_address>0x0</run_address>
         <size>0x0</size>
         <input_file_ref idref="fl-26"/>
      </object_component>
      <object_component id="oc-72">
         <name>.debug_types</name>
         <load_address>0x2aeb</load_address>
         <run_address>0x2aeb</run_address>
         <size>0x191</size>
         <input_file_ref idref="fl-27"/>
      </object_component>
      <object_component id="oc-13c">
         <name>.debug_types</name>
         <load_address>0x2c7c</load_address>
         <run_address>0x2c7c</run_address>
         <size>0xbf</size>
         <input_file_ref idref="fl-28"/>
      </object_component>
      <object_component id="oc-181">
         <name>.debug_types</name>
         <load_address>0x2d3b</load_address>
         <run_address>0x2d3b</run_address>
         <size>0x2f</size>
         <input_file_ref idref="fl-29"/>
      </object_component>
      <object_component id="oc-134">
         <name>.debug_types</name>
         <load_address>0x2d6a</load_address>
         <run_address>0x2d6a</run_address>
         <size>0xe1</size>
         <input_file_ref idref="fl-2a"/>
      </object_component>
      <object_component id="oc-ae">
         <name>.debug_types</name>
         <load_address>0x2e4b</load_address>
         <run_address>0x2e4b</run_address>
         <size>0xb8</size>
         <input_file_ref idref="fl-2d"/>
      </object_component>
      <object_component id="oc-186">
         <name>.debug_types</name>
         <load_address>0x0</load_address>
         <run_address>0x0</run_address>
         <size>0x0</size>
         <input_file_ref idref="fl-2e"/>
      </object_component>
      <object_component id="oc-341">
         <name>.debug_info</name>
         <load_address>0x0</load_address>
         <run_address>0x0</run_address>
         <size>0xfb</size>
         <input_file_ref idref="fl-2"/>
      </object_component>
      <object_component id="oc-2ba">
         <name>.debug_info</name>
         <load_address>0xfb</load_address>
         <run_address>0xfb</run_address>
         <size>0x18e</size>
         <input_file_ref idref="fl-2"/>
      </object_component>
      <object_component id="oc-2cd">
         <name>.debug_info</name>
         <load_address>0x289</load_address>
         <run_address>0x289</run_address>
         <size>0x116</size>
         <input_file_ref idref="fl-2"/>
      </object_component>
      <object_component id="oc-2d2">
         <name>.debug_info</name>
         <load_address>0x39f</load_address>
         <run_address>0x39f</run_address>
         <size>0x116</size>
         <input_file_ref idref="fl-2"/>
      </object_component>
      <object_component id="oc-2d9">
         <name>.debug_info</name>
         <load_address>0x4b5</load_address>
         <run_address>0x4b5</run_address>
         <size>0x116</size>
         <input_file_ref idref="fl-2"/>
      </object_component>
      <object_component id="oc-2de">
         <name>.debug_info</name>
         <load_address>0x5cb</load_address>
         <run_address>0x5cb</run_address>
         <size>0x116</size>
         <input_file_ref idref="fl-2"/>
      </object_component>
      <object_component id="oc-2e3">
         <name>.debug_info</name>
         <load_address>0x6e1</load_address>
         <run_address>0x6e1</run_address>
         <size>0x116</size>
         <input_file_ref idref="fl-2"/>
      </object_component>
      <object_component id="oc-2eb">
         <name>.debug_info</name>
         <load_address>0x7f7</load_address>
         <run_address>0x7f7</run_address>
         <size>0x116</size>
         <input_file_ref idref="fl-2"/>
      </object_component>
      <object_component id="oc-2ef">
         <name>.debug_info</name>
         <load_address>0x90d</load_address>
         <run_address>0x90d</run_address>
         <size>0x116</size>
         <input_file_ref idref="fl-2"/>
      </object_component>
      <object_component id="oc-20a">
         <name>.debug_info</name>
         <load_address>0xa23</load_address>
         <run_address>0xa23</run_address>
         <size>0x106</size>
         <input_file_ref idref="fl-3"/>
      </object_component>
      <object_component id="oc-20d">
         <name>.debug_info</name>
         <load_address>0xb29</load_address>
         <run_address>0xb29</run_address>
         <size>0xfa</size>
         <input_file_ref idref="fl-3"/>
      </object_component>
      <object_component id="oc-207">
         <name>.debug_info</name>
         <load_address>0xc23</load_address>
         <run_address>0xc23</run_address>
         <size>0xde</size>
         <input_file_ref idref="fl-3"/>
      </object_component>
      <object_component id="oc-201">
         <name>.debug_info</name>
         <load_address>0xd01</load_address>
         <run_address>0xd01</run_address>
         <size>0xd8</size>
         <input_file_ref idref="fl-3"/>
      </object_component>
      <object_component id="oc-204">
         <name>.debug_info</name>
         <load_address>0xdd9</load_address>
         <run_address>0xdd9</run_address>
         <size>0xf0</size>
         <input_file_ref idref="fl-3"/>
      </object_component>
      <object_component id="oc-345">
         <name>.debug_info</name>
         <load_address>0xec9</load_address>
         <run_address>0xec9</run_address>
         <size>0xee</size>
         <input_file_ref idref="fl-3"/>
      </object_component>
      <object_component id="oc-8e">
         <name>.debug_info</name>
         <load_address>0xfb7</load_address>
         <run_address>0xfb7</run_address>
         <size>0x17b</size>
         <input_file_ref idref="fl-3"/>
      </object_component>
      <object_component id="oc-297">
         <name>.debug_info</name>
         <load_address>0x1132</load_address>
         <run_address>0x1132</run_address>
         <size>0x16a</size>
         <input_file_ref idref="fl-3"/>
      </object_component>
      <object_component id="oc-1fb">
         <name>.debug_info</name>
         <load_address>0x129c</load_address>
         <run_address>0x129c</run_address>
         <size>0x1b0</size>
         <input_file_ref idref="fl-3"/>
      </object_component>
      <object_component id="oc-12e">
         <name>.debug_info</name>
         <load_address>0x144c</load_address>
         <run_address>0x144c</run_address>
         <size>0x166</size>
         <input_file_ref idref="fl-3"/>
      </object_component>
      <object_component id="oc-16e">
         <name>.debug_info</name>
         <load_address>0x15b2</load_address>
         <run_address>0x15b2</run_address>
         <size>0x157</size>
         <input_file_ref idref="fl-3"/>
      </object_component>
      <object_component id="oc-3b">
         <name>.debug_info</name>
         <load_address>0x1709</load_address>
         <run_address>0x1709</run_address>
         <size>0x126</size>
         <input_file_ref idref="fl-3"/>
      </object_component>
      <object_component id="oc-47">
         <name>.debug_info</name>
         <load_address>0x182f</load_address>
         <run_address>0x182f</run_address>
         <size>0x109</size>
         <input_file_ref idref="fl-3"/>
      </object_component>
      <object_component id="oc-4d">
         <name>.debug_info</name>
         <load_address>0x1938</load_address>
         <run_address>0x1938</run_address>
         <size>0x109</size>
         <input_file_ref idref="fl-3"/>
      </object_component>
      <object_component id="oc-53">
         <name>.debug_info</name>
         <load_address>0x1a41</load_address>
         <run_address>0x1a41</run_address>
         <size>0x109</size>
         <input_file_ref idref="fl-3"/>
      </object_component>
      <object_component id="oc-59">
         <name>.debug_info</name>
         <load_address>0x1b4a</load_address>
         <run_address>0x1b4a</run_address>
         <size>0x109</size>
         <input_file_ref idref="fl-3"/>
      </object_component>
      <object_component id="oc-5f">
         <name>.debug_info</name>
         <load_address>0x1c53</load_address>
         <run_address>0x1c53</run_address>
         <size>0x109</size>
         <input_file_ref idref="fl-3"/>
      </object_component>
      <object_component id="oc-65">
         <name>.debug_info</name>
         <load_address>0x1d5c</load_address>
         <run_address>0x1d5c</run_address>
         <size>0x109</size>
         <input_file_ref idref="fl-3"/>
      </object_component>
      <object_component id="oc-6b">
         <name>.debug_info</name>
         <load_address>0x1e65</load_address>
         <run_address>0x1e65</run_address>
         <size>0x126</size>
         <input_file_ref idref="fl-3"/>
      </object_component>
      <object_component id="oc-96">
         <name>.debug_info</name>
         <load_address>0x1f8b</load_address>
         <run_address>0x1f8b</run_address>
         <size>0x1bd</size>
         <input_file_ref idref="fl-4"/>
      </object_component>
      <object_component id="oc-34a">
         <name>.debug_info</name>
         <load_address>0x2148</load_address>
         <run_address>0x2148</run_address>
         <size>0x167</size>
         <input_file_ref idref="fl-4"/>
      </object_component>
      <object_component id="oc-2c0">
         <name>.debug_info</name>
         <load_address>0x22af</load_address>
         <run_address>0x22af</run_address>
         <size>0x1e4</size>
         <input_file_ref idref="fl-4"/>
      </object_component>
      <object_component id="oc-2f7">
         <name>.debug_info</name>
         <load_address>0x2493</load_address>
         <run_address>0x2493</run_address>
         <size>0x182</size>
         <input_file_ref idref="fl-4"/>
      </object_component>
      <object_component id="oc-2fd">
         <name>.debug_info</name>
         <load_address>0x2615</load_address>
         <run_address>0x2615</run_address>
         <size>0x1af</size>
         <input_file_ref idref="fl-4"/>
      </object_component>
      <object_component id="oc-26d">
         <name>.debug_info</name>
         <load_address>0x27c4</load_address>
         <run_address>0x27c4</run_address>
         <size>0x1b7</size>
         <input_file_ref idref="fl-4"/>
      </object_component>
      <object_component id="oc-28a">
         <name>.debug_info</name>
         <load_address>0x297b</load_address>
         <run_address>0x297b</run_address>
         <size>0x187</size>
         <input_file_ref idref="fl-4"/>
      </object_component>
      <object_component id="oc-291">
         <name>.debug_info</name>
         <load_address>0x2b02</load_address>
         <run_address>0x2b02</run_address>
         <size>0x18d</size>
         <input_file_ref idref="fl-4"/>
      </object_component>
      <object_component id="oc-277">
         <name>.debug_info</name>
         <load_address>0x2c8f</load_address>
         <run_address>0x2c8f</run_address>
         <size>0x156</size>
         <input_file_ref idref="fl-4"/>
      </object_component>
      <object_component id="oc-27e">
         <name>.debug_info</name>
         <load_address>0x2de5</load_address>
         <run_address>0x2de5</run_address>
         <size>0x156</size>
         <input_file_ref idref="fl-4"/>
      </object_component>
      <object_component id="oc-168">
         <name>.debug_info</name>
         <load_address>0x2f3b</load_address>
         <run_address>0x2f3b</run_address>
         <size>0x149</size>
         <input_file_ref idref="fl-4"/>
      </object_component>
      <object_component id="oc-1e3">
         <name>.debug_info</name>
         <load_address>0x3084</load_address>
         <run_address>0x3084</run_address>
         <size>0x107</size>
         <input_file_ref idref="fl-4"/>
      </object_component>
      <object_component id="oc-252">
         <name>.debug_info</name>
         <load_address>0x318b</load_address>
         <run_address>0x318b</run_address>
         <size>0x2b8</size>
         <input_file_ref idref="fl-4"/>
      </object_component>
      <object_component id="oc-1ea">
         <name>.debug_info</name>
         <load_address>0x3443</load_address>
         <run_address>0x3443</run_address>
         <size>0x112</size>
         <input_file_ref idref="fl-4"/>
      </object_component>
      <object_component id="oc-41">
         <name>.debug_info</name>
         <load_address>0x3555</load_address>
         <run_address>0x3555</run_address>
         <size>0x27d</size>
         <input_file_ref idref="fl-4"/>
      </object_component>
      <object_component id="oc-1ef">
         <name>.debug_info</name>
         <load_address>0x37d2</load_address>
         <run_address>0x37d2</run_address>
         <size>0x760</size>
         <input_file_ref idref="fl-4"/>
      </object_component>
      <object_component id="oc-35">
         <name>.debug_info</name>
         <load_address>0x3f32</load_address>
         <run_address>0x3f32</run_address>
         <size>0x10a</size>
         <input_file_ref idref="fl-6"/>
      </object_component>
      <object_component id="oc-88">
         <name>.debug_info</name>
         <load_address>0x403c</load_address>
         <run_address>0x403c</run_address>
         <size>0x10b</size>
         <input_file_ref idref="fl-6"/>
      </object_component>
      <object_component id="oc-1ca">
         <name>.debug_info</name>
         <load_address>0x4147</load_address>
         <run_address>0x4147</run_address>
         <size>0x155</size>
         <input_file_ref idref="fl-7"/>
      </object_component>
      <object_component id="oc-1bf">
         <name>.debug_info</name>
         <load_address>0x429c</load_address>
         <run_address>0x429c</run_address>
         <size>0x14d</size>
         <input_file_ref idref="fl-7"/>
      </object_component>
      <object_component id="oc-222">
         <name>.debug_info</name>
         <load_address>0x43e9</load_address>
         <run_address>0x43e9</run_address>
         <size>0x1ad</size>
         <input_file_ref idref="fl-7"/>
      </object_component>
      <object_component id="oc-228">
         <name>.debug_info</name>
         <load_address>0x4596</load_address>
         <run_address>0x4596</run_address>
         <size>0x1af</size>
         <input_file_ref idref="fl-7"/>
      </object_component>
      <object_component id="oc-1a5">
         <name>.debug_info</name>
         <load_address>0x4745</load_address>
         <run_address>0x4745</run_address>
         <size>0x181</size>
         <input_file_ref idref="fl-7"/>
      </object_component>
      <object_component id="oc-18e">
         <name>.debug_info</name>
         <load_address>0x48c6</load_address>
         <run_address>0x48c6</run_address>
         <size>0x154</size>
         <input_file_ref idref="fl-7"/>
      </object_component>
      <object_component id="oc-156">
         <name>.debug_info</name>
         <load_address>0x4a1a</load_address>
         <run_address>0x4a1a</run_address>
         <size>0x227</size>
         <input_file_ref idref="fl-7"/>
      </object_component>
      <object_component id="oc-1c4">
         <name>.debug_info</name>
         <load_address>0x4c41</load_address>
         <run_address>0x4c41</run_address>
         <size>0x835</size>
         <input_file_ref idref="fl-7"/>
      </object_component>
      <object_component id="oc-199">
         <name>.debug_info</name>
         <load_address>0x5476</load_address>
         <run_address>0x5476</run_address>
         <size>0x221</size>
         <input_file_ref idref="fl-7"/>
      </object_component>
      <object_component id="oc-1b2">
         <name>.debug_info</name>
         <load_address>0x5697</load_address>
         <run_address>0x5697</run_address>
         <size>0x157</size>
         <input_file_ref idref="fl-7"/>
      </object_component>
      <object_component id="oc-2c5">
         <name>.debug_info</name>
         <load_address>0x57ee</load_address>
         <run_address>0x57ee</run_address>
         <size>0x265</size>
         <input_file_ref idref="fl-11"/>
      </object_component>
      <object_component id="oc-cd">
         <name>.debug_info</name>
         <load_address>0x5a53</load_address>
         <run_address>0x5a53</run_address>
         <size>0x1fe</size>
         <input_file_ref idref="fl-13"/>
      </object_component>
      <object_component id="oc-c8">
         <name>.debug_info</name>
         <load_address>0x5c51</load_address>
         <run_address>0x5c51</run_address>
         <size>0x202</size>
         <input_file_ref idref="fl-13"/>
      </object_component>
      <object_component id="oc-1d0">
         <name>.debug_info</name>
         <load_address>0x5e53</load_address>
         <run_address>0x5e53</run_address>
         <size>0x21c</size>
         <input_file_ref idref="fl-13"/>
      </object_component>
      <object_component id="oc-1dc">
         <name>.debug_info</name>
         <load_address>0x606f</load_address>
         <run_address>0x606f</run_address>
         <size>0x202</size>
         <input_file_ref idref="fl-13"/>
      </object_component>
      <object_component id="oc-1d6">
         <name>.debug_info</name>
         <load_address>0x6271</load_address>
         <run_address>0x6271</run_address>
         <size>0x1e8</size>
         <input_file_ref idref="fl-13"/>
      </object_component>
      <object_component id="oc-15c">
         <name>.debug_info</name>
         <load_address>0x6459</load_address>
         <run_address>0x6459</run_address>
         <size>0x20f</size>
         <input_file_ref idref="fl-13"/>
      </object_component>
      <object_component id="oc-164">
         <name>.debug_info</name>
         <load_address>0x6668</load_address>
         <run_address>0x6668</run_address>
         <size>0x20a</size>
         <input_file_ref idref="fl-13"/>
      </object_component>
      <object_component id="oc-9c">
         <name>.debug_info</name>
         <load_address>0x6872</load_address>
         <run_address>0x6872</run_address>
         <size>0x2b2</size>
         <input_file_ref idref="fl-13"/>
      </object_component>
      <object_component id="oc-284">
         <name>.debug_info</name>
         <load_address>0x6b24</load_address>
         <run_address>0x6b24</run_address>
         <size>0x2aa</size>
         <input_file_ref idref="fl-14"/>
      </object_component>
      <object_component id="oc-266">
         <name>.debug_info</name>
         <load_address>0x6dce</load_address>
         <run_address>0x6dce</run_address>
         <size>0x283</size>
         <input_file_ref idref="fl-14"/>
      </object_component>
      <object_component id="oc-272">
         <name>.debug_info</name>
         <load_address>0x7051</load_address>
         <run_address>0x7051</run_address>
         <size>0x276</size>
         <input_file_ref idref="fl-14"/>
      </object_component>
      <object_component id="oc-259">
         <name>.debug_info</name>
         <load_address>0x72c7</load_address>
         <run_address>0x72c7</run_address>
         <size>0x22a</size>
         <input_file_ref idref="fl-14"/>
      </object_component>
      <object_component id="oc-25f">
         <name>.debug_info</name>
         <load_address>0x74f1</load_address>
         <run_address>0x74f1</run_address>
         <size>0x247</size>
         <input_file_ref idref="fl-14"/>
      </object_component>
      <object_component id="oc-23c">
         <name>.debug_info</name>
         <load_address>0x7738</load_address>
         <run_address>0x7738</run_address>
         <size>0x1f2</size>
         <input_file_ref idref="fl-15"/>
      </object_component>
      <object_component id="oc-22f">
         <name>.debug_info</name>
         <load_address>0x792a</load_address>
         <run_address>0x792a</run_address>
         <size>0x20e</size>
         <input_file_ref idref="fl-15"/>
      </object_component>
      <object_component id="oc-33b">
         <name>.debug_info</name>
         <load_address>0x7b38</load_address>
         <run_address>0x7b38</run_address>
         <size>0x1e4</size>
         <input_file_ref idref="fl-15"/>
      </object_component>
      <object_component id="oc-360">
         <name>.debug_info</name>
         <load_address>0x7d1c</load_address>
         <run_address>0x7d1c</run_address>
         <size>0x217</size>
         <input_file_ref idref="fl-15"/>
      </object_component>
      <object_component id="oc-329">
         <name>.debug_info</name>
         <load_address>0x7f33</load_address>
         <run_address>0x7f33</run_address>
         <size>0x244</size>
         <input_file_ref idref="fl-15"/>
      </object_component>
      <object_component id="oc-311">
         <name>.debug_info</name>
         <load_address>0x8177</load_address>
         <run_address>0x8177</run_address>
         <size>0x242</size>
         <input_file_ref idref="fl-15"/>
      </object_component>
      <object_component id="oc-316">
         <name>.debug_info</name>
         <load_address>0x83b9</load_address>
         <run_address>0x83b9</run_address>
         <size>0x24a</size>
         <input_file_ref idref="fl-15"/>
      </object_component>
      <object_component id="oc-32e">
         <name>.debug_info</name>
         <load_address>0x8603</load_address>
         <run_address>0x8603</run_address>
         <size>0x24d</size>
         <input_file_ref idref="fl-15"/>
      </object_component>
      <object_component id="oc-31c">
         <name>.debug_info</name>
         <load_address>0x8850</load_address>
         <run_address>0x8850</run_address>
         <size>0x24e</size>
         <input_file_ref idref="fl-15"/>
      </object_component>
      <object_component id="oc-36b">
         <name>.debug_info</name>
         <load_address>0x8a9e</load_address>
         <run_address>0x8a9e</run_address>
         <size>0x258</size>
         <input_file_ref idref="fl-15"/>
      </object_component>
      <object_component id="oc-322">
         <name>.debug_info</name>
         <load_address>0x8cf6</load_address>
         <run_address>0x8cf6</run_address>
         <size>0x27c</size>
         <input_file_ref idref="fl-15"/>
      </object_component>
      <object_component id="oc-334">
         <name>.debug_info</name>
         <load_address>0x8f72</load_address>
         <run_address>0x8f72</run_address>
         <size>0x241</size>
         <input_file_ref idref="fl-15"/>
      </object_component>
      <object_component id="oc-1ab">
         <name>.debug_info</name>
         <load_address>0x91b3</load_address>
         <run_address>0x91b3</run_address>
         <size>0x277</size>
         <input_file_ref idref="fl-15"/>
      </object_component>
      <object_component id="oc-19f">
         <name>.debug_info</name>
         <load_address>0x942a</load_address>
         <run_address>0x942a</run_address>
         <size>0x51a</size>
         <input_file_ref idref="fl-15"/>
      </object_component>
      <object_component id="oc-2b1">
         <name>.debug_info</name>
         <load_address>0x9944</load_address>
         <run_address>0x9944</run_address>
         <size>0x3ba</size>
         <input_file_ref idref="fl-15"/>
      </object_component>
      <object_component id="oc-235">
         <name>.debug_info</name>
         <load_address>0x9cfe</load_address>
         <run_address>0x9cfe</run_address>
         <size>0x243</size>
         <input_file_ref idref="fl-15"/>
      </object_component>
      <object_component id="oc-1b8">
         <name>.debug_info</name>
         <load_address>0x9f41</load_address>
         <run_address>0x9f41</run_address>
         <size>0x251</size>
         <input_file_ref idref="fl-15"/>
      </object_component>
      <object_component id="oc-193">
         <name>.debug_info</name>
         <load_address>0xa192</load_address>
         <run_address>0xa192</run_address>
         <size>0x241</size>
         <input_file_ref idref="fl-15"/>
      </object_component>
      <object_component id="oc-bc">
         <name>.debug_info</name>
         <load_address>0xa3d3</load_address>
         <run_address>0xa3d3</run_address>
         <size>0x158</size>
         <input_file_ref idref="fl-21"/>
      </object_component>
      <object_component id="oc-1f8">
         <name>.debug_info</name>
         <load_address>0xa52b</load_address>
         <run_address>0xa52b</run_address>
         <size>0x127</size>
         <input_file_ref idref="fl-22"/>
      </object_component>
      <object_component id="oc-e3">
         <name>.debug_info</name>
         <load_address>0xa652</load_address>
         <run_address>0xa652</run_address>
         <size>0x14d</size>
         <input_file_ref idref="fl-23"/>
      </object_component>
      <object_component id="oc-fe">
         <name>.debug_info</name>
         <load_address>0xa79f</load_address>
         <run_address>0xa79f</run_address>
         <size>0x1bf</size>
         <input_file_ref idref="fl-24"/>
      </object_component>
      <object_component id="oc-7c">
         <name>.debug_info</name>
         <load_address>0xa95e</load_address>
         <run_address>0xa95e</run_address>
         <size>0x1b6</size>
         <input_file_ref idref="fl-25"/>
      </object_component>
      <object_component id="oc-30">
         <name>.debug_info</name>
         <load_address>0xab14</load_address>
         <run_address>0xab14</run_address>
         <size>0x1b7</size>
         <input_file_ref idref="fl-26"/>
      </object_component>
      <object_component id="oc-28">
         <name>.debug_info</name>
         <load_address>0xaccb</load_address>
         <run_address>0xaccb</run_address>
         <size>0x20c</size>
         <input_file_ref idref="fl-27"/>
      </object_component>
      <object_component id="oc-136">
         <name>.debug_info</name>
         <load_address>0xaed7</load_address>
         <run_address>0xaed7</run_address>
         <size>0x19e</size>
         <input_file_ref idref="fl-28"/>
      </object_component>
      <object_component id="oc-ed">
         <name>.debug_info</name>
         <load_address>0xb075</load_address>
         <run_address>0xb075</run_address>
         <size>0x1a9</size>
         <input_file_ref idref="fl-28"/>
      </object_component>
      <object_component id="oc-139">
         <name>.debug_info</name>
         <load_address>0xb21e</load_address>
         <run_address>0xb21e</run_address>
         <size>0x107</size>
         <input_file_ref idref="fl-29"/>
      </object_component>
      <object_component id="oc-211">
         <name>.debug_info</name>
         <load_address>0xb325</load_address>
         <run_address>0xb325</run_address>
         <size>0x10b</size>
         <input_file_ref idref="fl-29"/>
      </object_component>
      <object_component id="oc-17a">
         <name>.debug_info</name>
         <load_address>0xb430</load_address>
         <run_address>0xb430</run_address>
         <size>0x203</size>
         <input_file_ref idref="fl-29"/>
      </object_component>
      <object_component id="oc-ea">
         <name>.debug_info</name>
         <load_address>0xb633</load_address>
         <run_address>0xb633</run_address>
         <size>0x15d</size>
         <input_file_ref idref="fl-2a"/>
      </object_component>
      <object_component id="oc-77">
         <name>.debug_info</name>
         <load_address>0xb790</load_address>
         <run_address>0xb790</run_address>
         <size>0x19b</size>
         <input_file_ref idref="fl-2d"/>
      </object_component>
      <object_component id="oc-142">
         <name>.debug_info</name>
         <load_address>0xb92b</load_address>
         <run_address>0xb92b</run_address>
         <size>0x147</size>
         <input_file_ref idref="fl-2e"/>
      </object_component>
      <object_component id="oc-3c2">
         <name>.debug_info</name>
         <load_address>0xba72</load_address>
         <run_address>0xba72</run_address>
         <size>0xaa</size>
      </object_component>
      <object_component id="oc-373">
         <name>.debug_line</name>
         <load_address>0x0</load_address>
         <run_address>0x0</run_address>
         <size>0x30</size>
         <input_file_ref idref="fl-2"/>
      </object_component>
      <object_component id="oc-2bd">
         <name>.debug_line</name>
         <load_address>0x30</load_address>
         <run_address>0x30</run_address>
         <size>0x56</size>
         <input_file_ref idref="fl-2"/>
      </object_component>
      <object_component id="oc-2cb">
         <name>.debug_line</name>
         <load_address>0x86</load_address>
         <run_address>0x86</run_address>
         <size>0x41</size>
         <input_file_ref idref="fl-2"/>
      </object_component>
      <object_component id="oc-2d1">
         <name>.debug_line</name>
         <load_address>0xc7</load_address>
         <run_address>0xc7</run_address>
         <size>0x41</size>
         <input_file_ref idref="fl-2"/>
      </object_component>
      <object_component id="oc-2d7">
         <name>.debug_line</name>
         <load_address>0x108</load_address>
         <run_address>0x108</run_address>
         <size>0x41</size>
         <input_file_ref idref="fl-2"/>
      </object_component>
      <object_component id="oc-2dd">
         <name>.debug_line</name>
         <load_address>0x149</load_address>
         <run_address>0x149</run_address>
         <size>0x41</size>
         <input_file_ref idref="fl-2"/>
      </object_component>
      <object_component id="oc-2e6">
         <name>.debug_line</name>
         <load_address>0x18a</load_address>
         <run_address>0x18a</run_address>
         <size>0x41</size>
         <input_file_ref idref="fl-2"/>
      </object_component>
      <object_component id="oc-2e9">
         <name>.debug_line</name>
         <load_address>0x1cb</load_address>
         <run_address>0x1cb</run_address>
         <size>0x41</size>
         <input_file_ref idref="fl-2"/>
      </object_component>
      <object_component id="oc-2f2">
         <name>.debug_line</name>
         <load_address>0x20c</load_address>
         <run_address>0x20c</run_address>
         <size>0x41</size>
         <input_file_ref idref="fl-2"/>
      </object_component>
      <object_component id="oc-377">
         <name>.debug_line</name>
         <load_address>0x24d</load_address>
         <run_address>0x24d</run_address>
         <size>0x21</size>
         <input_file_ref idref="fl-2"/>
      </object_component>
      <object_component id="oc-2a5">
         <name>.debug_line</name>
         <load_address>0x26e</load_address>
         <run_address>0x26e</run_address>
         <size>0x36</size>
         <input_file_ref idref="fl-3"/>
      </object_component>
      <object_component id="oc-2a7">
         <name>.debug_line</name>
         <load_address>0x2a4</load_address>
         <run_address>0x2a4</run_address>
         <size>0x36</size>
         <input_file_ref idref="fl-3"/>
      </object_component>
      <object_component id="oc-2a3">
         <name>.debug_line</name>
         <load_address>0x2da</load_address>
         <run_address>0x2da</run_address>
         <size>0x36</size>
         <input_file_ref idref="fl-3"/>
      </object_component>
      <object_component id="oc-29f">
         <name>.debug_line</name>
         <load_address>0x310</load_address>
         <run_address>0x310</run_address>
         <size>0x36</size>
         <input_file_ref idref="fl-3"/>
      </object_component>
      <object_component id="oc-2a1">
         <name>.debug_line</name>
         <load_address>0x346</load_address>
         <run_address>0x346</run_address>
         <size>0x36</size>
         <input_file_ref idref="fl-3"/>
      </object_component>
      <object_component id="oc-375">
         <name>.debug_line</name>
         <load_address>0x37c</load_address>
         <run_address>0x37c</run_address>
         <size>0x36</size>
         <input_file_ref idref="fl-3"/>
      </object_component>
      <object_component id="oc-91">
         <name>.debug_line</name>
         <load_address>0x3b2</load_address>
         <run_address>0x3b2</run_address>
         <size>0x7d</size>
         <input_file_ref idref="fl-3"/>
      </object_component>
      <object_component id="oc-29b">
         <name>.debug_line</name>
         <load_address>0x42f</load_address>
         <run_address>0x42f</run_address>
         <size>0x77</size>
         <input_file_ref idref="fl-3"/>
      </object_component>
      <object_component id="oc-1ff">
         <name>.debug_line</name>
         <load_address>0x4a6</load_address>
         <run_address>0x4a6</run_address>
         <size>0x7a</size>
         <input_file_ref idref="fl-3"/>
      </object_component>
      <object_component id="oc-131">
         <name>.debug_line</name>
         <load_address>0x520</load_address>
         <run_address>0x520</run_address>
         <size>0x50</size>
         <input_file_ref idref="fl-3"/>
      </object_component>
      <object_component id="oc-172">
         <name>.debug_line</name>
         <load_address>0x570</load_address>
         <run_address>0x570</run_address>
         <size>0x6d</size>
         <input_file_ref idref="fl-3"/>
      </object_component>
      <object_component id="oc-3e">
         <name>.debug_line</name>
         <load_address>0x5dd</load_address>
         <run_address>0x5dd</run_address>
         <size>0x4c</size>
         <input_file_ref idref="fl-3"/>
      </object_component>
      <object_component id="oc-4b">
         <name>.debug_line</name>
         <load_address>0x629</load_address>
         <run_address>0x629</run_address>
         <size>0x4c</size>
         <input_file_ref idref="fl-3"/>
      </object_component>
      <object_component id="oc-50">
         <name>.debug_line</name>
         <load_address>0x675</load_address>
         <run_address>0x675</run_address>
         <size>0x4c</size>
         <input_file_ref idref="fl-3"/>
      </object_component>
      <object_component id="oc-56">
         <name>.debug_line</name>
         <load_address>0x6c1</load_address>
         <run_address>0x6c1</run_address>
         <size>0x4c</size>
         <input_file_ref idref="fl-3"/>
      </object_component>
      <object_component id="oc-5c">
         <name>.debug_line</name>
         <load_address>0x70d</load_address>
         <run_address>0x70d</run_address>
         <size>0x4c</size>
         <input_file_ref idref="fl-3"/>
      </object_component>
      <object_component id="oc-63">
         <name>.debug_line</name>
         <load_address>0x759</load_address>
         <run_address>0x759</run_address>
         <size>0x4c</size>
         <input_file_ref idref="fl-3"/>
      </object_component>
      <object_component id="oc-69">
         <name>.debug_line</name>
         <load_address>0x7a5</load_address>
         <run_address>0x7a5</run_address>
         <size>0x4c</size>
         <input_file_ref idref="fl-3"/>
      </object_component>
      <object_component id="oc-6f">
         <name>.debug_line</name>
         <load_address>0x7f1</load_address>
         <run_address>0x7f1</run_address>
         <size>0x4c</size>
         <input_file_ref idref="fl-3"/>
      </object_component>
      <object_component id="oc-c3">
         <name>.debug_line</name>
         <load_address>0x83d</load_address>
         <run_address>0x83d</run_address>
         <size>0x21</size>
         <input_file_ref idref="fl-3"/>
      </object_component>
      <object_component id="oc-9a">
         <name>.debug_line</name>
         <load_address>0x85e</load_address>
         <run_address>0x85e</run_address>
         <size>0x80</size>
         <input_file_ref idref="fl-4"/>
      </object_component>
      <object_component id="oc-34d">
         <name>.debug_line</name>
         <load_address>0x8de</load_address>
         <run_address>0x8de</run_address>
         <size>0x77</size>
         <input_file_ref idref="fl-4"/>
      </object_component>
      <object_component id="oc-2bf">
         <name>.debug_line</name>
         <load_address>0x955</load_address>
         <run_address>0x955</run_address>
         <size>0x7a</size>
         <input_file_ref idref="fl-4"/>
      </object_component>
      <object_component id="oc-2f6">
         <name>.debug_line</name>
         <load_address>0x9cf</load_address>
         <run_address>0x9cf</run_address>
         <size>0x7a</size>
         <input_file_ref idref="fl-4"/>
      </object_component>
      <object_component id="oc-2fc">
         <name>.debug_line</name>
         <load_address>0xa49</load_address>
         <run_address>0xa49</run_address>
         <size>0x7a</size>
         <input_file_ref idref="fl-4"/>
      </object_component>
      <object_component id="oc-26b">
         <name>.debug_line</name>
         <load_address>0xac3</load_address>
         <run_address>0xac3</run_address>
         <size>0x83</size>
         <input_file_ref idref="fl-4"/>
      </object_component>
      <object_component id="oc-289">
         <name>.debug_line</name>
         <load_address>0xb46</load_address>
         <run_address>0xb46</run_address>
         <size>0x7c</size>
         <input_file_ref idref="fl-4"/>
      </object_component>
      <object_component id="oc-28f">
         <name>.debug_line</name>
         <load_address>0xbc2</load_address>
         <run_address>0xbc2</run_address>
         <size>0x7c</size>
         <input_file_ref idref="fl-4"/>
      </object_component>
      <object_component id="oc-27b">
         <name>.debug_line</name>
         <load_address>0xc3e</load_address>
         <run_address>0xc3e</run_address>
         <size>0x7c</size>
         <input_file_ref idref="fl-4"/>
      </object_component>
      <object_component id="oc-27d">
         <name>.debug_line</name>
         <load_address>0xcba</load_address>
         <run_address>0xcba</run_address>
         <size>0x7c</size>
         <input_file_ref idref="fl-4"/>
      </object_component>
      <object_component id="oc-16c">
         <name>.debug_line</name>
         <load_address>0xd36</load_address>
         <run_address>0xd36</run_address>
         <size>0x4b</size>
         <input_file_ref idref="fl-4"/>
      </object_component>
      <object_component id="oc-1e7">
         <name>.debug_line</name>
         <load_address>0xd81</load_address>
         <run_address>0xd81</run_address>
         <size>0x41</size>
         <input_file_ref idref="fl-4"/>
      </object_component>
      <object_component id="oc-255">
         <name>.debug_line</name>
         <load_address>0xdc2</load_address>
         <run_address>0xdc2</run_address>
         <size>0x5e</size>
         <input_file_ref idref="fl-4"/>
      </object_component>
      <object_component id="oc-1ed">
         <name>.debug_line</name>
         <load_address>0xe20</load_address>
         <run_address>0xe20</run_address>
         <size>0x49</size>
         <input_file_ref idref="fl-4"/>
      </object_component>
      <object_component id="oc-44">
         <name>.debug_line</name>
         <load_address>0xe69</load_address>
         <run_address>0xe69</run_address>
         <size>0x58</size>
         <input_file_ref idref="fl-4"/>
      </object_component>
      <object_component id="oc-1f3">
         <name>.debug_line</name>
         <load_address>0xec1</load_address>
         <run_address>0xec1</run_address>
         <size>0x8c</size>
         <input_file_ref idref="fl-4"/>
      </object_component>
      <object_component id="oc-d5">
         <name>.debug_line</name>
         <load_address>0xf4d</load_address>
         <run_address>0xf4d</run_address>
         <size>0xb5</size>
[...]
         <unused_space>0x1000</unused_space>
         <attributes>RWIX</attributes>
         <usage_details>
         </usage_details>
      </memory_area>
      <memory_area display="yes" color="green">
         <name>RAMGS14</name>
         <page_id>0x1</page_id>
         <origin>0x1a000</origin>
         <length>0x1000</length>
         <used_space>0x0</used_space>
         <unused_space>0x1000</unused_space>
         <attributes>RWIX</attributes>
         <usage_details>
         </usage_details>
      </memory_area>
      <memory_area display="yes" color="green">
         <name>RAMGS15</name>
         <page_id>0x1</page_id>
         <origin>0x1b000</origin>
         <length>0xff8</length>
         <used_space>0x0</used_space>
         <unused_space>0xff8</unused_space>
         <attributes>RWIX</attributes>
         <usage_details>
         </usage_details>
      </memory_area>
      <memory_area display="yes" color="green">
         <name>CANA_MSG_RAM</name>
         <page_id>0x1</page_id>
         <origin>0x49000</origin>
         <length>0x800</length>
         <used_space>0x0</used_space>
         <unused_space>0x800</unused_space>
         <attributes>RWIX</attributes>
         <usage_details>
         </usage_details>
      </memory_area>
      <memory_area display="yes" color="green">
         <name>CANB_MSG_RAM</name>
         <page_id>0x1</page_id>
         <origin>0x4b000</origin>
         <length>0x800</length>
         <used_space>0x0</used_space>
         <unused_space>0x800</unused_space>
         <attributes>RWIX</attributes>
         <usage_details>
         </usage_details>
      </memory_area>
      <memory_area display="yes" color="green">
         <name>EMIF1_CS2n</name>
         <page_id>0x1</page_id>
         <origin>0x100000</origin>
         <length>0x200000</length>
         <used_space>0x0</used_space>
         <unused_space>0x200000</unused_space>
         <attributes>RWIX</attributes>
         <usage_details>
         </usage_details>
      </memory_area>
      <memory_area display="yes" color="green">
         <name>EMIF1_CS3n</name>
         <page_id>0x1</page_id>
         <origin>0x300000</origin>
         <length>0x80000</length>
         <used_space>0x0</used_space>
         <unused_space>0x80000</unused_space>
         <attributes>RWIX</attributes>
         <usage_details>
         </usage_details>
      </memory_area>
      <memory_area display="yes" color="green">
         <name>EMIF1_CS4n</name>
         <page_id>0x1</page_id>
         <origin>0x380000</origin>
         <length>0x60000</length>
         <used_space>0x0</used_space>
         <unused_space>0x60000</unused_space>
         <attributes>RWIX</attributes>
         <usage_details>
         </usage_details>
      </memory_area>
      <memory_area display="yes" color="green">
         <name>EMIF1_CS0n</name>
         <page_id>0x1</page_id>
         <origin>0x80000000</origin>
         <length>0x10000000</length>
         <used_space>0x0</used_space>
         <unused_space>0x10000000</unused_space>
         <attributes>RWIX</attributes>
         <usage_details>
         </usage_details>
      </memory_area>
      <memory_area display="yes" color="green">
         <name>EMIF2_CS0n</name>
         <page_id>0x1</page_id>
         <origin>0x90000000</origin>
         <length>0x10000000</length>
         <used_space>0x0</used_space>
         <unused_space>0x10000000</unused_space>
         <attributes>RWIX</attributes>
         <usage_details>
         </usage_details>
      </memory_area>
   </placement_map>
   <cptbl_list>
      <cptbl>
         <name>__TI_cinit_table</name>
         <cprec>
            <name>CLADataLS0</name>
            <load_address>0x128</load_address>
            <load_size>0x184</load_size>
            <run_address>0x8000</run_address>
            <run_size>0x180</run_size>
            <compression>copy</compression>
         </cprec>
         <cprec>
            <name>.data</name>
            <load_address>0x2ac</load_address>
            <load_size>0x92</load_size>
            <run_address>0x99f2</run_address>
            <run_size>0x92</run_size>
            <compression>lzss</compression>
         </cprec>
         <cprec>
            <name>.bss</name>
            <load_address>0x344</load_address>
            <load_size>0x4</load_size>
            <run_address>0x9000</run_address>
            <run_size>0x80</run_size>
            <compression>zero_init</compression>
         </cprec>
         <cprec>
            <name>.bss_cla</name>
            <load_address>0x348</load_address>
            <load_size>0x4</load_size>
            <run_address>0x890c</run_address>
            <run_size>0x1</run_size>
            <compression>zero_init</compression>
         </cprec>
         <cprec>
            <name>.scratchpad</name>
            <load_address>0x34c</load_address>
            <load_size>0x4</load_size>
            <run_address>0x8900</run_address>
            <run_size>0xc</run_size>
            <compression>zero_init</compression>
         </cprec>
         <cprec>
            <name>Cla1ToCpuMsgRAM</name>
            <load_address>0x350</load_address>
            <load_size>0x4</load_size>
            <run_address>0x1480</run_address>
            <run_size>0x4</run_size>
            <compression>zero_init</compression>
         </cprec>
         <cprec>
            <name>CpuToCla1MsgRAM</name>
            <load_address>0x354</load_address>
            <load_size>0x4</load_size>
            <run_address>0x1500</run_address>
            <run_size>0x2</run_size>
            <compression>zero_init</compression>
         </cprec>
      </cptbl>
   </cptbl_list>
   <handler_table>
      <handler_table_name>__TI_handler_table</handler_table_name>
      <handler>
         <index>0x0</index>
         <name>__TI_zero_init</name>
      </handler>
      <handler>
         <index>0x1</index>
         <name>__TI_decompress_lzss</name>
      </handler>
      <handler>
         <index>0x2</index>
         <name>__TI_decompress_none</name>
      </handler>
   </handler_table>
   <symbol_table>
      <symbol id="sm-1">
         <name>CLA_SCRATCHPAD_SIZE</name>
         <value>0x100</value>
      </symbol>
      <symbol id="sm-2">
         <name>__TI_CINIT_Base</name>
         <value>0x358</value>
      </symbol>
      <symbol id="sm-3">
         <name>__TI_CINIT_Limit</name>
         <value>0x374</value>
      </symbol>
      <symbol id="sm-4">
         <name>__TI_CINIT_Warm</name>
         <value>0x374</value>
      </symbol>
      <symbol id="sm-5">
         <name>__TI_Handler_Table_Base</name>
         <value>0x33e</value>
      </symbol>
      <symbol id="sm-6">
         <name>__TI_Handler_Table_Limit</name>
         <value>0x344</value>
      </symbol>
      <symbol id="sm-7">
         <name>__TI_STACK_SIZE</name>
         <value>0x3f8</value>
      </symbol>
      <symbol id="sm-8">
         <name>__TI_STACK_END</name>
         <value>0x7f8</value>
      </symbol>
      <symbol id="sm-9">
         <name>__TI_pprof_out_hndl</name>
         <value>0xffffffff</value>
      </symbol>
      <symbol id="sm-a">
         <name>__TI_prof_data_start</name>
         <value>0xffffffff</value>
      </symbol>
      <symbol id="sm-b">
         <name>__TI_prof_data_size</name>
         <value>0xffffffff</value>
      </symbol>
      <symbol id="sm-84">
         <name>taskcount</name>
         <value>0x890c</value>
         <object_component_ref idref="oc-340"/>
      </symbol>
      <symbol id="sm-85">
         <name>Cla1Task2</name>
         <value>0xa094</value>
         <object_component_ref idref="oc-2ca"/>
      </symbol>
      <symbol id="sm-86">
         <name>Cla1Task3</name>
         <value>0xa09c</value>
         <object_component_ref idref="oc-2d0"/>
      </symbol>
      <symbol id="sm-87">
         <name>Cla1Task1</name>
         <value>0xa000</value>
         <object_component_ref idref="oc-2b8"/>
      </symbol>
      <symbol id="sm-88">
         <name>Cla1Task6</name>
         <value>0xa0b4</value>
         <object_component_ref idref="oc-2e2"/>
      </symbol>
      <symbol id="sm-89">
         <name>Cla1Task7</name>
         <value>0xa0bc</value>
         <object_component_ref idref="oc-2e8"/>
      </symbol>
      <symbol id="sm-8a">
         <name>Cla1Task4</name>
         <value>0xa0a4</value>
         <object_component_ref idref="oc-2d6"/>
      </symbol>
      <symbol id="sm-8b">
         <name>Cla1Task5</name>
         <value>0xa0ac</value>
         <object_component_ref idref="oc-2dc"/>
      </symbol>
      <symbol id="sm-8c">
         <name>Cla1Task8</name>
         <value>0xa0c4</value>
         <object_component_ref idref="oc-2ee"/>
      </symbol>
      <symbol id="sm-118">
         <name>y</name>
         <value>0x9000</value>
         <object_component_ref idref="oc-200"/>
      </symbol>
      <symbol id="sm-119">
         <name>CLAasinTable</name>
         <value>0x8000</value>
         <object_component_ref idref="oc-344"/>
      </symbol>
      <symbol id="sm-11a">
         <name>fResult</name>
         <value>0x1482</value>
         <object_component_ref idref="oc-209"/>
      </symbol>
      <symbol id="sm-11b">
         <name>main</name>
         <value>0xbdee</value>
         <object_component_ref idref="oc-12d"/>
      </symbol>
      <symbol id="sm-11c">
         <name>CLA_runTest</name>
         <value>0xb861</value>
         <object_component_ref idref="oc-16d"/>
      </symbol>
      <symbol id="sm-11d">
         <name>pass</name>
         <value>0x9a82</value>
         <object_component_ref idref="oc-20c"/>
      </symbol>
      <symbol id="sm-11e">
         <name>counter</name>
         <value>0x1480</value>
         <object_component_ref idref="oc-209"/>
      </symbol>
      <symbol id="sm-11f">
         <name>fail</name>
         <value>0x9a83</value>
         <object_component_ref idref="oc-20c"/>
      </symbol>
      <symbol id="sm-120">
         <name>asin_expected</name>
         <value>0x99f2</value>
         <object_component_ref idref="oc-203"/>
      </symbol>
      <symbol id="sm-121">
         <name>cla1Isr4</name>
         <value>0xbda4</value>
         <object_component_ref idref="oc-52"/>
      </symbol>
      <symbol id="sm-122">
         <name>cla1Isr5</name>
         <value>0xbdb3</value>
         <object_component_ref idref="oc-58"/>
      </symbol>
      <symbol id="sm-123">
         <name>cla1Isr6</name>
         <value>0xbdc2</value>
         <object_component_ref idref="oc-5e"/>
      </symbol>
      <symbol id="sm-124">
         <name>cla1Isr7</name>
         <value>0xbdd1</value>
         <object_component_ref idref="oc-64"/>
      </symbol>
      <symbol id="sm-125">
         <name>cla1Isr1</name>
         <value>0xba3a</value>
         <object_component_ref idref="oc-3a"/>
      </symbol>
      <symbol id="sm-126">
         <name>cla1Isr2</name>
         <value>0xbd86</value>
         <object_component_ref idref="oc-46"/>
      </symbol>
      <symbol id="sm-127">
         <name>cla1Isr3</name>
         <value>0xbd95</value>
         <object_component_ref idref="oc-4c"/>
      </symbol>
      <symbol id="sm-128">
         <name>cla1Isr8</name>
         <value>0xba69</value>
         <object_component_ref idref="oc-6a"/>
      </symbol>
      <symbol id="sm-129">
         <name>fVal</name>
         <value>0x1500</value>
         <object_component_ref idref="oc-206"/>
      </symbol>
      <symbol id="sm-1b6">
         <name>INTERRUPT_init</name>
         <value>0xb800</value>
         <object_component_ref idref="oc-40"/>
      </symbol>
      <symbol id="sm-1b7">
         <name>PinMux_init</name>
         <value>0xbebc</value>
         <object_component_ref idref="oc-1e2"/>
      </symbol>
      <symbol id="sm-1b8">
         <name>Board_init</name>
         <value>0xbe3c</value>
         <object_component_ref idref="oc-167"/>
      </symbol>
      <symbol id="sm-1b9">
         <name>MEMCFG_init</name>
         <value>0xb206</value>
         <object_component_ref idref="oc-1ee"/>
      </symbol>
      <symbol id="sm-1ba">
         <name>CLA_init</name>
         <value>0xb7fd</value>
         <object_component_ref idref="oc-1e8"/>
      </symbol>
      <symbol id="sm-1bb">
         <name>myCLA0_init</name>
         <value>0xb764</value>
         <object_component_ref idref="oc-251"/>
      </symbol>
      <symbol id="sm-1cb">
         <name>code_start</name>
         <value>0x0</value>
         <object_component_ref idref="oc-34"/>
      </symbol>
      <symbol id="sm-21f">
         <name>Device_enableAllPeripherals</name>
         <value>0xb367</value>
         <object_component_ref idref="oc-1c3"/>
      </symbol>
      <symbol id="sm-220">
         <name>Example_Fail</name>
         <value>0x9a76</value>
         <object_component_ref idref="oc-1c9"/>
      </symbol>
      <symbol id="sm-221">
         <name>Device_init</name>
         <value>0xb953</value>
         <object_component_ref idref="oc-155"/>
      </symbol>
      <symbol id="sm-222">
         <name>Example_Result</name>
         <value>0x9a72</value>
         <object_component_ref idref="oc-1c9"/>
      </symbol>
      <symbol id="sm-223">
         <name>__error__</name>
         <value>0xbea9</value>
         <object_component_ref idref="oc-1b1"/>
      </symbol>
      <symbol id="sm-224">
         <name>Device_configureTMXAnalogTrim</name>
         <value>0xba09</value>
         <object_component_ref idref="oc-198"/>
      </symbol>
      <symbol id="sm-225">
         <name>Example_PassCount</name>
         <value>0x9a74</value>
         <object_component_ref idref="oc-1c9"/>
      </symbol>
      <symbol id="sm-234">
         <name>CLA_setTriggerSource</name>
         <value>0xbb1a</value>
         <object_component_ref idref="oc-2c4"/>
      </symbol>
      <symbol id="sm-287">
         <name>Interrupt_initModule</name>
         <value>0xb995</value>
         <object_component_ref idref="oc-15b"/>
      </symbol>
      <symbol id="sm-288">
         <name>Interrupt_enable</name>
         <value>0xb7c6</value>
         <object_component_ref idref="oc-9b"/>
      </symbol>
      <symbol id="sm-289">
         <name>Interrupt_initVectorTable</name>
         <value>0xbbca</value>
         <object_component_ref idref="oc-161"/>
      </symbol>
      <symbol id="sm-2d7">
         <name>MemCfg_initSections</name>
         <value>0xb680</value>
         <object_component_ref idref="oc-258"/>
      </symbol>
      <symbol id="sm-2d8">
         <name>MemCfg_setGSRAMMasterSel</name>
         <value>0xbb40</value>
         <object_component_ref idref="oc-270"/>
      </symbol>
      <symbol id="sm-2d9">
         <name>MemCfg_setLSRAMMasterSel</name>
         <value>0xb9d2</value>
         <object_component_ref idref="oc-264"/>
      </symbol>
      <symbol id="sm-2da">
         <name>MemCfg_setProtection</name>
         <value>0xb4e3</value>
         <object_component_ref idref="oc-282"/>
      </symbol>
      <symbol id="sm-2db">
         <name>MemCfg_getInitStatus</name>
         <value>0xb452</value>
         <object_component_ref idref="oc-25e"/>
      </symbol>
      <symbol id="sm-3b4">
         <name>SysCtl_delay</name>
         <value>0x123</value>
         <object_component_ref idref="oc-23a"/>
      </symbol>
      <symbol id="sm-3b5">
         <name>SysCtl_getDeviceParametric</name>
         <value>0xb6fc</value>
         <object_component_ref idref="oc-192"/>
      </symbol>
      <symbol id="sm-3b6">
         <name>SysCtl_selectXTAL</name>
         <value>0xb56e</value>
         <object_component_ref idref="oc-2b0"/>
      </symbol>
      <symbol id="sm-3b7">
         <name>SysCtl_selectOscSource</name>
         <value>0xb90b</value>
         <object_component_ref idref="oc-234"/>
      </symbol>
      <symbol id="sm-3b8">
         <name>SysCtl_getLowSpeedClock</name>
         <value>0xbc1f</value>
         <object_component_ref idref="oc-1b7"/>
      </symbol>
      <symbol id="sm-3b9">
         <name>SysCtl_setClock</name>
         <value>0xb000</value>
         <object_component_ref idref="oc-19e"/>
      </symbol>
      <symbol id="sm-3ba">
         <name>SysCtl_getClock</name>
         <value>0xb8ba</value>
         <object_component_ref idref="oc-1aa"/>
      </symbol>
      <symbol id="sm-3c4">
         <name>_c_int00</name>
         <value>0xbc7f</value>
         <object_component_ref idref="oc-bb"/>
      </symbol>
      <symbol id="sm-3c5">
         <name>__stack</name>
         <value>0x400</value>
         <object_component_ref idref="oc-70"/>
      </symbol>
      <symbol id="sm-3d2">
         <name>__c28xabi_divf</name>
         <value>0xb5f8</value>
         <object_component_ref idref="oc-1f5"/>
      </symbol>
      <symbol id="sm-3df">
         <name>_system_pre_init</name>
         <value>0xbeba</value>
         <object_component_ref idref="oc-df"/>
      </symbol>
      <symbol id="sm-3ee">
         <name>__TI_auto_init_nobinit_nopinit</name>
         <value>0xbac6</value>
         <object_component_ref idref="oc-fd"/>
      </symbol>
      <symbol id="sm-3fd">
         <name>__TI_zero_init_nomemset</name>
         <value>0xbe23</value>
         <object_component_ref idref="oc-7b"/>
      </symbol>
      <symbol id="sm-40a">
         <name>__TI_decompress_none</name>
         <value>0xbe9a</value>
         <object_component_ref idref="oc-2d"/>
      </symbol>
      <symbol id="sm-41e">
         <name>__TI_decompress_lzss</name>
         <value>0xba98</value>
         <object_component_ref idref="oc-27"/>
      </symbol>
      <symbol id="sm-434">
         <name>C$$EXIT</name>
         <value>0xbaf1</value>
         <object_component_ref idref="oc-ec"/>
      </symbol>
      <symbol id="sm-435">
         <name>abort</name>
         <value>0xbaf1</value>
         <object_component_ref idref="oc-ec"/>
      </symbol>
      <symbol id="sm-436">
         <name>exit</name>
         <value>0xbaf3</value>
         <object_component_ref idref="oc-ec"/>
      </symbol>
      <symbol id="sm-437">
         <name>__TI_dtors_ptr</name>
         <value>0x9a7c</value>
         <object_component_ref idref="oc-135"/>
      </symbol>
      <symbol id="sm-438">
         <name>__TI_cleanup_ptr</name>
         <value>0x9a7a</value>
         <object_component_ref idref="oc-135"/>
      </symbol>
      <symbol id="sm-439">
         <name>__TI_enable_exit_profile_output</name>
         <value>0x9a78</value>
         <object_component_ref idref="oc-135"/>
      </symbol>
      <symbol id="sm-450">
         <name>_nop</name>
         <value>0xbe89</value>
         <object_component_ref idref="oc-179"/>
      </symbol>
      <symbol id="sm-451">
         <name>_lock</name>
         <value>0x9a7e</value>
         <object_component_ref idref="oc-138"/>
      </symbol>
      <symbol id="sm-452">
         <name>_unlock</name>
         <value>0x9a80</value>
         <object_component_ref idref="oc-210"/>
      </symbol>
      <symbol id="sm-453">
         <name>_register_lock</name>
         <value>0xbe85</value>
         <object_component_ref idref="oc-179"/>
      </symbol>
      <symbol id="sm-454">
         <name>_register_unlock</name>
         <value>0xbe81</value>
         <object_component_ref idref="oc-179"/>
      </symbol>
      <symbol id="sm-463">
         <name>_args_main</name>
         <value>0xbe30</value>
         <object_component_ref idref="oc-e6"/>
      </symbol>
      <symbol id="sm-477">
         <name>memcpy</name>
         <value>0xbbe8</value>
         <object_component_ref idref="oc-73"/>
      </symbol>
      <symbol id="sm-484">
         <name>_system_post_cinit</name>
         <value>0xbebd</value>
         <object_component_ref idref="oc-140"/>
      </symbol>
      <symbol id="sm-486">
         <name>__c_args__</name>
         <value>0x0</value>
      </symbol>
   </symbol_table>
   <title>Link successful</title>
</link_info>
