<?xml version="1.0" encoding="ISO-8859-1" ?>
<link_info>
   <banner>TMS320C2000 Linker PC v22.6.0.LTS</banner>
   <copyright>Copyright (c) 1996-2018 Texas Instruments Incorporated</copyright>
   <link_time>0x641148de</link_time>
   <link_errors>0x1</link_errors>
   <output_file>HB_PFC_P00.out</output_file>
   <entry_point>
      <name>code_start</name>
      <address>0x0</address>
   </entry_point>
   <input_file_list>
      <input_file id="fl-2">
         <path>.\syscfg\</path>
         <kind>object</kind>
         <file>board.obj</file>
         <name>board.obj</name>
      </input_file>
      <input_file id="fl-3">
         <path>.\syscfg\</path>
         <kind>object</kind>
         <file>c2000ware_libraries.obj</file>
         <name>c2000ware_libraries.obj</name>
      </input_file>
      <input_file id="fl-4">
         <path>.\</path>
         <kind>object</kind>
         <file>pfc.obj</file>
         <name>pfc.obj</name>
      </input_file>
      <input_file id="fl-5">
         <path>.\</path>
         <kind>object</kind>
         <file>pfc_main.obj</file>
         <name>pfc_main.obj</name>
      </input_file>
      <input_file id="fl-6">
         <path>.\device\</path>
         <kind>object</kind>
         <file>F2837xD_CodeStartBranch.obj</file>
         <name>F2837xD_CodeStartBranch.obj</name>
      </input_file>
      <input_file id="fl-7">
         <path>.\device\</path>
         <kind>object</kind>
         <file>device.obj</file>
         <name>device.obj</name>
      </input_file>
      <input_file id="fl-d">
         <kind>object</kind>
         <file>&lt;internal&gt;</file>
         <name>&lt;internal&gt;</name>
      </input_file>
      <input_file id="fl-11">
         <path>C:\ti\C2000Ware_4_02_00_00\driverlib\f2837xd\driverlib\ccs\Debug\</path>
         <kind>archive</kind>
         <file>driverlib_eabi.lib</file>
         <name>cla.obj</name>
      </input_file>
      <input_file id="fl-12">
         <path>C:\ti\C2000Ware_4_02_00_00\driverlib\f2837xd\driverlib\ccs\Debug\</path>
         <kind>archive</kind>
         <file>driverlib_eabi.lib</file>
         <name>gpio.obj</name>
      </input_file>
      <input_file id="fl-13">
         <path>C:\ti\C2000Ware_4_02_00_00\driverlib\f2837xd\driverlib\ccs\Debug\</path>
         <kind>archive</kind>
         <file>driverlib_eabi.lib</file>
         <name>interrupt.obj</name>
      </input_file>
      <input_file id="fl-14">
         <path>C:\ti\C2000Ware_4_02_00_00\driverlib\f2837xd\driverlib\ccs\Debug\</path>
         <kind>archive</kind>
         <file>driverlib_eabi.lib</file>
         <name>memcfg.obj</name>
      </input_file>
      <input_file id="fl-15">
         <path>C:\ti\C2000Ware_4_02_00_00\driverlib\f2837xd\driverlib\ccs\Debug\</path>
         <kind>archive</kind>
         <file>driverlib_eabi.lib</file>
         <name>sysctl.obj</name>
      </input_file>
      <input_file id="fl-21">
         <path>C:\ti\ccs1200\ccs\tools\compiler\ti-cgt-c2000_22.6.0.LTS\lib\</path>
         <kind>archive</kind>
         <file>rts2800_fpu32_eabi.lib</file>
         <name>addd.cla.obj</name>
      </input_file>
      <input_file id="fl-22">
         <path>C:\ti\ccs1200\ccs\tools\compiler\ti-cgt-c2000_22.6.0.LTS\lib\</path>
         <kind>archive</kind>
         <file>rts2800_fpu32_eabi.lib</file>
         <name>mpyd.cla.obj</name>
      </input_file>
      <input_file id="fl-23">
         <path>C:\ti\ccs1200\ccs\tools\compiler\ti-cgt-c2000_22.6.0.LTS\lib\</path>
         <kind>archive</kind>
         <file>rts2800_fpu32_eabi.lib</file>
         <name>subd.cla.obj</name>
      </input_file>
      <input_file id="fl-24">
         <path>C:\ti\ccs1200\ccs\tools\compiler\ti-cgt-c2000_22.6.0.LTS\lib\</path>
         <kind>archive</kind>
         <file>rts2800_fpu32_eabi.lib</file>
         <name>cvtfd.cla.obj</name>
      </input_file>
      <input_file id="fl-25">
         <path>C:\ti\ccs1200\ccs\tools\compiler\ti-cgt-c2000_22.6.0.LTS\lib\</path>
         <kind>archive</kind>
         <file>rts2800_fpu32_eabi.lib</file>
         <name>frcmpyd.cla.obj</name>
      </input_file>
      <input_file id="fl-26">
         <path>C:\ti\ccs1200\ccs\tools\compiler\ti-cgt-c2000_22.6.0.LTS\lib\</path>
         <kind>archive</kind>
         <file>rts2800_fpu32_eabi.lib</file>
         <name>cvtdf.cla.obj</name>
      </input_file>
      <input_file id="fl-27">
         <path>C:\ti\ccs1200\ccs\tools\compiler\ti-cgt-c2000_22.6.0.LTS\lib\</path>
         <kind>archive</kind>
         <file>rts2800_fpu32_eabi.lib</file>
         <name>boot28.asm.obj</name>
      </input_file>
      <input_file id="fl-28">
         <path>C:\ti\ccs1200\ccs\tools\compiler\ti-cgt-c2000_22.6.0.LTS\lib\</path>
         <kind>archive</kind>
         <file>rts2800_fpu32_eabi.lib</file>
         <name>fs_div28.asm.obj</name>
      </input_file>
      <input_file id="fl-29">
         <path>C:\ti\ccs1200\ccs\tools\compiler\ti-cgt-c2000_22.6.0.LTS\lib\</path>
         <kind>archive</kind>
         <file>rts2800_fpu32_eabi.lib</file>
         <name>pre_init.c.obj</name>
      </input_file>
      <input_file id="fl-2a">
         <path>C:\ti\ccs1200\ccs\tools\compiler\ti-cgt-c2000_22.6.0.LTS\lib\</path>
         <kind>archive</kind>
         <file>rts2800_fpu32_eabi.lib</file>
         <name>autoinit.c.obj</name>
      </input_file>
      <input_file id="fl-2b">
         <path>C:\ti\ccs1200\ccs\tools\compiler\ti-cgt-c2000_22.6.0.LTS\lib\</path>
         <kind>archive</kind>
         <file>rts2800_fpu32_eabi.lib</file>
         <name>copy_zero_init.c.obj</name>
      </input_file>
      <input_file id="fl-2c">
         <path>C:\ti\ccs1200\ccs\tools\compiler\ti-cgt-c2000_22.6.0.LTS\lib\</path>
         <kind>archive</kind>
         <file>rts2800_fpu32_eabi.lib</file>
         <name>copy_decompress_none.c.obj</name>
      </input_file>
      <input_file id="fl-2d">
         <path>C:\ti\ccs1200\ccs\tools\compiler\ti-cgt-c2000_22.6.0.LTS\lib\</path>
         <kind>archive</kind>
         <file>rts2800_fpu32_eabi.lib</file>
         <name>copy_decompress_lzss.c.obj</name>
      </input_file>
      <input_file id="fl-2e">
         <path>C:\ti\ccs1200\ccs\tools\compiler\ti-cgt-c2000_22.6.0.LTS\lib\</path>
         <kind>archive</kind>
         <file>rts2800_fpu32_eabi.lib</file>
         <name>exit.c.obj</name>
      </input_file>
      <input_file id="fl-2f">
         <path>C:\ti\ccs1200\ccs\tools\compiler\ti-cgt-c2000_22.6.0.LTS\lib\</path>
         <kind>archive</kind>
         <file>rts2800_fpu32_eabi.lib</file>
         <name>_lock.c.obj</name>
      </input_file>
      <input_file id="fl-30">
         <path>C:\ti\ccs1200\ccs\tools\compiler\ti-cgt-c2000_22.6.0.LTS\lib\</path>
         <kind>archive</kind>
         <file>rts2800_fpu32_eabi.lib</file>
         <name>args_main.c.obj</name>
      </input_file>
      <input_file id="fl-31">
         <path>C:\ti\ccs1200\ccs\tools\compiler\ti-cgt-c2000_22.6.0.LTS\lib\</path>
         <kind>archive</kind>
         <file>rts2800_fpu32_eabi.lib</file>
         <name>memset.c.obj</name>
      </input_file>
      <input_file id="fl-32">
         <path>C:\ti\ccs1200\ccs\tools\compiler\ti-cgt-c2000_22.6.0.LTS\lib\</path>
         <kind>archive</kind>
         <file>rts2800_fpu32_eabi.lib</file>
         <name>addll.c.obj</name>
      </input_file>
      <input_file id="fl-33">
         <path>C:\ti\ccs1200\ccs\tools\compiler\ti-cgt-c2000_22.6.0.LTS\lib\</path>
         <kind>archive</kind>
         <file>rts2800_fpu32_eabi.lib</file>
         <name>mpyll.c.obj</name>
      </input_file>
      <input_file id="fl-34">
         <path>C:\ti\ccs1200\ccs\tools\compiler\ti-cgt-c2000_22.6.0.LTS\lib\</path>
         <kind>archive</kind>
         <file>rts2800_fpu32_eabi.lib</file>
         <name>asrll.c.obj</name>
      </input_file>
      <input_file id="fl-35">
         <path>C:\ti\ccs1200\ccs\tools\compiler\ti-cgt-c2000_22.6.0.LTS\lib\</path>
         <kind>archive</kind>
         <file>rts2800_fpu32_eabi.lib</file>
         <name>lslll.c.obj</name>
      </input_file>
      <input_file id="fl-36">
         <path>C:\ti\ccs1200\ccs\tools\compiler\ti-cgt-c2000_22.6.0.LTS\lib\</path>
         <kind>archive</kind>
         <file>rts2800_fpu32_eabi.lib</file>
         <name>lsrll.c.obj</name>
      </input_file>
      <input_file id="fl-37">
         <path>C:\ti\ccs1200\ccs\tools\compiler\ti-cgt-c2000_22.6.0.LTS\lib\</path>
         <kind>archive</kind>
         <file>rts2800_fpu32_eabi.lib</file>
         <name>cmplli.c.obj</name>
      </input_file>
      <input_file id="fl-38">
         <path>C:\ti\ccs1200\ccs\tools\compiler\ti-cgt-c2000_22.6.0.LTS\lib\</path>
         <kind>archive</kind>
         <file>rts2800_fpu32_eabi.lib</file>
         <name>cpy_tbl.c.obj</name>
      </input_file>
      <input_file id="fl-39">
         <path>C:\ti\ccs1200\ccs\tools\compiler\ti-cgt-c2000_22.6.0.LTS\lib\</path>
         <kind>archive</kind>
         <file>rts2800_fpu32_eabi.lib</file>
         <name>memcpy.c.obj</name>
      </input_file>
      <input_file id="fl-3a">
         <path>C:\ti\ccs1200\ccs\tools\compiler\ti-cgt-c2000_22.6.0.LTS\lib\</path>
         <kind>archive</kind>
         <file>rts2800_fpu32_eabi.lib</file>
         <name>startup.c.obj</name>
      </input_file>
      <input_file id="fl-3b">
         <path>C:\ti\ccs1200\ccs\tools\compiler\ti-cgt-c2000_22.6.0.LTS\lib\</path>
         <kind>archive</kind>
         <file>rts2800_fpu32_eabi.lib</file>
         <name>cla_memset.cla.obj</name>
      </input_file>
   </input_file_list>
   <object_component_list>
      <object_component id="oc-34">
         <name>codestart</name>
         <load_address>0x0</load_address>
         <run_address>0x0</run_address>
         <size>0x2</size>
         <input_file_ref idref="fl-6"/>
      </object_component>
      <object_component id="oc-19e">
         <name>.text:SysCtl_setClock</name>
         <load_address>0xb800</load_address>
         <run_address>0xb800</run_address>
         <size>0x206</size>
         <input_file_ref idref="fl-15"/>
      </object_component>
      <object_component id="oc-1ee">
         <name>.text:MEMCFG_init</name>
         <load_address>0xba06</load_address>
         <run_address>0xba06</run_address>
         <size>0x161</size>
         <input_file_ref idref="fl-2"/>
      </object_component>
      <object_component id="oc-249">
         <name>.text:MemCfg_getInitStatus</name>
         <load_address>0xbb67</load_address>
         <run_address>0xbb67</run_address>
         <size>0x91</size>
         <input_file_ref idref="fl-14"/>
      </object_component>
      <object_component id="oc-87">
         <name>.text</name>
         <load_address>0xbbf8</load_address>
         <run_address>0xbbf8</run_address>
         <size>0x8</size>
         <input_file_ref idref="fl-6"/>
      </object_component>
      <object_component id="oc-1c3">
         <name>.text:Device_enableAllPeripherals</name>
         <load_address>0xbc00</load_address>
         <run_address>0xbc00</run_address>
         <size>0xeb</size>
         <input_file_ref idref="fl-7"/>
      </object_component>
      <object_component id="oc-26d">
         <name>.text:MemCfg_setProtection</name>
         <load_address>0xbceb</load_address>
         <run_address>0xbceb</run_address>
         <size>0x8b</size>
         <input_file_ref idref="fl-14"/>
      </object_component>
      <object_component id="oc-288">
         <name>.text:SysCtl_selectXTAL</name>
         <load_address>0xbd76</load_address>
         <run_address>0xbd76</run_address>
         <size>0x8a</size>
         <input_file_ref idref="fl-15"/>
      </object_component>
      <object_component id="oc-227">
         <name>.text</name>
         <load_address>0xbe00</load_address>
         <run_address>0xbe00</run_address>
         <size>0x88</size>
         <input_file_ref idref="fl-28"/>
      </object_component>
      <object_component id="oc-243">
         <name>.text:MemCfg_initSections</name>
         <load_address>0xbe88</load_address>
         <run_address>0xbe88</run_address>
         <size>0x7c</size>
         <input_file_ref idref="fl-14"/>
      </object_component>
      <object_component id="oc-192">
         <name>.text:SysCtl_getDeviceParametric</name>
         <load_address>0xbf04</load_address>
         <run_address>0xbf04</run_address>
         <size>0x68</size>
         <input_file_ref idref="fl-15"/>
      </object_component>
      <object_component id="oc-23c">
         <name>.text:myCLA0_init</name>
         <load_address>0xbf6c</load_address>
         <run_address>0xbf6c</run_address>
         <size>0x62</size>
         <input_file_ref idref="fl-2"/>
      </object_component>
      <object_component id="oc-198">
         <name>.text:Device_configureTMXAnalogTrim</name>
         <load_address>0xbfce</load_address>
         <run_address>0xbfce</run_address>
         <size>0x31</size>
         <input_file_ref idref="fl-7"/>
      </object_component>
      <object_component id="oc-16d">
         <name>.text:CLA_runTest</name>
         <load_address>0xbfff</load_address>
         <run_address>0xbfff</run_address>
         <size>0x1</size>
         <input_file_ref idref="fl-5"/>
      </object_component>
      <object_component id="oc-3b">
         <name>.text:INTERRUPT_init</name>
         <load_address>0x11000</load_address>
         <run_address>0x11000</run_address>
         <size>0x61</size>
         <input_file_ref idref="fl-2"/>
      </object_component>
      <object_component id="oc-1aa">
         <name>.text:SysCtl_getClock</name>
         <load_address>0x11061</load_address>
         <run_address>0x11061</run_address>
         <size>0x51</size>
         <input_file_ref idref="fl-15"/>
      </object_component>
      <object_component id="oc-21a">
         <name>.text:SysCtl_selectOscSource</name>
         <load_address>0x110b2</load_address>
         <run_address>0x110b2</run_address>
         <size>0x48</size>
         <input_file_ref idref="fl-15"/>
      </object_component>
      <object_component id="oc-155">
         <name>.text:Device_init</name>
         <load_address>0x110fa</load_address>
         <run_address>0x110fa</run_address>
         <size>0x42</size>
         <input_file_ref idref="fl-7"/>
      </object_component>
      <object_component id="oc-15b">
         <name>.text:Interrupt_initModule</name>
         <load_address>0x1113c</load_address>
         <run_address>0x1113c</run_address>
         <size>0x3d</size>
         <input_file_ref idref="fl-13"/>
      </object_component>
      <object_component id="oc-99">
         <name>.text:Interrupt_enable</name>
         <load_address>0x11179</load_address>
         <run_address>0x11179</run_address>
         <size>0x37</size>
         <input_file_ref idref="fl-13"/>
      </object_component>
      <object_component id="oc-24f">
         <name>.text:MemCfg_setLSRAMMasterSel</name>
         <load_address>0x111b0</load_address>
         <run_address>0x111b0</run_address>
         <size>0x37</size>
         <input_file_ref idref="fl-14"/>
      </object_component>
      <object_component id="oc-3a">
         <name>.text:cla1Isr1</name>
         <load_address>0x111e7</load_address>
         <run_address>0x111e7</run_address>
         <size>0x2f</size>
         <input_file_ref idref="fl-5"/>
      </object_component>
      <object_component id="oc-6a">
         <name>.text:cla1Isr8</name>
         <load_address>0x11216</load_address>
         <run_address>0x11216</run_address>
         <size>0x2f</size>
         <input_file_ref idref="fl-5"/>
      </object_component>
      <object_component id="oc-27">
         <name>.text:decompress:lzss</name>
         <load_address>0x11245</load_address>
         <run_address>0x11245</run_address>
         <size>0x2e</size>
         <input_file_ref idref="fl-2d"/>
      </object_component>
      <object_component id="oc-fd">
         <name>.text:__TI_auto_init_nobinit_nopinit</name>
         <load_address>0x11273</load_address>
         <run_address>0x11273</run_address>
         <size>0x2b</size>
         <input_file_ref idref="fl-2a"/>
      </object_component>
      <object_component id="oc-ec">
         <name>.text</name>
         <load_address>0x1129e</load_address>
         <run_address>0x1129e</run_address>
         <size>0x29</size>
         <input_file_ref idref="fl-2e"/>
      </object_component>
      <object_component id="oc-29d">
         <name>.text:CLA_setTriggerSource</name>
         <load_address>0x112c7</load_address>
         <run_address>0x112c7</run_address>
         <size>0x26</size>
         <input_file_ref idref="fl-11"/>
      </object_component>
      <object_component id="oc-25b">
         <name>.text:MemCfg_setGSRAMMasterSel</name>
         <load_address>0x112ed</load_address>
         <run_address>0x112ed</run_address>
         <size>0x26</size>
         <input_file_ref idref="fl-14"/>
      </object_component>
      <object_component id="oc-255">
         <name>.text:MemCfg_setCLAMemType</name>
         <load_address>0x11313</load_address>
         <run_address>0x11313</run_address>
         <size>0x24</size>
         <input_file_ref idref="fl-2"/>
      </object_component>
      <object_component id="oc-2f9">
         <name>.text:CPUTimer_selectClockSource</name>
         <load_address>0x11337</load_address>
         <run_address>0x11337</run_address>
         <size>0x21</size>
         <input_file_ref idref="fl-15"/>
      </object_component>
      <object_component id="oc-365">
         <name>.text:CPUTimer_getTimerOverflowStatus</name>
         <load_address>0x11358</load_address>
         <run_address>0x11358</run_address>
         <size>0x1f</size>
         <input_file_ref idref="fl-15"/>
      </object_component>
      <object_component id="oc-161">
         <name>.text:Interrupt_initVectorTable</name>
         <load_address>0x11377</load_address>
         <run_address>0x11377</run_address>
         <size>0x1e</size>
         <input_file_ref idref="fl-13"/>
      </object_component>
      <object_component id="oc-73">
         <name>.text</name>
         <load_address>0x11395</load_address>
         <run_address>0x11395</run_address>
         <size>0x1d</size>
         <input_file_ref idref="fl-39"/>
      </object_component>
      <object_component id="oc-305">
         <name>.text:CPUTimer_startTimer</name>
         <load_address>0x113b2</load_address>
         <run_address>0x113b2</run_address>
         <size>0x1a</size>
         <input_file_ref idref="fl-15"/>
      </object_component>
      <object_component id="oc-1b7">
         <name>.text:SysCtl_getLowSpeedClock</name>
         <load_address>0x113cc</load_address>
         <run_address>0x113cc</run_address>
         <size>0x1a</size>
         <input_file_ref idref="fl-15"/>
      </object_component>
      <object_component id="oc-20c">
         <name>.text:SysCtl_disablePeripheral</name>
         <load_address>0x113e6</load_address>
         <run_address>0x113e6</run_address>
         <size>0x18</size>
         <input_file_ref idref="fl-7"/>
      </object_component>
      <object_component id="oc-359">
         <name>.text:CPUTimer_isBaseValid</name>
         <load_address>0x113fe</load_address>
         <run_address>0x113fe</run_address>
         <size>0x17</size>
         <input_file_ref idref="fl-15"/>
      </object_component>
      <object_component id="oc-206">
         <name>.text:SysCtl_enablePeripheral</name>
         <load_address>0x11415</load_address>
         <run_address>0x11415</run_address>
         <size>0x17</size>
         <input_file_ref idref="fl-7"/>
      </object_component>
      <object_component id="oc-bb">
         <name>.text</name>
         <load_address>0x1142c</load_address>
         <run_address>0x1142c</run_address>
         <size>0x17</size>
         <input_file_ref idref="fl-27"/>
      </object_component>
      <object_component id="oc-2d3">
         <name>.text:CLA_enableTasks</name>
         <load_address>0x11443</load_address>
         <run_address>0x11443</run_address>
         <size>0x16</size>
         <input_file_ref idref="fl-2"/>
      </object_component>
      <object_component id="oc-297">
         <name>.text:CLA_mapTaskVector</name>
         <load_address>0x11459</load_address>
         <run_address>0x11459</run_address>
         <size>0x16</size>
         <input_file_ref idref="fl-2"/>
      </object_component>
      <object_component id="oc-2cd">
         <name>.text:CLA_enableIACK</name>
         <load_address>0x1146f</load_address>
         <run_address>0x1146f</run_address>
         <size>0x15</size>
         <input_file_ref idref="fl-2"/>
      </object_component>
      <object_component id="oc-2ed">
         <name>.text:CPUTimer_stopTimer</name>
         <load_address>0x11484</load_address>
         <run_address>0x11484</run_address>
         <size>0x14</size>
         <input_file_ref idref="fl-15"/>
      </object_component>
      <object_component id="oc-1bd">
         <name>.text:SysCtl_deviceCal</name>
         <load_address>0x11498</load_address>
         <run_address>0x11498</run_address>
         <size>0x14</size>
         <input_file_ref idref="fl-7"/>
      </object_component>
      <object_component id="oc-2ff">
         <name>.text:CPUTimer_clearOverflowFlag</name>
         <load_address>0x114ac</load_address>
         <run_address>0x114ac</run_address>
         <size>0x12</size>
         <input_file_ref idref="fl-15"/>
      </object_component>
      <object_component id="oc-2e7">
         <name>.text:CPUTimer_disableInterrupt</name>
         <load_address>0x114be</load_address>
         <run_address>0x114be</run_address>
         <size>0x12</size>
         <input_file_ref idref="fl-15"/>
      </object_component>
      <object_component id="oc-2f3">
         <name>.text:CPUTimer_setPeriod</name>
         <load_address>0x114d0</load_address>
         <run_address>0x114d0</run_address>
         <size>0x11</size>
         <input_file_ref idref="fl-15"/>
      </object_component>
      <object_component id="oc-344">
         <name>.text:CLA_isBaseValid</name>
         <load_address>0x114e1</load_address>
         <run_address>0x114e1</run_address>
         <size>0xf</size>
         <input_file_ref idref="fl-2"/>
      </object_component>
      <object_component id="oc-93">
         <name>.text:Interrupt_register</name>
         <load_address>0x114f0</load_address>
         <run_address>0x114f0</run_address>
         <size>0xf</size>
         <input_file_ref idref="fl-2"/>
      </object_component>
      <object_component id="oc-30b">
         <name>.text:SysCtl_pollCpuTimer</name>
         <load_address>0x114ff</load_address>
         <run_address>0x114ff</run_address>
         <size>0xf</size>
         <input_file_ref idref="fl-15"/>
      </object_component>
      <object_component id="oc-46">
         <name>.text:cla1Isr2</name>
         <load_address>0x1150e</load_address>
         <run_address>0x1150e</run_address>
         <size>0xf</size>
         <input_file_ref idref="fl-5"/>
      </object_component>
      <object_component id="oc-4c">
         <name>.text:cla1Isr3</name>
         <load_address>0x1151d</load_address>
         <run_address>0x1151d</run_address>
         <size>0xf</size>
         <input_file_ref idref="fl-5"/>
      </object_component>
      <object_component id="oc-52">
         <name>.text:cla1Isr4</name>
         <load_address>0x1152c</load_address>
         <run_address>0x1152c</run_address>
         <size>0xf</size>
         <input_file_ref idref="fl-5"/>
      </object_component>
      <object_component id="oc-58">
         <name>.text:cla1Isr5</name>
         <load_address>0x1153b</load_address>
         <run_address>0x1153b</run_address>
         <size>0xf</size>
         <input_file_ref idref="fl-5"/>
      </object_component>
      <object_component id="oc-5e">
         <name>.text:cla1Isr6</name>
         <load_address>0x1154a</load_address>
         <run_address>0x1154a</run_address>
         <size>0xf</size>
         <input_file_ref idref="fl-5"/>
      </object_component>
      <object_component id="oc-64">
         <name>.text:cla1Isr7</name>
         <load_address>0x11559</load_address>
         <run_address>0x11559</run_address>
         <size>0xf</size>
         <input_file_ref idref="fl-5"/>
      </object_component>
      <object_component id="oc-1cf">
         <name>.text:Interrupt_defaultHandler</name>
         <load_address>0x11568</load_address>
         <run_address>0x11568</run_address>
         <size>0xe</size>
         <input_file_ref idref="fl-13"/>
      </object_component>
      <object_component id="oc-12d">
         <name>.text:main</name>
         <load_address>0x11576</load_address>
         <run_address>0x11576</run_address>
         <size>0xe</size>
         <input_file_ref idref="fl-5"/>
      </object_component>
      <object_component id="oc-c3">
         <name>.text:Interrupt_disableMaster</name>
         <load_address>0x11584</load_address>
         <run_address>0x11584</run_address>
         <size>0xd</size>
         <input_file_ref idref="fl-13"/>
      </object_component>
      <object_component id="oc-c9">
         <name>.text:Interrupt_enableMaster</name>
         <load_address>0x11591</load_address>
         <run_address>0x11591</run_address>
         <size>0xd</size>
         <input_file_ref idref="fl-13"/>
      </object_component>
      <object_component id="oc-1a4">
         <name>.text:SysCtl_setLowSpeedClock</name>
         <load_address>0x1159e</load_address>
         <run_address>0x1159e</run_address>
         <size>0xd</size>
         <input_file_ref idref="fl-7"/>
      </object_component>
      <object_component id="oc-7b">
         <name>.text:decompress:ZI:__TI_zero_init_nomemset</name>
         <load_address>0x115ab</load_address>
         <run_address>0x115ab</run_address>
         <size>0xd</size>
         <input_file_ref idref="fl-2b"/>
      </object_component>
      <object_component id="oc-e6">
         <name>.text</name>
         <load_address>0x115b8</load_address>
         <run_address>0x115b8</run_address>
         <size>0xc</size>
         <input_file_ref idref="fl-30"/>
      </object_component>
      <object_component id="oc-167">
         <name>.text:Board_init</name>
         <load_address>0x115c4</load_address>
         <run_address>0x115c4</run_address>
         <size>0xb</size>
         <input_file_ref idref="fl-2"/>
      </object_component>
      <object_component id="oc-279">
         <name>.text:MemCfg_disableCorrErrorInterrupt</name>
         <load_address>0x115cf</load_address>
         <run_address>0x115cf</run_address>
         <size>0xb</size>
         <input_file_ref idref="fl-2"/>
      </object_component>
      <object_component id="oc-214">
         <name>.text:SysCtl_isMCDClockFailureDetected</name>
         <load_address>0x115da</load_address>
         <run_address>0x115da</run_address>
         <size>0xb</size>
         <input_file_ref idref="fl-15"/>
      </object_component>
      <object_component id="oc-267">
         <name>.text:MemCfg_disableROMPrefetch</name>
         <load_address>0x115e5</load_address>
         <run_address>0x115e5</run_address>
         <size>0x9</size>
         <input_file_ref idref="fl-2"/>
      </object_component>
      <object_component id="oc-261">
         <name>.text:MemCfg_enableROMWaitState</name>
         <load_address>0x115ee</load_address>
         <run_address>0x115ee</run_address>
         <size>0x9</size>
         <input_file_ref idref="fl-2"/>
      </object_component>
      <object_component id="oc-273">
         <name>.text:MemCfg_setCorrErrorThreshold</name>
         <load_address>0x115f7</load_address>
         <run_address>0x115f7</run_address>
         <size>0x9</size>
         <input_file_ref idref="fl-2"/>
      </object_component>
      <object_component id="oc-221">
         <name>.text:SysCtl_serviceWatchdog</name>
         <load_address>0x11600</load_address>
         <run_address>0x11600</run_address>
         <size>0x9</size>
         <input_file_ref idref="fl-15"/>
      </object_component>
      <object_component id="oc-179">
         <name>.text</name>
         <load_address>0x11609</load_address>
         <run_address>0x11609</run_address>
         <size>0x9</size>
         <input_file_ref idref="fl-2f"/>
      </object_component>
      <object_component id="oc-18c">
         <name>.text:SysCtl_disableWatchdog</name>
         <load_address>0x11612</load_address>
         <run_address>0x11612</run_address>
         <size>0x8</size>
         <input_file_ref idref="fl-7"/>
      </object_component>
      <object_component id="oc-2d">
         <name>.text:decompress:none</name>
         <load_address>0x1161a</load_address>
         <run_address>0x1161a</run_address>
         <size>0x8</size>
         <input_file_ref idref="fl-2c"/>
      </object_component>
      <object_component id="oc-311">
         <name>.text:SysCtl_resetMCD</name>
         <load_address>0x11622</load_address>
         <run_address>0x11622</run_address>
         <size>0x7</size>
         <input_file_ref idref="fl-15"/>
      </object_component>
      <object_component id="oc-1b1">
         <name>.text:__error__</name>
         <load_address>0x11629</load_address>
         <run_address>0x11629</run_address>
         <size>0x7</size>
         <input_file_ref idref="fl-7"/>
      </object_component>
      <object_component id="oc-8d">
         <name>.text:Interrupt_clearACKGroup</name>
         <load_address>0x11630</load_address>
         <run_address>0x11630</run_address>
         <size>0x6</size>
         <input_file_ref idref="fl-5"/>
      </object_component>
      <object_component id="oc-1e8">
         <name>.text:CLA_init</name>
         <load_address>0x11636</load_address>
         <run_address>0x11636</run_address>
         <size>0x3</size>
         <input_file_ref idref="fl-2"/>
      </object_component>
      <object_component id="oc-1db">
         <name>.text:Interrupt_illegalOperationHandler</name>
         <load_address>0x11639</load_address>
         <run_address>0x11639</run_address>
         <size>0x2</size>
         <input_file_ref idref="fl-13"/>
      </object_component>
      <object_component id="oc-1d5">
         <name>.text:Interrupt_nmiHandler</name>
         <load_address>0x1163b</load_address>
         <run_address>0x1163b</run_address>
         <size>0x2</size>
         <input_file_ref idref="fl-13"/>
      </object_component>
      <object_component id="oc-df">
         <name>.text</name>
         <load_address>0x1163d</load_address>
         <run_address>0x1163d</run_address>
         <size>0x2</size>
         <input_file_ref idref="fl-29"/>
      </object_component>
      <object_component id="oc-1e2">
         <name>.text:PinMux_init</name>
         <load_address>0x1163f</load_address>
         <run_address>0x1163f</run_address>
         <size>0x1</size>
         <input_file_ref idref="fl-2"/>
      </object_component>
      <object_component id="oc-140">
         <name>.text</name>
         <load_address>0x11640</load_address>
         <run_address>0x11640</run_address>
         <size>0x1</size>
         <input_file_ref idref="fl-3a"/>
      </object_component>
      <object_component id="oc-49a">
         <name>.cinit..data.load</name>
         <load_address>0x128</load_address>
         <run_address>0x128</run_address>
         <size>0x8</size>
      </object_component>
      <object_component id="oc-498">
         <name>__TI_handler_table</name>
         <load_address>0x130</load_address>
         <run_address>0x130</run_address>
         <size>0x6</size>
      </object_component>
      <object_component id="oc-49c">
         <name>.cinit..bss_cla.load</name>
         <load_address>0x136</load_address>
         <run_address>0x136</run_address>
         <size>0x4</size>
      </object_component>
      <object_component id="oc-49b">
         <name>.cinit..scratchpad.load</name>
         <load_address>0x13a</load_address>
         <run_address>0x13a</run_address>
         <size>0x4</size>
      </object_component>
      <object_component id="oc-499">
         <name>__TI_cinit_table</name>
         <load_address>0x140</load_address>
         <run_address>0x140</run_address>
         <size>0xc</size>
      </object_component>
      <object_component id="oc-70">
         <name>.stack</name>
         <uninitialized>true</uninitialized>
         <run_address>0x400</run_address>
         <size>0x0</size>
         <input_file_ref idref="fl-27"/>
      </object_component>
      <object_component id="oc-49d">
         <name>.stack</name>
         <uninitialized>true</uninitialized>
         <run_address>0x400</run_address>
         <size>0x0</size>
      </object_component>
      <object_component id="oc-213">
         <name>.const:.string</name>
         <load_address>0x9800</load_address>
         <run_address>0x9800</run_address>
         <size>0xc2</size>
         <input_file_ref idref="fl-15"/>
      </object_component>
      <object_component id="oc-2df">
         <name>.const:.string</name>
         <load_address>0x98c2</load_address>
         <run_address>0x98c2</run_address>
         <size>0x7e</size>
         <input_file_ref idref="fl-2"/>
      </object_component>
      <object_component id="oc-2da">
         <name>.const:.string</name>
         <load_address>0x9940</load_address>
         <run_address>0x9940</run_address>
         <size>0x60</size>
         <input_file_ref idref="fl-14"/>
      </object_component>
      <object_component id="oc-1b0">
         <name>.const:.string</name>
         <load_address>0x99a0</load_address>
         <run_address>0x99a0</run_address>
         <size>0x13</size>
         <input_file_ref idref="fl-7"/>
      </object_component>
      <object_component id="oc-1c9">
         <name>.data</name>
         <load_address>0x99b4</load_address>
         <run_address>0x99b4</run_address>
         <size>0x6</size>
         <input_file_ref idref="fl-7"/>
      </object_component>
      <object_component id="oc-135">
         <name>.data</name>
         <load_address>0x99ba</load_address>
         <run_address>0x99ba</run_address>
         <size>0x6</size>
         <input_file_ref idref="fl-2e"/>
      </object_component>
      <object_component id="oc-138">
         <name>.data:_lock</name>
         <load_address>0x99c0</load_address>
         <run_address>0x99c0</run_address>
         <size>0x2</size>
         <input_file_ref idref="fl-2f"/>
      </object_component>
      <object_component id="oc-1f6">
         <name>.data:_unlock</name>
         <load_address>0x99c2</load_address>
         <run_address>0x99c2</run_address>
         <size>0x2</size>
         <input_file_ref idref="fl-2f"/>
      </object_component>
      <object_component id="oc-291">
         <name>Cla1Prog:Cla1Task1</name>
         <load_address>0x423e</load_address>
         <run_address>0x423e</run_address>
         <size>0x48</size>
         <input_file_ref idref="fl-4"/>
      </object_component>
      <object_component id="oc-2a3">
         <name>Cla1Prog:Cla1Task2</name>
         <load_address>0x42f2</load_address>
         <run_address>0x42f2</run_address>
         <size>0x8</size>
         <input_file_ref idref="fl-4"/>
      </object_component>
      <object_component id="oc-2a9">
         <name>Cla1Prog:Cla1Task3</name>
         <load_address>0x42fa</load_address>
         <run_address>0x42fa</run_address>
         <size>0x8</size>
         <input_file_ref idref="fl-4"/>
      </object_component>
      <object_component id="oc-2af">
         <name>Cla1Prog:Cla1Task4</name>
         <load_address>0x4302</load_address>
         <run_address>0x4302</run_address>
         <size>0x8</size>
         <input_file_ref idref="fl-4"/>
      </object_component>
      <object_component id="oc-2b5">
         <name>Cla1Prog:Cla1Task5</name>
         <load_address>0x430a</load_address>
         <run_address>0x430a</run_address>
         <size>0x8</size>
         <input_file_ref idref="fl-4"/>
      </object_component>
      <object_component id="oc-2bb">
         <name>Cla1Prog:Cla1Task6</name>
         <load_address>0x4312</load_address>
         <run_address>0x4312</run_address>
         <size>0x8</size>
         <input_file_ref idref="fl-4"/>
      </object_component>
      <object_component id="oc-2c1">
         <name>Cla1Prog:Cla1Task7</name>
         <load_address>0x431a</load_address>
         <run_address>0x431a</run_address>
         <size>0x8</size>
         <input_file_ref idref="fl-4"/>
      </object_component>
      <object_component id="oc-2c7">
         <name>Cla1Prog:Cla1Task8</name>
         <load_address>0x4322</load_address>
         <run_address>0x4322</run_address>
         <size>0x8</size>
         <input_file_ref idref="fl-4"/>
      </object_component>
      <object_component id="oc-330">
         <name>Cla1Prog:CounterRotateSpaceVectorRXZ</name>
         <load_address>0xfba</load_address>
         <run_address>0xfba</run_address>
         <size>0xa9c</size>
         <input_file_ref idref="fl-4"/>
      </object_component>
      <object_component id="oc-336">
         <name>Cla1Prog:CalculateTransitions</name>
         <load_address>0x0</load_address>
         <run_address>0x0</run_address>
         <size>0xfba</size>
         <input_file_ref idref="fl-4"/>
      </object_component>
      <object_component id="oc-33c">
         <name>Cla1Prog:RotateSpaceVectorRXZ</name>
         <load_address>0x290e</load_address>
         <run_address>0x290e</run_address>
         <size>0x5da</size>
         <input_file_ref idref="fl-4"/>
      </object_component>
      <object_component id="oc-318">
         <name>Cla1Prog:GenerateSpaceVectorRXZ</name>
         <load_address>0x4142</load_address>
         <run_address>0x4142</run_address>
         <size>0x8e</size>
         <input_file_ref idref="fl-4"/>
      </object_component>
      <object_component id="oc-324">
         <name>Cla1Prog:RotateRXZby30Degree</name>
         <load_address>0x3bdc</load_address>
         <run_address>0x3bdc</run_address>
         <size>0x108</size>
         <input_file_ref idref="fl-4"/>
      </object_component>
      <object_component id="oc-39b">
         <name>Cla1Prog:ConvertRXZtoThreePhase</name>
         <load_address>0x32d4</load_address>
         <run_address>0x32d4</run_address>
         <size>0x1da</size>
         <input_file_ref idref="fl-4"/>
      </object_component>
      <object_component id="oc-31e">
         <name>Cla1Prog:DetectSegment</name>
         <load_address>0x34ae</load_address>
         <run_address>0x34ae</run_address>
         <size>0x1be</size>
         <input_file_ref idref="fl-4"/>
      </object_component>
      <object_component id="oc-32a">
         <name>Cla1Prog:DetectRegion</name>
         <load_address>0x21c6</load_address>
         <run_address>0x21c6</run_address>
         <size>0x748</size>
         <input_file_ref idref="fl-4"/>
      </object_component>
      <object_component id="oc-38f">
         <name>Cla1Prog:__claabi_addd</name>
         <load_address>0x1a56</load_address>
         <run_address>0x1a56</run_address>
         <size>0x770</size>
         <input_file_ref idref="fl-21"/>
      </object_component>
      <object_component id="oc-388">
         <name>Cla1Prog:__claabi_mpyd</name>
         <load_address>0x2ee8</load_address>
         <run_address>0x2ee8</run_address>
         <size>0x3ec</size>
         <input_file_ref idref="fl-22"/>
      </object_component>
      <object_component id="oc-3a9">
         <name>Cla1Prog:__claabi_subd</name>
         <load_address>0x4286</load_address>
         <run_address>0x4286</run_address>
         <size>0x3a</size>
         <input_file_ref idref="fl-23"/>
      </object_component>
      <object_component id="oc-37e">
         <name>Cla1Prog:__claabi_cvtfd</name>
         <load_address>0x40b0</load_address>
         <run_address>0x40b0</run_address>
         <size>0x92</size>
         <input_file_ref idref="fl-24"/>
      </object_component>
      <object_component id="oc-3df">
         <name>Cla1Prog:__TI_frcmpyd</name>
         <load_address>0x3800</load_address>
         <run_address>0x3800</run_address>
         <size>0x182</size>
         <input_file_ref idref="fl-25"/>
      </object_component>
      <object_component id="oc-392">
         <name>Cla1Prog:__claabi_cvtdf</name>
         <load_address>0x3fee</load_address>
         <run_address>0x3fee</run_address>
         <size>0xc2</size>
         <input_file_ref idref="fl-26"/>
      </object_component>
      <object_component id="oc-3f0">
         <name>Cla1Prog:__claabi_addll</name>
         <load_address>0x41d0</load_address>
         <run_address>0x41d0</run_address>
         <size>0x6e</size>
         <input_file_ref idref="fl-32"/>
      </object_component>
      <object_component id="oc-427">
         <name>Cla1Prog:__claabi_mpyll</name>
         <load_address>0x366c</load_address>
         <run_address>0x366c</run_address>
         <size>0x194</size>
         <input_file_ref idref="fl-33"/>
      </object_component>
      <object_component id="oc-3f9">
         <name>Cla1Prog:__claabi_asrll</name>
         <load_address>0x3ab2</load_address>
         <run_address>0x3ab2</run_address>
         <size>0x12a</size>
         <input_file_ref idref="fl-34"/>
      </object_component>
      <object_component id="oc-3d5">
         <name>Cla1Prog:__claabi_lslll</name>
         <load_address>0x3ce4</load_address>
         <run_address>0x3ce4</run_address>
         <size>0x106</size>
         <input_file_ref idref="fl-35"/>
      </object_component>
      <object_component id="oc-3e9">
         <name>Cla1Prog:__claabi_lsrll</name>
         <load_address>0x3eec</load_address>
         <run_address>0x3eec</run_address>
         <size>0x102</size>
         <input_file_ref idref="fl-36"/>
      </object_component>
      <object_component id="oc-3e6">
         <name>Cla1Prog:__claabi_cmpull</name>
         <load_address>0x3982</load_address>
         <run_address>0x3982</run_address>
         <size>0x130</size>
         <input_file_ref idref="fl-37"/>
      </object_component>
      <object_component id="oc-403">
         <name>Cla1Prog:__claabi_cmplli</name>
         <load_address>0x3dea</load_address>
         <run_address>0x3dea</run_address>
         <size>0x102</size>
         <input_file_ref idref="fl-37"/>
      </object_component>
      <object_component id="oc-446">
         <name>Cla1Prog:__claabi_memset</name>
         <load_address>0x42c0</load_address>
         <run_address>0x42c0</run_address>
         <size>0x32</size>
         <input_file_ref idref="fl-3b"/>
      </object_component>
      <object_component id="oc-220">
         <name>.TI.ramfunc</name>
         <load_address>0x123</load_address>
         <run_address>0x123</run_address>
         <size>0x4</size>
         <input_file_ref idref="fl-15"/>
      </object_component>
      <object_component id="oc-3a2">
         <name>.scratchpad:Cla1Prog:CounterRotateSpaceVectorRXZ</name>
         <uninitialized>true</uninitialized>
         <run_address>0x8800</run_address>
         <size>0x6</size>
         <input_file_ref idref="fl-4"/>
      </object_component>
      <object_component id="oc-3a7">
         <name>.scratchpad:Cla1Prog:CalculateTransitions</name>
         <uninitialized>true</uninitialized>
         <run_address>0x8800</run_address>
         <size>0x3e</size>
         <input_file_ref idref="fl-4"/>
      </object_component>
      <object_component id="oc-3b6">
         <name>.scratchpad:Cla1Prog:RotateSpaceVectorRXZ</name>
         <uninitialized>true</uninitialized>
         <run_address>0x8800</run_address>
         <size>0x36</size>
         <input_file_ref idref="fl-4"/>
      </object_component>
      <object_component id="oc-36d">
         <name>.scratchpad:Cla1Prog:GenerateSpaceVectorRXZ</name>
         <uninitialized>true</uninitialized>
         <run_address>0x8800</run_address>
         <size>0x6</size>
         <input_file_ref idref="fl-4"/>
      </object_component>
      <object_component id="oc-37d">
         <name>.scratchpad:Cla1Prog:RotateRXZby30Degree</name>
         <uninitialized>true</uninitialized>
         <run_address>0x8800</run_address>
         <size>0x6</size>
         <input_file_ref idref="fl-4"/>
      </object_component>
      <object_component id="oc-40a">
         <name>.scratchpad:Cla1Prog:ConvertRXZtoThreePhase</name>
         <uninitialized>true</uninitialized>
         <run_address>0x8808</run_address>
         <size>0x6</size>
         <input_file_ref idref="fl-4"/>
      </object_component>
      <object_component id="oc-37b">
         <name>.scratchpad:Cla1Prog:DetectSegment</name>
         <uninitialized>true</uninitialized>
         <run_address>0x8800</run_address>
         <size>0x2</size>
         <input_file_ref idref="fl-4"/>
      </object_component>
      <object_component id="oc-39a">
         <name>.scratchpad:Cla1Prog:DetectRegion</name>
         <uninitialized>true</uninitialized>
         <run_address>0x8800</run_address>
         <size>0x8</size>
         <input_file_ref idref="fl-4"/>
      </object_component>
      <object_component id="oc-38b">
         <name>.scratchpad:Cla1Prog:__claabi_addd</name>
         <uninitialized>true</uninitialized>
         <run_address>0x883e</run_address>
         <size>0x2c</size>
         <input_file_ref idref="fl-21"/>
      </object_component>
      <object_component id="oc-384">
         <name>.scratchpad:Cla1Prog:__claabi_mpyd</name>
         <uninitialized>true</uninitialized>
         <run_address>0x883e</run_address>
         <size>0x20</size>
         <input_file_ref idref="fl-22"/>
      </object_component>
      <object_component id="oc-3a8">
         <name>.scratchpad:Cla1Prog:__claabi_subd</name>
         <uninitialized>true</uninitialized>
         <run_address>0x887a</run_address>
         <size>0x8</size>
         <input_file_ref idref="fl-23"/>
      </object_component>
      <object_component id="oc-3cf">
         <name>.scratchpad:Cla1Prog:__claabi_cvtfd</name>
         <uninitialized>true</uninitialized>
         <run_address>0x883e</run_address>
         <size>0x6</size>
         <input_file_ref idref="fl-24"/>
      </object_component>
      <object_component id="oc-3db">
         <name>.scratchpad:Cla1Prog:__TI_frcmpyd</name>
         <uninitialized>true</uninitialized>
         <run_address>0x887c</run_address>
         <size>0x1a</size>
         <input_file_ref idref="fl-25"/>
      </object_component>
      <object_component id="oc-407">
         <name>.scratchpad:Cla1Prog:__claabi_cvtdf</name>
         <uninitialized>true</uninitialized>
         <run_address>0x883e</run_address>
         <size>0x8</size>
         <input_file_ref idref="fl-26"/>
      </object_component>
      <object_component id="oc-3ef">
         <name>.scratchpad:Cla1Prog:__claabi_addll</name>
         <uninitialized>true</uninitialized>
         <run_address>0x8896</run_address>
         <size>0xe</size>
         <input_file_ref idref="fl-32"/>
      </object_component>
      <object_component id="oc-423">
         <name>.scratchpad:Cla1Prog:__claabi_mpyll</name>
         <uninitialized>true</uninitialized>
         <run_address>0x885e</run_address>
         <size>0x1e</size>
         <input_file_ref idref="fl-33"/>
      </object_component>
      <object_component id="oc-434">
         <name>.scratchpad:Cla1Prog:__claabi_asrll</name>
         <uninitialized>true</uninitialized>
         <run_address>0x886a</run_address>
         <size>0x6</size>
         <input_file_ref idref="fl-34"/>
      </object_component>
      <object_component id="oc-41e">
         <name>.scratchpad:Cla1Prog:__claabi_lslll</name>
         <uninitialized>true</uninitialized>
         <run_address>0x886a</run_address>
         <size>0x6</size>
         <input_file_ref idref="fl-35"/>
      </object_component>
      <object_component id="oc-42c">
         <name>.scratchpad:Cla1Prog:__claabi_lsrll</name>
         <uninitialized>true</uninitialized>
         <run_address>0x885e</run_address>
         <size>0x6</size>
         <input_file_ref idref="fl-36"/>
      </object_component>
      <object_component id="oc-3e2">
         <name>.scratchpad:Cla1Prog:__claabi_cmpull</name>
         <uninitialized>true</uninitialized>
         <run_address>0x88a4</run_address>
         <size>0xe</size>
         <input_file_ref idref="fl-37"/>
      </object_component>
      <object_component id="oc-3ff">
         <name>.scratchpad:Cla1Prog:__claabi_cmplli</name>
         <uninitialized>true</uninitialized>
         <run_address>0x886a</run_address>
         <size>0x10</size>
         <input_file_ref idref="fl-37"/>
      </object_component>
      <object_component id="oc-45b">
         <name>.scratchpad:Cla1Prog:__claabi_memset</name>
         <uninitialized>true</uninitialized>
         <run_address>0x8896</run_address>
         <size>0x2</size>
         <input_file_ref idref="fl-3b"/>
      </object_component>
      <object_component id="oc-371">
         <name>.bss_cla</name>
         <uninitialized>true</uninitialized>
         <run_address>0x8a54</run_address>
         <size>0xc</size>
         <input_file_ref idref="fl-4"/>
      </object_component>
      <object_component id="oc-36e">
         <name>.bss_cla:SpaceVectorDQZ</name>
         <uninitialized>true</uninitialized>
         <run_address>0x8a6c</run_address>
         <size>0x6</size>
         <input_file_ref idref="fl-4"/>
      </object_component>
      <object_component id="oc-374">
         <name>.bss_cla:SpaceVectorRXZ</name>
         <uninitialized>true</uninitialized>
         <run_address>0x8a72</run_address>
         <size>0x6</size>
         <input_file_ref idref="fl-4"/>
      </object_component>
      <object_component id="oc-3a3">
         <name>.bss_cla:CounterRotatedRXZ</name>
         <uninitialized>true</uninitialized>
         <run_address>0x8a60</run_address>
         <size>0x6</size>
         <input_file_ref idref="fl-4"/>
      </object_component>
      <object_component id="oc-3af">
         <name>.bss_cla:TransitionThreshold</name>
         <uninitialized>true</uninitialized>
         <run_address>0x8a7e</run_address>
         <size>0x6</size>
         <input_file_ref idref="fl-4"/>
      </object_component>
      <object_component id="oc-3b7">
         <name>.bss_cla:SpaceVectorTransitionTime</name>
         <uninitialized>true</uninitialized>
         <run_address>0x8a78</run_address>
         <size>0x6</size>
         <input_file_ref idref="fl-4"/>
      </object_component>
      <object_component id="oc-378">
         <name>.bss_cla:SpaceVector3Phase</name>
         <uninitialized>true</uninitialized>
         <run_address>0x8a66</run_address>
         <size>0x6</size>
         <input_file_ref idref="fl-4"/>
      </object_component>
      <object_component id="oc-398">
         <name>.const_cla</name>
         <load_address>0x89b2</load_address>
         <run_address>0x89b2</run_address>
         <size>0x34</size>
         <input_file_ref idref="fl-4"/>
      </object_component>
      <object_component id="oc-3b2">
         <name>.const_cla:$P$T0$1</name>
         <load_address>0x89e6</load_address>
         <run_address>0x89e6</run_address>
         <size>0x31</size>
         <input_file_ref idref="fl-4"/>
      </object_component>
      <object_component id="oc-3ba">
         <name>.const_cla:$P$T1$2</name>
         <load_address>0x8a17</load_address>
         <run_address>0x8a17</run_address>
         <size>0x31</size>
         <input_file_ref idref="fl-4"/>
      </object_component>
      <object_component id="oc-406">
         <name>.const_cla</name>
         <load_address>0x8a48</load_address>
         <run_address>0x8a48</run_address>
         <size>0x4</size>
         <input_file_ref idref="fl-21"/>
      </object_component>
      <object_component id="oc-3d0">
         <name>.const_cla</name>
         <load_address>0x8a4c</load_address>
         <run_address>0x8a4c</run_address>
         <size>0x4</size>
         <input_file_ref idref="fl-24"/>
      </object_component>
      <object_component id="oc-3f6">
         <name>.const_cla</name>
         <load_address>0x8a50</load_address>
         <run_address>0x8a50</run_address>
         <size>0x4</size>
         <input_file_ref idref="fl-22"/>
      </object_component>
      <object_component id="oc-a0">
         <name>.debug_types</name>
         <load_address>0x0</load_address>
         <run_address>0x0</run_address>
         <size>0xf13</size>
         <input_file_ref idref="fl-2"/>
      </object_component>
      <object_component id="oc-343">
         <name>.debug_types</name>
         <load_address>0xf13</load_address>
         <run_address>0xf13</run_address>
         <size>0x247</size>
         <input_file_ref idref="fl-4"/>
      </object_component>
      <object_component id="oc-a2">
         <name>.debug_types</name>
         <load_address>0x0</load_address>
         <run_address>0x0</run_address>
         <size>0x0</size>
         <input_file_ref idref="fl-5"/>
      </object_component>
      <object_component id="oc-1cd">
         <name>.debug_types</name>
         <load_address>0x115a</load_address>
         <run_address>0x115a</run_address>
         <size>0x103d</size>
         <input_file_ref idref="fl-7"/>
      </object_component>
      <object_component id="oc-34c">
         <name>.debug_types</name>
         <load_address>0x0</load_address>
         <run_address>0x0</run_address>
         <size>0x0</size>
         <input_file_ref idref="fl-11"/>
      </object_component>
      <object_component id="oc-d0">
         <name>.debug_types</name>
         <load_address>0x0</load_address>
         <run_address>0x0</run_address>
         <size>0x0</size>
         <input_file_ref idref="fl-13"/>
      </object_component>
      <object_component id="oc-2dc">
         <name>.debug_types</name>
         <load_address>0x2197</load_address>
         <run_address>0x2197</run_address>
         <size>0xdf</size>
         <input_file_ref idref="fl-14"/>
      </object_component>
      <object_component id="oc-205">
         <name>.debug_types</name>
         <load_address>0x2276</load_address>
         <run_address>0x2276</run_address>
         <size>0x254</size>
         <input_file_ref idref="fl-15"/>
      </object_component>
      <object_component id="oc-3f8">
         <name>.debug_types</name>
         <load_address>0x24ca</load_address>
         <run_address>0x24ca</run_address>
         <size>0x2f</size>
         <input_file_ref idref="fl-21"/>
      </object_component>
      <object_component id="oc-3d4">
         <name>.debug_types</name>
         <load_address>0x24f9</load_address>
         <run_address>0x24f9</run_address>
         <size>0xdc</size>
         <input_file_ref idref="fl-22"/>
      </object_component>
      <object_component id="oc-40f">
         <name>.debug_types</name>
         <load_address>0x0</load_address>
         <run_address>0x0</run_address>
         <size>0x0</size>
         <input_file_ref idref="fl-23"/>
      </object_component>
      <object_component id="oc-3d2">
         <name>.debug_types</name>
         <load_address>0x25d5</load_address>
         <run_address>0x25d5</run_address>
         <size>0xbd</size>
         <input_file_ref idref="fl-24"/>
      </object_component>
      <object_component id="oc-422">
         <name>.debug_types</name>
         <load_address>0x0</load_address>
         <run_address>0x0</run_address>
         <size>0x0</size>
         <input_file_ref idref="fl-25"/>
      </object_component>
      <object_component id="oc-409">
         <name>.debug_types</name>
         <load_address>0x0</load_address>
         <run_address>0x0</run_address>
         <size>0x0</size>
         <input_file_ref idref="fl-26"/>
      </object_component>
      <object_component id="oc-fc">
         <name>.debug_types</name>
         <load_address>0x0</load_address>
         <run_address>0x0</run_address>
         <size>0x0</size>
         <input_file_ref idref="fl-29"/>
      </object_component>
      <object_component id="oc-147">
         <name>.debug_types</name>
         <load_address>0x2692</load_address>
         <run_address>0x2692</run_address>
         <size>0x49b</size>
         <input_file_ref idref="fl-2a"/>
      </object_component>
      <object_component id="oc-b3">
         <name>.debug_types</name>
         <load_address>0x2b2d</load_address>
         <run_address>0x2b2d</run_address>
         <size>0x1f3</size>
         <input_file_ref idref="fl-2b"/>
      </object_component>
      <object_component id="oc-7a">
         <name>.debug_types</name>
         <load_address>0x0</load_address>
         <run_address>0x0</run_address>
         <size>0x0</size>
         <input_file_ref idref="fl-2c"/>
      </object_component>
      <object_component id="oc-72">
         <name>.debug_types</name>
         <load_address>0x2d20</load_address>
         <run_address>0x2d20</run_address>
         <size>0x191</size>
         <input_file_ref idref="fl-2d"/>
      </object_component>
      <object_component id="oc-13c">
         <name>.debug_types</name>
         <load_address>0x2eb1</load_address>
         <run_address>0x2eb1</run_address>
         <size>0xbf</size>
         <input_file_ref idref="fl-2e"/>
      </object_component>
      <object_component id="oc-181">
         <name>.debug_types</name>
         <load_address>0x2f70</load_address>
         <run_address>0x2f70</run_address>
         <size>0x2f</size>
         <input_file_ref idref="fl-2f"/>
      </object_component>
      <object_component id="oc-134">
         <name>.debug_types</name>
         <load_address>0x2f9f</load_address>
         <run_address>0x2f9f</run_address>
         <size>0xe1</size>
         <input_file_ref idref="fl-30"/>
      </object_component>
      <object_component id="oc-430">
         <name>.debug_types</name>
         <load_address>0x3080</load_address>
         <run_address>0x3080</run_address>
         <size>0x177</size>
         <input_file_ref idref="fl-32"/>
      </object_component>
      <object_component id="oc-445">
         <name>.debug_types</name>
         <load_address>0x31f7</load_address>
         <run_address>0x31f7</run_address>
         <size>0xfa</size>
         <input_file_ref idref="fl-33"/>
      </object_component>
      <object_component id="oc-436">
         <name>.debug_types</name>
         <load_address>0x32f1</load_address>
         <run_address>0x32f1</run_address>
         <size>0x6c</size>
         <input_file_ref idref="fl-34"/>
      </object_component>
      <object_component id="oc-420">
         <name>.debug_types</name>
         <load_address>0x0</load_address>
         <run_address>0x0</run_address>
         <size>0x0</size>
         <input_file_ref idref="fl-35"/>
      </object_component>
      <object_component id="oc-42e">
         <name>.debug_types</name>
         <load_address>0x0</load_address>
         <run_address>0x0</run_address>
         <size>0x0</size>
         <input_file_ref idref="fl-36"/>
      </object_component>
      <object_component id="oc-42b">
         <name>.debug_types</name>
         <load_address>0x0</load_address>
         <run_address>0x0</run_address>
         <size>0x0</size>
         <input_file_ref idref="fl-37"/>
      </object_component>
      <object_component id="oc-ae">
         <name>.debug_types</name>
         <load_address>0x335d</load_address>
         <run_address>0x335d</run_address>
         <size>0xb8</size>
         <input_file_ref idref="fl-39"/>
      </object_component>
      <object_component id="oc-186">
         <name>.debug_types</name>
         <load_address>0x0</load_address>
         <run_address>0x0</run_address>
         <size>0x0</size>
         <input_file_ref idref="fl-3a"/>
      </object_component>
      <object_component id="oc-45d">
         <name>.debug_types</name>
         <load_address>0x3415</load_address>
         <run_address>0x3415</run_address>
         <size>0x8e</size>
         <input_file_ref idref="fl-3b"/>
      </object_component>
      <object_component id="oc-94">
         <name>.debug_info</name>
         <load_address>0x0</load_address>
         <run_address>0x0</run_address>
         <size>0x1bb</size>
         <input_file_ref idref="fl-2"/>
      </object_component>
      <object_component id="oc-345">
         <name>.debug_info</name>
         <load_address>0x1bb</load_address>
         <run_address>0x1bb</run_address>
         <size>0x165</size>
         <input_file_ref idref="fl-2"/>
      </object_component>
      <object_component id="oc-298">
         <name>.debug_info</name>
         <load_address>0x320</load_address>
         <run_address>0x320</run_address>
         <size>0x1e2</size>
         <input_file_ref idref="fl-2"/>
      </object_component>
      <object_component id="oc-2ce">
         <name>.debug_info</name>
         <load_address>0x502</load_address>
         <run_address>0x502</run_address>
         <size>0x180</size>
         <input_file_ref idref="fl-2"/>
      </object_component>
      <object_component id="oc-2d5">
         <name>.debug_info</name>
         <load_address>0x682</load_address>
         <run_address>0x682</run_address>
         <size>0x1ad</size>
         <input_file_ref idref="fl-2"/>
      </object_component>
      <object_component id="oc-257">
         <name>.debug_info</name>
         <load_address>0x82f</load_address>
         <run_address>0x82f</run_address>
         <size>0x1b5</size>
         <input_file_ref idref="fl-2"/>
      </object_component>
      <object_component id="oc-274">
         <name>.debug_info</name>
         <load_address>0x9e4</load_address>
         <run_address>0x9e4</run_address>
         <size>0x185</size>
         <input_file_ref idref="fl-2"/>
      </object_component>
      <object_component id="oc-27a">
         <name>.debug_info</name>
         <load_address>0xb69</load_address>
         <run_address>0xb69</run_address>
         <size>0x18b</size>
         <input_file_ref idref="fl-2"/>
      </object_component>
      <object_component id="oc-262">
         <name>.debug_info</name>
         <load_address>0xcf4</load_address>
         <run_address>0xcf4</run_address>
         <size>0x154</size>
         <input_file_ref idref="fl-2"/>
      </object_component>
      <object_component id="oc-268">
         <name>.debug_info</name>
         <load_address>0xe48</load_address>
         <run_address>0xe48</run_address>
         <size>0x154</size>
         <input_file_ref idref="fl-2"/>
      </object_component>
      <object_component id="oc-168">
         <name>.debug_info</name>
         <load_address>0xf9c</load_address>
         <run_address>0xf9c</run_address>
         <size>0x147</size>
         <input_file_ref idref="fl-2"/>
      </object_component>
      <object_component id="oc-1e3">
         <name>.debug_info</name>
         <load_address>0x10e3</load_address>
         <run_address>0x10e3</run_address>
         <size>0x105</size>
         <input_file_ref idref="fl-2"/>
      </object_component>
      <object_component id="oc-23d">
         <name>.debug_info</name>
         <load_address>0x11e8</load_address>
         <run_address>0x11e8</run_address>
         <size>0x2b6</size>
         <input_file_ref idref="fl-2"/>
      </object_component>
      <object_component id="oc-1e9">
         <name>.debug_info</name>
         <load_address>0x149e</load_address>
         <run_address>0x149e</run_address>
         <size>0x110</size>
         <input_file_ref idref="fl-2"/>
      </object_component>
      <object_component id="oc-3c">
         <name>.debug_info</name>
         <load_address>0x15ae</load_address>
         <run_address>0x15ae</run_address>
         <size>0x27b</size>
         <input_file_ref idref="fl-2"/>
      </object_component>
      <object_component id="oc-1ef">
         <name>.debug_info</name>
         <load_address>0x1829</load_address>
         <run_address>0x1829</run_address>
         <size>0x75e</size>
         <input_file_ref idref="fl-2"/>
      </object_component>
      <object_component id="oc-372">
         <name>.debug_info</name>
         <load_address>0x1f87</load_address>
         <run_address>0x1f87</run_address>
         <size>0x1e6</size>
         <input_file_ref idref="fl-4"/>
      </object_component>
      <object_component id="oc-36f">
         <name>.debug_info</name>
         <load_address>0x216d</load_address>
         <run_address>0x216d</run_address>
         <size>0x102</size>
         <input_file_ref idref="fl-4"/>
      </object_component>
      <object_component id="oc-375">
         <name>.debug_info</name>
         <load_address>0x226f</load_address>
         <run_address>0x226f</run_address>
         <size>0x102</size>
         <input_file_ref idref="fl-4"/>
      </object_component>
      <object_component id="oc-3a4">
         <name>.debug_info</name>
         <load_address>0x2371</load_address>
         <run_address>0x2371</run_address>
         <size>0x108</size>
         <input_file_ref idref="fl-4"/>
      </object_component>
      <object_component id="oc-3b0">
         <name>.debug_info</name>
         <load_address>0x2479</load_address>
         <run_address>0x2479</run_address>
         <size>0x10c</size>
         <input_file_ref idref="fl-4"/>
      </object_component>
      <object_component id="oc-3b8">
         <name>.debug_info</name>
         <load_address>0x2585</load_address>
         <run_address>0x2585</run_address>
         <size>0x118</size>
         <input_file_ref idref="fl-4"/>
      </object_component>
      <object_component id="oc-379">
         <name>.debug_info</name>
         <load_address>0x269d</load_address>
         <run_address>0x269d</run_address>
         <size>0x108</size>
         <input_file_ref idref="fl-4"/>
      </object_component>
      <object_component id="oc-3b3">
         <name>.debug_info</name>
         <load_address>0x27a5</load_address>
         <run_address>0x27a5</run_address>
         <size>0xf5</size>
         <input_file_ref idref="fl-4"/>
      </object_component>
      <object_component id="oc-3bb">
         <name>.debug_info</name>
         <load_address>0x289a</load_address>
         <run_address>0x289a</run_address>
         <size>0xf5</size>
         <input_file_ref idref="fl-4"/>
      </object_component>
      <object_component id="oc-292">
         <name>.debug_info</name>
         <load_address>0x298f</load_address>
         <run_address>0x298f</run_address>
         <size>0x1d4</size>
         <input_file_ref idref="fl-4"/>
      </object_component>
      <object_component id="oc-2a4">
         <name>.debug_info</name>
         <load_address>0x2b63</load_address>
         <run_address>0x2b63</run_address>
         <size>0x112</size>
         <input_file_ref idref="fl-4"/>
      </object_component>
      <object_component id="oc-2aa">
         <name>.debug_info</name>
         <load_address>0x2c75</load_address>
         <run_address>0x2c75</run_address>
         <size>0x112</size>
         <input_file_ref idref="fl-4"/>
      </object_component>
      <object_component id="oc-2b1">
         <name>.debug_info</name>
         <load_address>0x2d87</load_address>
         <run_address>0x2d87</run_address>
         <size>0x112</size>
         <input_file_ref idref="fl-4"/>
      </object_component>
      <object_component id="oc-2b7">
         <name>.debug_info</name>
         <load_address>0x2e99</load_address>
         <run_address>0x2e99</run_address>
         <size>0x112</size>
         <input_file_ref idref="fl-4"/>
      </object_component>
      <object_component id="oc-2bc">
         <name>.debug_info</name>
         <load_address>0x2fab</load_address>
         <run_address>0x2fab</run_address>
         <size>0x112</size>
         <input_file_ref idref="fl-4"/>
      </object_component>
      <object_component id="oc-2c3">
         <name>.debug_info</name>
         <load_address>0x30bd</load_address>
         <run_address>0x30bd</run_address>
         <size>0x112</size>
         <input_file_ref idref="fl-4"/>
      </object_component>
      <object_component id="oc-2ca">
         <name>.debug_info</name>
         <load_address>0x31cf</load_address>
         <run_address>0x31cf</run_address>
         <size>0x112</size>
         <input_file_ref idref="fl-4"/>
      </object_component>
      <object_component id="oc-333">
         <name>.debug_info</name>
         <load_address>0x32e1</load_address>
         <run_address>0x32e1</run_address>
         <size>0xc29</size>
         <input_file_ref idref="fl-4"/>
      </object_component>
      <object_component id="oc-339">
         <name>.debug_info</name>
         <load_address>0x3f0a</load_address>
         <run_address>0x3f0a</run_address>
         <size>0xca1</size>
         <input_file_ref idref="fl-4"/>
      </object_component>
      <object_component id="oc-33f">
         <name>.debug_info</name>
         <load_address>0x4bab</load_address>
         <run_address>0x4bab</run_address>
         <size>0x59b</size>
         <input_file_ref idref="fl-4"/>
      </object_component>
      <object_component id="oc-31b">
         <name>.debug_info</name>
         <load_address>0x5146</load_address>
         <run_address>0x5146</run_address>
         <size>0x16c</size>
         <input_file_ref idref="fl-4"/>
      </object_component>
      <object_component id="oc-326">
         <name>.debug_info</name>
         <load_address>0x52b2</load_address>
         <run_address>0x52b2</run_address>
         <size>0x260</size>
         <input_file_ref idref="fl-4"/>
      </object_component>
      <object_component id="oc-39d">
         <name>.debug_info</name>
         <load_address>0x5512</load_address>
         <run_address>0x5512</run_address>
         <size>0x34e</size>
         <input_file_ref idref="fl-4"/>
      </object_component>
      <object_component id="oc-31f">
         <name>.debug_info</name>
         <load_address>0x5860</load_address>
         <run_address>0x5860</run_address>
         <size>0x135</size>
         <input_file_ref idref="fl-4"/>
      </object_component>
      <object_component id="oc-32c">
         <name>.debug_info</name>
         <load_address>0x5995</load_address>
         <run_address>0x5995</run_address>
         <size>0x62e</size>
         <input_file_ref idref="fl-4"/>
      </object_component>
      <object_component id="oc-91">
         <name>.debug_info</name>
         <load_address>0x5fc3</load_address>
         <run_address>0x5fc3</run_address>
         <size>0x175</size>
         <input_file_ref idref="fl-5"/>
      </object_component>
      <object_component id="oc-12e">
         <name>.debug_info</name>
         <load_address>0x6138</load_address>
         <run_address>0x6138</run_address>
         <size>0x15b</size>
         <input_file_ref idref="fl-5"/>
      </object_component>
      <object_component id="oc-170">
         <name>.debug_info</name>
         <load_address>0x6293</load_address>
         <run_address>0x6293</run_address>
         <size>0x103</size>
         <input_file_ref idref="fl-5"/>
      </object_component>
      <object_component id="oc-42">
         <name>.debug_info</name>
         <load_address>0x6396</load_address>
         <run_address>0x6396</run_address>
         <size>0x11a</size>
         <input_file_ref idref="fl-5"/>
      </object_component>
      <object_component id="oc-49">
         <name>.debug_info</name>
         <load_address>0x64b0</load_address>
         <run_address>0x64b0</run_address>
         <size>0xfd</size>
         <input_file_ref idref="fl-5"/>
      </object_component>
      <object_component id="oc-50">
         <name>.debug_info</name>
         <load_address>0x65ad</load_address>
         <run_address>0x65ad</run_address>
         <size>0xfd</size>
         <input_file_ref idref="fl-5"/>
      </object_component>
      <object_component id="oc-55">
         <name>.debug_info</name>
         <load_address>0x66aa</load_address>
         <run_address>0x66aa</run_address>
         <size>0xff</size>
         <input_file_ref idref="fl-5"/>
      </object_component>
      <object_component id="oc-5c">
         <name>.debug_info</name>
         <load_address>0x67a9</load_address>
         <run_address>0x67a9</run_address>
         <size>0xff</size>
         <input_file_ref idref="fl-5"/>
      </object_component>
      <object_component id="oc-61">
         <name>.debug_info</name>
         <load_address>0x68a8</load_address>
         <run_address>0x68a8</run_address>
         <size>0xff</size>
         <input_file_ref idref="fl-5"/>
      </object_component>
      <object_component id="oc-68">
         <name>.debug_info</name>
         <load_address>0x69a7</load_address>
         <run_address>0x69a7</run_address>
         <size>0xff</size>
         <input_file_ref idref="fl-5"/>
      </object_component>
      <object_component id="oc-6d">
         <name>.debug_info</name>
         <load_address>0x6aa6</load_address>
         <run_address>0x6aa6</run_address>
         <size>0x11c</size>
         <input_file_ref idref="fl-5"/>
      </object_component>
      <object_component id="oc-35">
         <name>.debug_info</name>
         <load_address>0x6bc2</load_address>
         <run_address>0x6bc2</run_address>
         <size>0x108</size>
         <input_file_ref idref="fl-6"/>
      </object_component>
      <object_component id="oc-88">
         <name>.debug_info</name>
         <load_address>0x6cca</load_address>
         <run_address>0x6cca</run_address>
         <size>0x109</size>
         <input_file_ref idref="fl-6"/>
      </object_component>
      <object_component id="oc-1ca">
         <name>.debug_info</name>
         <load_address>0x6dd3</load_address>
         <run_address>0x6dd3</run_address>
         <size>0x153</size>
         <input_file_ref idref="fl-7"/>
      </object_component>
      <object_component id="oc-1bf">
         <name>.debug_info</name>
         <load_address>0x6f26</load_address>
         <run_address>0x6f26</run_address>
         <size>0x14b</size>
         <input_file_ref idref="fl-7"/>
      </object_component>
      <object_component id="oc-208">
         <name>.debug_info</name>
         <load_address>0x7071</load_address>
         <run_address>0x7071</run_address>
         <size>0x1ab</size>
         <input_file_ref idref="fl-7"/>
      </object_component>
      <object_component id="oc-20e">
         <name>.debug_info</name>
         <load_address>0x721c</load_address>
         <run_address>0x721c</run_address>
         <size>0x1ad</size>
         <input_file_ref idref="fl-7"/>
      </object_component>
      <object_component id="oc-1a5">
         <name>.debug_info</name>
         <load_address>0x73c9</load_address>
         <run_address>0x73c9</run_address>
         <size>0x17f</size>
         <input_file_ref idref="fl-7"/>
      </object_component>
      <object_component id="oc-18d">
         <name>.debug_info</name>
         <load_address>0x7548</load_address>
         <run_address>0x7548</run_address>
         <size>0x152</size>
         <input_file_ref idref="fl-7"/>
      </object_component>
      <object_component id="oc-156">
         <name>.debug_info</name>
         <load_address>0x769a</load_address>
         <run_address>0x769a</run_address>
         <size>0x225</size>
         <input_file_ref idref="fl-7"/>
      </object_component>
      <object_component id="oc-1c5">
         <name>.debug_info</name>
         <load_address>0x78bf</load_address>
         <run_address>0x78bf</run_address>
         <size>0x833</size>
         <input_file_ref idref="fl-7"/>
      </object_component>
      <object_component id="oc-19a">
         <name>.debug_info</name>
         <load_address>0x80f2</load_address>
         <run_address>0x80f2</run_address>
         <size>0x21f</size>
         <input_file_ref idref="fl-7"/>
      </object_component>
      <object_component id="oc-1b3">
         <name>.debug_info</name>
         <load_address>0x8311</load_address>
         <run_address>0x8311</run_address>
         <size>0x155</size>
         <input_file_ref idref="fl-7"/>
      </object_component>
      <object_component id="oc-29f">
         <name>.debug_info</name>
         <load_address>0x8466</load_address>
         <run_address>0x8466</run_address>
         <size>0x265</size>
         <input_file_ref idref="fl-11"/>
      </object_component>
      <object_component id="oc-cb">
         <name>.debug_info</name>
         <load_address>0x86cb</load_address>
         <run_address>0x86cb</run_address>
         <size>0x1fe</size>
         <input_file_ref idref="fl-13"/>
      </object_component>
      <object_component id="oc-c5">
         <name>.debug_info</name>
         <load_address>0x88c9</load_address>
         <run_address>0x88c9</run_address>
         <size>0x202</size>
         <input_file_ref idref="fl-13"/>
      </object_component>
      <object_component id="oc-1d2">
         <name>.debug_info</name>
         <load_address>0x8acb</load_address>
         <run_address>0x8acb</run_address>
         <size>0x21c</size>
         <input_file_ref idref="fl-13"/>
      </object_component>
      <object_component id="oc-1df">
         <name>.debug_info</name>
         <load_address>0x8ce7</load_address>
         <run_address>0x8ce7</run_address>
         <size>0x202</size>
         <input_file_ref idref="fl-13"/>
      </object_component>
      <object_component id="oc-1d8">
         <name>.debug_info</name>
         <load_address>0x8ee9</load_address>
         <run_address>0x8ee9</run_address>
         <size>0x1e8</size>
         <input_file_ref idref="fl-13"/>
      </object_component>
      <object_component id="oc-15c">
         <name>.debug_info</name>
         <load_address>0x90d1</load_address>
         <run_address>0x90d1</run_address>
         <size>0x20f</size>
         <input_file_ref idref="fl-13"/>
      </object_component>
      <object_component id="oc-163">
         <name>.debug_info</name>
         <load_address>0x92e0</load_address>
         <run_address>0x92e0</run_address>
         <size>0x20a</size>
         <input_file_ref idref="fl-13"/>
      </object_component>
      <object_component id="oc-9b">
         <name>.debug_info</name>
         <load_address>0x94ea</load_address>
         <run_address>0x94ea</run_address>
         <size>0x2b2</size>
         <input_file_ref idref="fl-13"/>
      </object_component>
      <object_component id="oc-26f">
         <name>.debug_info</name>
         <load_address>0x979c</load_address>
         <run_address>0x979c</run_address>
         <size>0x2aa</size>
         <input_file_ref idref="fl-14"/>
      </object_component>
      <object_component id="oc-250">
         <name>.debug_info</name>
         <load_address>0x9a46</load_address>
         <run_address>0x9a46</run_address>
         <size>0x283</size>
         <input_file_ref idref="fl-14"/>
      </object_component>
      <object_component id="oc-25c">
         <name>.debug_info</name>
         <load_address>0x9cc9</load_address>
         <run_address>0x9cc9</run_address>
         <size>0x276</size>
         <input_file_ref idref="fl-14"/>
      </object_component>
      <object_component id="oc-244">
         <name>.debug_info</name>
         <load_address>0x9f3f</load_address>
         <run_address>0x9f3f</run_address>
         <size>0x22a</size>
         <input_file_ref idref="fl-14"/>
      </object_component>
      <object_component id="oc-24a">
         <name>.debug_info</name>
         <load_address>0xa169</load_address>
         <run_address>0xa169</run_address>
         <size>0x247</size>
         <input_file_ref idref="fl-14"/>
      </object_component>
[...]
      <handler>
         <index>0x0</index>
         <name>__TI_decompress_lzss</name>
      </handler>
      <handler>
         <index>0x1</index>
         <name>__TI_decompress_none</name>
      </handler>
      <handler>
         <index>0x2</index>
         <name>__TI_zero_init</name>
      </handler>
   </handler_table>
   <symbol_table>
      <symbol id="sm-1">
         <name>CLA_SCRATCHPAD_SIZE</name>
         <value>0x100</value>
      </symbol>
      <symbol id="sm-2">
         <name>__TI_CINIT_Base</name>
         <value>0x140</value>
      </symbol>
      <symbol id="sm-3">
         <name>__TI_CINIT_Limit</name>
         <value>0x14c</value>
      </symbol>
      <symbol id="sm-4">
         <name>__TI_CINIT_Warm</name>
         <value>0x14c</value>
      </symbol>
      <symbol id="sm-5">
         <name>__TI_Handler_Table_Base</name>
         <value>0x130</value>
      </symbol>
      <symbol id="sm-6">
         <name>__TI_Handler_Table_Limit</name>
         <value>0x136</value>
      </symbol>
      <symbol id="sm-7">
         <name>__TI_STACK_SIZE</name>
         <value>0x3f8</value>
      </symbol>
      <symbol id="sm-8">
         <name>__TI_STACK_END</name>
         <value>0x7f8</value>
      </symbol>
      <symbol id="sm-9">
         <name>__TI_pprof_out_hndl</name>
         <value>0xffffffff</value>
      </symbol>
      <symbol id="sm-a">
         <name>__TI_prof_data_start</name>
         <value>0xffffffff</value>
      </symbol>
      <symbol id="sm-b">
         <name>__TI_prof_data_size</name>
         <value>0xffffffff</value>
      </symbol>
      <symbol id="sm-c4">
         <name>INTERRUPT_init</name>
         <value>0x11000</value>
         <object_component_ref idref="oc-3b"/>
      </symbol>
      <symbol id="sm-c5">
         <name>PinMux_init</name>
         <value>0x1163f</value>
         <object_component_ref idref="oc-1e2"/>
      </symbol>
      <symbol id="sm-c6">
         <name>Board_init</name>
         <value>0x115c4</value>
         <object_component_ref idref="oc-167"/>
      </symbol>
      <symbol id="sm-c7">
         <name>MEMCFG_init</name>
         <value>0xba06</value>
         <object_component_ref idref="oc-1ee"/>
      </symbol>
      <symbol id="sm-c8">
         <name>CLA_init</name>
         <value>0x11636</value>
         <object_component_ref idref="oc-1e8"/>
      </symbol>
      <symbol id="sm-c9">
         <name>myCLA0_init</name>
         <value>0xbf6c</value>
         <object_component_ref idref="oc-23c"/>
      </symbol>
      <symbol id="sm-1ef">
         <name>CounterRotatedRXZ</name>
         <value>0x8a60</value>
         <object_component_ref idref="oc-3a3"/>
      </symbol>
      <symbol id="sm-1f0">
         <name>AngleValue</name>
         <value>0x8a58</value>
         <object_component_ref idref="oc-371"/>
      </symbol>
      <symbol id="sm-1f1">
         <name>CalculateTransitions</name>
         <value>0x0</value>
         <object_component_ref idref="oc-336"/>
      </symbol>
      <symbol id="sm-1f2">
         <name>GenerateSpaceVectorRXZ</name>
         <value>0x4142</value>
         <object_component_ref idref="oc-318"/>
      </symbol>
      <symbol id="sm-1f3">
         <name>Segment</name>
         <value>0x8a5a</value>
         <object_component_ref idref="oc-371"/>
      </symbol>
      <symbol id="sm-1f4">
         <name>SpaceVector3Phase</name>
         <value>0x8a66</value>
         <object_component_ref idref="oc-378"/>
      </symbol>
      <symbol id="sm-1f5">
         <name>BiasIn</name>
         <value>0x8a56</value>
         <object_component_ref idref="oc-371"/>
      </symbol>
      <symbol id="sm-1f6">
         <name>DetectSegment</name>
         <value>0x34ae</value>
         <object_component_ref idref="oc-31e"/>
      </symbol>
      <symbol id="sm-1f7">
         <name>RotateSpaceVectorRXZ</name>
         <value>0x290e</value>
         <object_component_ref idref="oc-33c"/>
      </symbol>
      <symbol id="sm-1f8">
         <name>SpaceVectorDQZ</name>
         <value>0x8a6c</value>
         <object_component_ref idref="oc-36e"/>
      </symbol>
      <symbol id="sm-1f9">
         <name>Cla1Task2</name>
         <value>0x42f2</value>
         <object_component_ref idref="oc-2a3"/>
      </symbol>
      <symbol id="sm-1fa">
         <name>Cla1Task3</name>
         <value>0x42fa</value>
         <object_component_ref idref="oc-2a9"/>
      </symbol>
      <symbol id="sm-1fb">
         <name>Cla1Task1</name>
         <value>0x423e</value>
         <object_component_ref idref="oc-291"/>
      </symbol>
      <symbol id="sm-1fc">
         <name>Cla1Task6</name>
         <value>0x4312</value>
         <object_component_ref idref="oc-2bb"/>
      </symbol>
      <symbol id="sm-1fd">
         <name>Cla1Task7</name>
         <value>0x431a</value>
         <object_component_ref idref="oc-2c1"/>
      </symbol>
      <symbol id="sm-1fe">
         <name>Cla1Task4</name>
         <value>0x4302</value>
         <object_component_ref idref="oc-2af"/>
      </symbol>
      <symbol id="sm-1ff">
         <name>Cla1Task5</name>
         <value>0x430a</value>
         <object_component_ref idref="oc-2b5"/>
      </symbol>
      <symbol id="sm-200">
         <name>Cla1Task8</name>
         <value>0x4322</value>
         <object_component_ref idref="oc-2c7"/>
      </symbol>
      <symbol id="sm-201">
         <name>DetectRegion</name>
         <value>0x21c6</value>
         <object_component_ref idref="oc-32a"/>
      </symbol>
      <symbol id="sm-202">
         <name>SpaceVectorRXZ</name>
         <value>0x8a72</value>
         <object_component_ref idref="oc-374"/>
      </symbol>
      <symbol id="sm-203">
         <name>ConvertRXZtoThreePhase</name>
         <value>0x32d4</value>
         <object_component_ref idref="oc-39b"/>
      </symbol>
      <symbol id="sm-204">
         <name>SegmentID</name>
         <value>0x8a5e</value>
         <object_component_ref idref="oc-371"/>
      </symbol>
      <symbol id="sm-205">
         <name>CounterRotateSpaceVectorRXZ</name>
         <value>0xfba</value>
         <object_component_ref idref="oc-330"/>
      </symbol>
      <symbol id="sm-206">
         <name>RegionID</name>
         <value>0x8a5f</value>
         <object_component_ref idref="oc-371"/>
      </symbol>
      <symbol id="sm-207">
         <name>RotateRXZby30Degree</name>
         <value>0x3bdc</value>
         <object_component_ref idref="oc-324"/>
      </symbol>
      <symbol id="sm-208">
         <name>BiasOut</name>
         <value>0x8a54</value>
         <object_component_ref idref="oc-371"/>
      </symbol>
      <symbol id="sm-209">
         <name>Region</name>
         <value>0x8a5b</value>
         <object_component_ref idref="oc-371"/>
      </symbol>
      <symbol id="sm-20a">
         <name>WrDQZ</name>
         <value>0x8a5c</value>
         <object_component_ref idref="oc-371"/>
      </symbol>
      <symbol id="sm-20b">
         <name>SpaceVectorTransitionTime</name>
         <value>0x8a78</value>
         <object_component_ref idref="oc-3b7"/>
      </symbol>
      <symbol id="sm-20c">
         <name>TransitionThreshold</name>
         <value>0x8a7e</value>
         <object_component_ref idref="oc-3af"/>
      </symbol>
      <symbol id="sm-261">
         <name>main</name>
         <value>0x11576</value>
         <object_component_ref idref="oc-12d"/>
      </symbol>
      <symbol id="sm-262">
         <name>CLA_runTest</name>
         <value>0xbfff</value>
         <object_component_ref idref="oc-16d"/>
      </symbol>
      <symbol id="sm-263">
         <name>cla1Isr4</name>
         <value>0x1152c</value>
         <object_component_ref idref="oc-52"/>
      </symbol>
      <symbol id="sm-264">
         <name>cla1Isr5</name>
         <value>0x1153b</value>
         <object_component_ref idref="oc-58"/>
      </symbol>
      <symbol id="sm-265">
         <name>cla1Isr6</name>
         <value>0x1154a</value>
         <object_component_ref idref="oc-5e"/>
      </symbol>
      <symbol id="sm-266">
         <name>cla1Isr7</name>
         <value>0x11559</value>
         <object_component_ref idref="oc-64"/>
      </symbol>
      <symbol id="sm-267">
         <name>cla1Isr1</name>
         <value>0x111e7</value>
         <object_component_ref idref="oc-3a"/>
      </symbol>
      <symbol id="sm-268">
         <name>cla1Isr2</name>
         <value>0x1150e</value>
         <object_component_ref idref="oc-46"/>
      </symbol>
      <symbol id="sm-269">
         <name>cla1Isr3</name>
         <value>0x1151d</value>
         <object_component_ref idref="oc-4c"/>
      </symbol>
      <symbol id="sm-26a">
         <name>cla1Isr8</name>
         <value>0x11216</value>
         <object_component_ref idref="oc-6a"/>
      </symbol>
      <symbol id="sm-279">
         <name>code_start</name>
         <value>0x0</value>
         <object_component_ref idref="oc-34"/>
      </symbol>
      <symbol id="sm-2cd">
         <name>Device_enableAllPeripherals</name>
         <value>0xbc00</value>
         <object_component_ref idref="oc-1c3"/>
      </symbol>
      <symbol id="sm-2ce">
         <name>Example_Fail</name>
         <value>0x99b8</value>
         <object_component_ref idref="oc-1c9"/>
      </symbol>
      <symbol id="sm-2cf">
         <name>Device_init</name>
         <value>0x110fa</value>
         <object_component_ref idref="oc-155"/>
      </symbol>
      <symbol id="sm-2d0">
         <name>Example_Result</name>
         <value>0x99b4</value>
         <object_component_ref idref="oc-1c9"/>
      </symbol>
      <symbol id="sm-2d1">
         <name>__error__</name>
         <value>0x11629</value>
         <object_component_ref idref="oc-1b1"/>
      </symbol>
      <symbol id="sm-2d2">
         <name>Device_configureTMXAnalogTrim</name>
         <value>0xbfce</value>
         <object_component_ref idref="oc-198"/>
      </symbol>
      <symbol id="sm-2d3">
         <name>Example_PassCount</name>
         <value>0x99b6</value>
         <object_component_ref idref="oc-1c9"/>
      </symbol>
      <symbol id="sm-2e2">
         <name>CLA_setTriggerSource</name>
         <value>0x112c7</value>
         <object_component_ref idref="oc-29d"/>
      </symbol>
      <symbol id="sm-335">
         <name>Interrupt_initModule</name>
         <value>0x1113c</value>
         <object_component_ref idref="oc-15b"/>
      </symbol>
      <symbol id="sm-336">
         <name>Interrupt_enable</name>
         <value>0x11179</value>
         <object_component_ref idref="oc-99"/>
      </symbol>
      <symbol id="sm-337">
         <name>Interrupt_initVectorTable</name>
         <value>0x11377</value>
         <object_component_ref idref="oc-161"/>
      </symbol>
      <symbol id="sm-385">
         <name>MemCfg_initSections</name>
         <value>0xbe88</value>
         <object_component_ref idref="oc-243"/>
      </symbol>
      <symbol id="sm-386">
         <name>MemCfg_setGSRAMMasterSel</name>
         <value>0x112ed</value>
         <object_component_ref idref="oc-25b"/>
      </symbol>
      <symbol id="sm-387">
         <name>MemCfg_setLSRAMMasterSel</name>
         <value>0x111b0</value>
         <object_component_ref idref="oc-24f"/>
      </symbol>
      <symbol id="sm-388">
         <name>MemCfg_setProtection</name>
         <value>0xbceb</value>
         <object_component_ref idref="oc-26d"/>
      </symbol>
      <symbol id="sm-389">
         <name>MemCfg_getInitStatus</name>
         <value>0xbb67</value>
         <object_component_ref idref="oc-249"/>
      </symbol>
      <symbol id="sm-462">
         <name>SysCtl_delay</name>
         <value>0x123</value>
         <object_component_ref idref="oc-220"/>
      </symbol>
      <symbol id="sm-463">
         <name>SysCtl_getDeviceParametric</name>
         <value>0xbf04</value>
         <object_component_ref idref="oc-192"/>
      </symbol>
      <symbol id="sm-464">
         <name>SysCtl_selectXTAL</name>
         <value>0xbd76</value>
         <object_component_ref idref="oc-288"/>
      </symbol>
      <symbol id="sm-465">
         <name>SysCtl_selectOscSource</name>
         <value>0x110b2</value>
         <object_component_ref idref="oc-21a"/>
      </symbol>
      <symbol id="sm-466">
         <name>SysCtl_getLowSpeedClock</name>
         <value>0x113cc</value>
         <object_component_ref idref="oc-1b7"/>
      </symbol>
      <symbol id="sm-467">
         <name>SysCtl_setClock</name>
         <value>0xb800</value>
         <object_component_ref idref="oc-19e"/>
      </symbol>
      <symbol id="sm-468">
         <name>SysCtl_getClock</name>
         <value>0x11061</value>
         <object_component_ref idref="oc-1aa"/>
      </symbol>
      <symbol id="sm-49a">
         <name>__cla__claabi_addd_sp</name>
         <value>0x883e</value>
         <object_component_ref idref="oc-38b"/>
      </symbol>
      <symbol id="sm-49b">
         <name>__claabi_addd</name>
         <value>0x1a56</value>
         <object_component_ref idref="oc-38f"/>
      </symbol>
      <symbol id="sm-4c1">
         <name>__claabi_mpyd</name>
         <value>0x2ee8</value>
         <object_component_ref idref="oc-388"/>
      </symbol>
      <symbol id="sm-4c2">
         <name>__cla__claabi_mpyd_sp</name>
         <value>0x883e</value>
         <object_component_ref idref="oc-384"/>
      </symbol>
      <symbol id="sm-4d1">
         <name>__cla__claabi_subd_sp</name>
         <value>0x887a</value>
         <object_component_ref idref="oc-3a8"/>
      </symbol>
      <symbol id="sm-4d2">
         <name>__claabi_subd</name>
         <value>0x4286</value>
         <object_component_ref idref="oc-3a9"/>
      </symbol>
      <symbol id="sm-4e9">
         <name>__claabi_cvtfd</name>
         <value>0x40b0</value>
         <object_component_ref idref="oc-37e"/>
      </symbol>
      <symbol id="sm-4f9">
         <name>__TI_frcmpyd</name>
         <value>0x3800</value>
         <object_component_ref idref="oc-3df"/>
      </symbol>
      <symbol id="sm-4fa">
         <name>__cla__TI_frcmpyd_sp</name>
         <value>0x887c</value>
         <object_component_ref idref="oc-3db"/>
      </symbol>
      <symbol id="sm-510">
         <name>__claabi_cvtdf</name>
         <value>0x3fee</value>
         <object_component_ref idref="oc-392"/>
      </symbol>
      <symbol id="sm-51a">
         <name>_c_int00</name>
         <value>0x1142c</value>
         <object_component_ref idref="oc-bb"/>
      </symbol>
      <symbol id="sm-51b">
         <name>__stack</name>
         <value>0x400</value>
         <object_component_ref idref="oc-70"/>
      </symbol>
      <symbol id="sm-528">
         <name>__c28xabi_divf</name>
         <value>0xbe00</value>
         <object_component_ref idref="oc-227"/>
      </symbol>
      <symbol id="sm-535">
         <name>_system_pre_init</name>
         <value>0x1163d</value>
         <object_component_ref idref="oc-df"/>
      </symbol>
      <symbol id="sm-544">
         <name>__TI_auto_init_nobinit_nopinit</name>
         <value>0x11273</value>
         <object_component_ref idref="oc-fd"/>
      </symbol>
      <symbol id="sm-553">
         <name>__TI_zero_init_nomemset</name>
         <value>0x115ab</value>
         <object_component_ref idref="oc-7b"/>
      </symbol>
      <symbol id="sm-560">
         <name>__TI_decompress_none</name>
         <value>0x1161a</value>
         <object_component_ref idref="oc-2d"/>
      </symbol>
      <symbol id="sm-574">
         <name>__TI_decompress_lzss</name>
         <value>0x11245</value>
         <object_component_ref idref="oc-27"/>
      </symbol>
      <symbol id="sm-58a">
         <name>C$$EXIT</name>
         <value>0x1129e</value>
         <object_component_ref idref="oc-ec"/>
      </symbol>
      <symbol id="sm-58b">
         <name>abort</name>
         <value>0x1129e</value>
         <object_component_ref idref="oc-ec"/>
      </symbol>
      <symbol id="sm-58c">
         <name>exit</name>
         <value>0x112a0</value>
         <object_component_ref idref="oc-ec"/>
      </symbol>
      <symbol id="sm-58d">
         <name>__TI_dtors_ptr</name>
         <value>0x99be</value>
         <object_component_ref idref="oc-135"/>
      </symbol>
      <symbol id="sm-58e">
         <name>__TI_cleanup_ptr</name>
         <value>0x99bc</value>
         <object_component_ref idref="oc-135"/>
      </symbol>
      <symbol id="sm-58f">
         <name>__TI_enable_exit_profile_output</name>
         <value>0x99ba</value>
         <object_component_ref idref="oc-135"/>
      </symbol>
      <symbol id="sm-5a6">
         <name>_nop</name>
         <value>0x11611</value>
         <object_component_ref idref="oc-179"/>
      </symbol>
      <symbol id="sm-5a7">
         <name>_lock</name>
         <value>0x99c0</value>
         <object_component_ref idref="oc-138"/>
      </symbol>
      <symbol id="sm-5a8">
         <name>_unlock</name>
         <value>0x99c2</value>
         <object_component_ref idref="oc-1f6"/>
      </symbol>
      <symbol id="sm-5a9">
         <name>_register_lock</name>
         <value>0x1160d</value>
         <object_component_ref idref="oc-179"/>
      </symbol>
      <symbol id="sm-5aa">
         <name>_register_unlock</name>
         <value>0x11609</value>
         <object_component_ref idref="oc-179"/>
      </symbol>
      <symbol id="sm-5b9">
         <name>_args_main</name>
         <value>0x115b8</value>
         <object_component_ref idref="oc-e6"/>
      </symbol>
      <symbol id="sm-5cb">
         <name>__claabi_addll</name>
         <value>0x41d0</value>
         <object_component_ref idref="oc-3f0"/>
      </symbol>
      <symbol id="sm-5cc">
         <name>__cla__claabi_addll_sp</name>
         <value>0x8896</value>
         <object_component_ref idref="oc-3ef"/>
      </symbol>
      <symbol id="sm-5e4">
         <name>__claabi_mpyll</name>
         <value>0x366c</value>
         <object_component_ref idref="oc-427"/>
      </symbol>
      <symbol id="sm-5e5">
         <name>__cla__claabi_mpyll_sp</name>
         <value>0x885e</value>
         <object_component_ref idref="oc-423"/>
      </symbol>
      <symbol id="sm-600">
         <name>__claabi_asrll</name>
         <value>0x3ab2</value>
         <object_component_ref idref="oc-3f9"/>
      </symbol>
      <symbol id="sm-61a">
         <name>__claabi_lslll</name>
         <value>0x3ce4</value>
         <object_component_ref idref="oc-3d5"/>
      </symbol>
      <symbol id="sm-633">
         <name>__claabi_lsrll</name>
         <value>0x3eec</value>
         <object_component_ref idref="oc-3e9"/>
      </symbol>
      <symbol id="sm-65a">
         <name>__cla__claabi_cmpull_sp</name>
         <value>0x88a4</value>
         <object_component_ref idref="oc-3e2"/>
      </symbol>
      <symbol id="sm-65b">
         <name>__claabi_cmpull</name>
         <value>0x3982</value>
         <object_component_ref idref="oc-3e6"/>
      </symbol>
      <symbol id="sm-65c">
         <name>__cla__claabi_cmplli_sp</name>
         <value>0x886a</value>
         <object_component_ref idref="oc-3ff"/>
      </symbol>
      <symbol id="sm-65d">
         <name>__claabi_cmplli</name>
         <value>0x3dea</value>
         <object_component_ref idref="oc-403"/>
      </symbol>
      <symbol id="sm-670">
         <name>memcpy</name>
         <value>0x11395</value>
         <object_component_ref idref="oc-73"/>
      </symbol>
      <symbol id="sm-67d">
         <name>_system_post_cinit</name>
         <value>0x11640</value>
         <object_component_ref idref="oc-140"/>
      </symbol>
      <symbol id="sm-68f">
         <name>__claabi_memset</name>
         <value>0x42c0</value>
         <object_component_ref idref="oc-446"/>
      </symbol>
      <symbol id="sm-691">
         <name>__c_args__</name>
         <value>0x0</value>
      </symbol>
   </symbol_table>
   <title>Link errors: red sections failed placement,available memory ranges in purple</title>
</link_info>
